==============================================================================
CERTIFICATION DU GEL M6
==============================================================================
  fichier            : m6_porteurs_v1.py
  bloc portes        : 178 lignes, ASCII pur : True
  sha256 bloc        : 048900d8dfaa64a060f16187bff339e6794ff7cde79fea5587e21cad1023bb0a
  sha256 bloc attendu: 048900d8dfaa64a060f16187bff339e6794ff7cde79fea5587e21cad1023bb0a
  sha256 fichier     : c92e67de4710aa703e46b73cd6d0ebd685bb0b6f8ca8b84645e02cb5de1550c7
  VERDICT            : GEL CONFORME

==============================================================================
G3 -- IDENTITE DE FORCE (somme des monomes vs forme fermee)
     mesure = erreur BACKWARD (ecart / echelle des termes sommes),
     la somme explicite etant mal conditionnee pres de x1+x2 = 0.
==============================================================================
  p=3  full       (0 monome(s) ablate(s))  erreur backward max = 3.743e-16
  p=3  abl_res    (1 monome(s) ablate(s))  erreur backward max = 3.915e-14
  p=3  abl_ctrl   (1 monome(s) ablate(s))  erreur backward max = 1.216e-13
  p=3  abl_mono1  (1 monome(s) ablate(s))  erreur backward max = 4.381e-14
  p=3  abl_mono2  (1 monome(s) ablate(s))  erreur backward max = 2.857e-14
  p=4  full       (0 monome(s) ablate(s))  erreur backward max = 4.142e-16
  p=4  abl_mono1  (1 monome(s) ablate(s))  erreur backward max = 1.362e-14
  p=4  abl_mono2  (1 monome(s) ablate(s))  erreur backward max = 3.803e-15
  p=5  full       (0 monome(s) ablate(s))  erreur backward max = 4.104e-16
  p=5  abl_res    (2 monome(s) ablate(s))  erreur backward max = 2.761e-15
  p=5  abl_ctrl   (2 monome(s) ablate(s))  erreur backward max = 1.326e-15
  p=5  abl_mono1  (1 monome(s) ablate(s))  erreur backward max = 1.636e-14
  p=5  abl_mono2  (1 monome(s) ablate(s))  erreur backward max = 3.005e-14
  p=6  full       (0 monome(s) ablate(s))  erreur backward max = 5.721e-16
  p=6  abl_mono1  (1 monome(s) ablate(s))  erreur backward max = 3.686e-15
  p=6  abl_mono2  (1 monome(s) ablate(s))  erreur backward max = 1.708e-15
  p=7  full       (0 monome(s) ablate(s))  erreur backward max = 3.497e-16
  p=7  abl_res    (3 monome(s) ablate(s))  erreur backward max = 3.001e-15
  p=7  abl_ctrl   (3 monome(s) ablate(s))  erreur backward max = 2.133e-15
  p=7  abl_mono1  (1 monome(s) ablate(s))  erreur backward max = 2.541e-14
  p=7  abl_mono2  (1 monome(s) ablate(s))  erreur backward max = 1.340e-15
  pire erreur backward globale : 1.216e-13   (tolerance 1e-12)
  VERDICT : G3 PASSE

==============================================================================
G5 -- CONTROLE POSITIF EN LECTURE SEULE (m5_results.json)
==============================================================================
  source : out\m5_results.json
  s*(p=3) sur [1.9, 1.95, 2.0, 2.05, 2.1] :
    1.92  1.114  0.5243  3.247  33.82
  minimum local strict a w2=2.00 : OUI
  VERDICT : G5 PASSE

==============================================================================
PROGRAMME : 28 recherches
==============================================================================
  [ 1/28] A|p4|w1.9000|full|sgn+1|g0.0500            s* = 2.39973      ( 11.1 s)
  [ 2/28] A|p4|w1.9500|full|sgn+1|g0.0500            s* = 2.51735      ( 11.1 s)
  [ 3/28] A|p4|w2.0000|full|sgn+1|g0.0500            s* = 2.60187      ( 11.1 s)
  [ 4/28] A|p4|w2.0500|full|sgn+1|g0.0500            s* = 2.68171      ( 11.1 s)
  [ 5/28] A|p4|w2.1000|full|sgn+1|g0.0500            s* = 2.75453      ( 11.0 s)
  [ 6/28] A|p6|w1.9000|full|sgn+1|g0.0500            s* = 0.940299     ( 11.0 s)
  [ 7/28] A|p6|w1.9500|full|sgn+1|g0.0500            s* = 0.968445     ( 11.1 s)
  [ 8/28] A|p6|w2.0000|full|sgn+1|g0.0500            s* = 1.01429      ( 11.2 s)
  [ 9/28] A|p6|w2.0500|full|sgn+1|g0.0500            s* = 1.03139      ( 11.9 s)
  [10/28] A|p6|w2.1000|full|sgn+1|g0.0500            s* = 1.10222      ( 11.5 s)
  [11/28] A|p7|w1.9000|full|sgn+1|g0.0500            s* = 0.514457     ( 11.2 s)
  [12/28] A|p7|w1.9500|full|sgn+1|g0.0500            s* = 0.474001     ( 11.5 s)
  [13/28] A|p7|w2.0000|full|sgn+1|g0.0500            s* = 0.392268     ( 11.4 s)
  [14/28] A|p7|w2.0500|full|sgn+1|g0.0500            s* = 0.655645     ( 11.1 s)
  [15/28] A|p7|w2.1000|full|sgn+1|g0.0500            s* = 0.797971     ( 12.1 s)
  [16/28] B|p4|w2.0000|abl_mono1|sgn+1|g0.0500       s* = 3.46832      ( 17.1 s)
  [17/28] B|p4|w2.0000|abl_mono2|sgn+1|g0.0500       s* = 2.45538      ( 16.9 s)
  [18/28] B|p5|w2.0000|abl_mono1|sgn+1|g0.0500       s* = 0.663247     ( 18.1 s)
  [19/28] B|p5|w2.0000|abl_mono2|sgn+1|g0.0500       s* = 0.374203     ( 17.7 s)
  [20/28] B|p6|w2.0000|abl_mono1|sgn+1|g0.0500       s* = 1.17154      ( 17.5 s)
  [21/28] B|p6|w2.0000|abl_mono2|sgn+1|g0.0500       s* = 1.00709      ( 17.6 s)
  [22/28] B|p7|w2.0000|abl_mono1|sgn+1|g0.0500       s* = 0.45942      ( 17.6 s)
  [23/28] B|p7|w2.0000|abl_mono2|sgn+1|g0.0500       s* = 0.391885     ( 17.7 s)
  [24/28] C|p4|w2.0000|full|sgn+1|g0.1000            s* = 1.83582      ( 11.8 s)
  [25/28] C|p6|w2.0000|full|sgn+1|g0.1000            s* = 0.852915     ( 11.8 s)
  [26/28] E|p4|w2.0000|full|sgn-1|g0.0500            s* = 2.60187      ( 11.7 s)
  [27/28] E|p6|w2.0000|full|sgn-1|g0.0500            s* = 1.01429      ( 12.0 s)
  [28/28] E|p7|w2.0000|full|sgn-1|g0.0500            s* = 0.391838     ( 12.0 s)

==============================================================================
RESULTATS M6 -- PORTES APPLIQUEES MECANIQUEMENT
==============================================================================

-- Seuils mesures (s*) --
   A|p4|w1.9000|full|sgn+1|g0.0500            s* = 2.39973       [OK|pas_final=6.033e-07]
   A|p4|w1.9500|full|sgn+1|g0.0500            s* = 2.51735       [OK|pas_final=6.033e-07]
   A|p4|w2.0000|full|sgn+1|g0.0500            s* = 2.60187       [OK|pas_final=6.033e-07]
   A|p4|w2.0500|full|sgn+1|g0.0500            s* = 2.68171       [OK|pas_final=6.033e-07]
   A|p4|w2.1000|full|sgn+1|g0.0500            s* = 2.75453       [OK|pas_final=6.033e-07]
   A|p6|w1.9000|full|sgn+1|g0.0500            s* = 0.940299      [OK|pas_final=6.033e-07]
   A|p6|w1.9500|full|sgn+1|g0.0500            s* = 0.968445      [OK|pas_final=6.033e-07]
   A|p6|w2.0000|full|sgn+1|g0.0500            s* = 1.01429       [OK|pas_final=6.033e-07]
   A|p6|w2.0500|full|sgn+1|g0.0500            s* = 1.03139       [OK|pas_final=6.033e-07]
   A|p6|w2.1000|full|sgn+1|g0.0500            s* = 1.10222       [OK|pas_final=6.033e-07]
   A|p7|w1.9000|full|sgn+1|g0.0500            s* = 0.514457      [OK|pas_final=6.033e-07]
   A|p7|w1.9500|full|sgn+1|g0.0500            s* = 0.474001      [OK|pas_final=6.033e-07]
   A|p7|w2.0000|full|sgn+1|g0.0500            s* = 0.392268      [OK|pas_final=6.033e-07]
   A|p7|w2.0500|full|sgn+1|g0.0500            s* = 0.655645      [OK|pas_final=6.033e-07]
   A|p7|w2.1000|full|sgn+1|g0.0500            s* = 0.797971      [OK|pas_final=6.033e-07]
   B|p4|w2.0000|abl_mono1|sgn+1|g0.0500       s* = 3.46832       [OK|pas_final=6.033e-07]
   B|p4|w2.0000|abl_mono2|sgn+1|g0.0500       s* = 2.45538       [OK|pas_final=6.033e-07]
   B|p5|w2.0000|abl_mono1|sgn+1|g0.0500       s* = 0.663247      [OK|pas_final=6.033e-07]
   B|p5|w2.0000|abl_mono2|sgn+1|g0.0500       s* = 0.374203      [OK|pas_final=6.033e-07]
   B|p6|w2.0000|abl_mono1|sgn+1|g0.0500       s* = 1.17154       [OK|pas_final=6.033e-07]
   B|p6|w2.0000|abl_mono2|sgn+1|g0.0500       s* = 1.00709       [OK|pas_final=6.033e-07]
   B|p7|w2.0000|abl_mono1|sgn+1|g0.0500       s* = 0.45942       [OK|pas_final=6.033e-07]
   B|p7|w2.0000|abl_mono2|sgn+1|g0.0500       s* = 0.391885      [OK|pas_final=6.033e-07]
   C|p4|w2.0000|full|sgn+1|g0.1000            s* = 1.83582       [OK|pas_final=6.033e-07]
   C|p6|w2.0000|full|sgn+1|g0.1000            s* = 0.852915      [OK|pas_final=6.033e-07]
   E|p4|w2.0000|full|sgn-1|g0.0500            s* = 2.60187       [OK|pas_final=6.033e-07]
   E|p6|w2.0000|full|sgn-1|g0.0500            s* = 1.01429       [OK|pas_final=6.033e-07]
   E|p7|w2.0000|full|sgn-1|g0.0500            s* = 0.391838      [OK|pas_final=6.033e-07]

-- Profondeur par detuning : D(p,d) = sqrt(s*(2-d) s*(2+d)) / s*(2) --
   references gelees : D(3,0.10) = 15.369   D(5,0.10) = 2.229
   p=4 :  D(0.05) = 0.9986      D(0.10) = 0.9881
   p=6 :  D(0.05) = 0.9853      D(0.10) = 1.0037
   p=7 :  D(0.05) = 1.4212      D(0.10) = 1.6334

-- Chirurgie mono-monome : Q1(p) = s*_abl(x1^(p-1)x2) / s*_abl(x1 x2^(p-1)) --
   Q1(4) = 1.4125
   Q1(5) = 1.7724
   Q1(6) = 1.1633
   Q1(7) = 1.1723

==============================================================================
PORTES
==============================================================================
P-M6a  null structurel (p=4 et p=6, seuils 1.25 / 1.75)
       D(4,0.10) -> CONFIRME   D(6,0.10) -> CONFIRME
       VERDICT : LOI DES PORTEURS CONFIRMEE cote null
       resolution declaree : aveugle sous une demi-largeur de 0.05 en w2.
P-M6b  decroissance avec p (D(7,0.10) vs 2.229 ; refutation a 3.34)
       VERDICT : DECROISSANCE CONFIRMEE
P-M6b' sous-branche non cochee
P-M6c  calibration nulle de Q (seuils 1.3 / 2.0)
       Q1(4) -> NON CONCLUANT   Q1(6) -> CONFIRME
       VERDICT : LIMITE -- correction a appliquer et documenter
P-M6d  echelle inter-degres : Q1(7) vs Q1(5) -> coherent avec P-M6b

Prediction conditionnelle GELEE (non testee ici) :
   D(7,0.10) < D(5,0.10) -> H-PROFONDEUR predit rho(T,K7) > 0.

==============================================================================
GARDES
==============================================================================
   G1 p=4 : s*_M1 = min(2.6019, 2.6019) = 2.6019 vs ancre 2.5960, ecart 0.23% -> PASSE
      asymetrie r = s*(+1)/s*(-1) = 1.0000  [LOGUEE, aucune porte dessus]
   G1 p=6 : s*_M1 = min(1.0143, 1.0143) = 1.0143 vs ancre 1.0147, ecart 0.04% -> PASSE
      asymetrie r = s*(+1)/s*(-1) = 1.0000  [LOGUEE, aucune porte dessus]
   G1 p=7 : aucune ancre independante -> NON BLOQUANT, code B seul.
      asymetrie r = s*(+1)/s*(-1) = 1.0011  [LOGUEE, aucune porte dessus]
   G2 p=4 : K(g) = 0.338486  K(2g) = 0.337022  ecart 0.43% -> PASSE
   G2 p=6 : K(g) = 0.0529203  K(2g) = 0.0529203  ecart 0.00% -> PASSE
   G4 pas de temps sur B|p4|w2.0000|abl_mono1|sgn+1|g0.0500 : s*(dt) = 3.46832  s*(dt/2) = 3.47892  ecart 0.31% -> PASSE

Ecrit : out\m6_results.json
sha256 du JSON : 99674ad73910c3693254404d9cd94b38803fa4098d4028bee5419c1ec99441e4
