========================================================================================
SON RUN SANS X86_V4 CONTRE MON REJEU -- l'annonce est 44/44
========================================================================================
      son poste : python 3.12.3 ; numpy 2.4.4 ; Linux-6.18.44-fc-v32-x86_64-with-glibc2.39
      le mien   : python 3.11.9 ; numpy 2.2.6 ; Windows-10-10.0.26200-SP0

[1] LES 44 GRANDEURS DE FLOT (11 par pas)
      dt2/1    les 11 AU BIT
      dt2/2    les 11 AU BIT
      dt2/4    les 11 AU BIT
      dt2/8    les 11 AU BIT
      => 44 / 44 au bit  -- son annonce : 44/44

[2] LE CONTRASTE, DANS LA MEME SORTIE : SON RUN NOYAU ACTIF CONTRE LE MIEN
      dt2/1    e : differe 4.16e-03
      dt2/2    e : differe 9.89e-02
      dt2/4    e : differe 3.60e-02
      dt2/8    e : AU BIT

[3] e/seuil A LA PAIRE DU GEL -- LA GRANDEUR DU GESTE
      son noyau ACTIF        0.7592658962220475
      son noyau DESACTIVE    0.6841917055569781
      moi (BOCAL4)           0.6841917055569781

[4] CE QUI DIFFERE ENCORE, SANS LE NOYAU -- ET QU'ELLE A NOMME ELLE-MEME
      paire 1 : p_obs 2.108349686957736 contre 2.1083496869577365
                 -- sur des e IDENTIQUES : un ulp de log2, glibc contre
                    UCRT (sa section 4.6). Grandeur de LECTURE.
========================================================================================
