
1. LE PLANCHER VA-T-IL EN 1/delta ? -- forme fermee contre R MESURE
  [PASSE] R mesure == forme fermee aux 9 points (ecart max 7.3 tau_CAP ~ sqrt(delta) -> R ~ 1/delta : l echelle est ETABLIE

2. L'ERREUR e EST-ELLE INVARIANTE EN delta ? -- deux runs, x1024
  [PASSE] e(delta')/e(delta_0) dans [0.9367, 1.1625] pour delt e est INVARIANTE ; la dispersion fixe la marge
  [PASSE] donc ratio = e/(C x plancher) est PROPORTIONNEL a de 

3. BORNE SUPERIEURE -- volet A (exacte, aucune extrapolation)
   m=1 : delta <= 3.457293e-05   (portee par p=5)
   m=2 : delta <= 1.728646e-05   (portee par p=5)
   m=3 : delta <= 1.152431e-05   (portee par p=5)

4. BORNE INFERIEURE -- volet T (trois lectures, la plus dure retenue)
   machine 1 (ses ratios)             delta >= 1.286644e-05  (x1.318)  porte par 7|1.73
   machine 2 (mes ratios)             delta >= 1.427723e-05  (x1.462)  porte par 7|1.73
   CONSERVATRICE (e = min des deux)   delta >= 1.659726e-05  (x1.700)  porte par 7|1.73
  [PASSE] la borne est portee par le MEME point dans les trois 7|1.73

5. LA CARTE -- pour quelles marges la fenetre existe-t-elle ?
   m  = marge volet A (plancher <= disp/m) ; kT = marge volet T (ratio >= kT)
   D-t-25 a MESURE b = 1.15 a 1.74 x plancher_comp : le critere est
   une CONDITION NECESSAIRE, donc kT = 1 est le cas le plus permissif.

   kT    |      m=1       m=2       m=3
   1.00  |    x2.08     x1.04      VIDE
   1.15  |    x1.81      VIDE      VIDE
   1.30  |    x1.60      VIDE      VIDE
   1.50  |    x1.39      VIDE      VIDE
   1.74  |    x1.20      VIDE      VIDE

6. CE QUI DECIDE LA BORNE -- et sa fragilite
  [PASSE] le point porteur 7|1.73 differe de 11.0 % entre nos  c est le SEUL point non bit-reproductible de la campagne
  [PASSE] la fenetre a m=2, kT=1 vaut x1.04 -- comparable a ce l incertitude est de l ordre de la fenetre qu elle doit trancher

=====================================================================
BILAN : 6/6 controles PASSENT
borne inf (conservatrice) 1.6597e-05   borne sup (m=2) 1.7286e-05
=====================================================================
