[09:12:40Z] CANON        instrument v8 4d8882a2223a5c74 authentifie
[09:12:40Z] CANON        temoin v11 a2e7ef3e237c5acf authentifie
[09:12:40Z] CANON        JSON recu c8d86e5e5b4fd745 = JSON du geste, machine 1 (lot 2b155abffbe4f6ff) -- authentifie ; etiquettes : 'ce poste' = l'instrument joue ici, 'JSON recu' = ce fichier
[09:12:40Z] IMPORT       instrument banc_qualification_machine1_v8 importe en lecture ; moteur NON charge (T-2 ne l'appelle pas) ; e du JSON recu : ['1.0525430201660647e-06', '8.86239533298418e-08', '1.9211667599036427e-08', '1.6530853961382515e-08']
[09:12:40Z] PLATEFORME   python 3.11.9 ; numpy 2.2.6 ; Windows-10-10.0.26200-SP0 ; (cpuinfo non lu) ; NPY_DISABLE_CPU_FEATURES='' ; TEMOIN (1765.6704444885254)**6 : tableau numpy 0x1.a483018a169c6p+64, pow Python 0x1.a483018a169c6p+64 -> CR
[09:12:40Z] CELLULE      p=7 w2=1.73 a=0.8 A=3.142438761846983 tau0=0.003127777135108456 tau_CAP=0.00015638885675542283 dt2=7.819442837771142e-06 ; exposants K1 6, K2 -2.8 et -0.8, K3 -0.8
[09:12:40Z] A_de         A = 306.432 ** 0.2 par libm : 0x1.923b6eefe8632p+1 ; CR : 0x1.923b6eefe8632p+1 ; IDENTIQUES
[09:12:41Z] FLOT-dt2     n_pas=380 e_poste=1.0481615698622637e-06 e_jumeau=1.0481615698622637e-06 (egal True) fidele=True ; e_json_recu=1.0525430201660647e-06 ; ecart au bord (JSON recu - poste) = +1.000 ulp(x1) ; x1_fin=0x1.7f49d9cc1e939p+36 ulp=1.526e-05
[09:12:41Z] APPELS-dt2   K1 1520 (numpy != python sur 0) ; K2 3040 ; K3 381 ; CAS DURS ici : K1 0, K2 2, K3 0
[09:12:41Z] JUMEAU-CR-dt2 K1 CR seul : e=1.0481615698622637e-06 (egal poste True, egal JSON recu False, premier pas None, x_fin +0.0 ulp) ; tout CR : e=1.0481615698622637e-06 / xm numpy 1.0481615698622637e-06 (egal poste True, egal JSON recu False, premier pas None, x_fin +0.0 ulp)
[09:12:43Z] FLOT-dt2/2   n_pas=760 e_poste=7.986105272223979e-08 e_jumeau=7.986105272223979e-08 (egal True) fidele=True ; e_json_recu=8.86239533298418e-08 ; ecart au bord (JSON recu - poste) = +2.000 ulp(x1) ; x1_fin=0x1.7f4a422375503p+36 ulp=1.526e-05
[09:12:43Z] APPELS-dt2/2 K1 3040 (numpy != python sur 0) ; K2 6080 ; K3 761 ; CAS DURS ici : K1 0, K2 1, K3 0
[09:12:43Z] JUMEAU-CR-dt2/2 K1 CR seul : e=7.986105272223979e-08 (egal poste True, egal JSON recu False, premier pas None, x_fin +0.0 ulp) ; tout CR : e=7.986105272223979e-08 / xm numpy 7.986105272223979e-08 (egal poste True, egal JSON recu False, premier pas None, x_fin +0.0 ulp)
[09:12:46Z] FLOT-dt2/4   n_pas=1520 e_poste=1.8520748469025595e-08 e_jumeau=1.8520748469025595e-08 (egal True) fidele=True ; e_json_recu=1.9211667599036427e-08 ; ecart au bord (JSON recu - poste) = -2.000 ulp(x1) ; x1_fin=0x1.7f4a484924d8bp+36 ulp=1.526e-05
[09:12:46Z] APPELS-dt2/4 K1 6080 (numpy != python sur 0) ; K2 12160 ; K3 1521 ; CAS DURS ici : K1 4, K2 1, K3 0
[09:12:46Z] K1-DUR-dt2/4 appel 1020 pas 255 etage 4 x=0x1.6c3f4f1140000p+8 libm=0x1.0983b5f48e712p+51 cr=0x1.0983b5f48e713p+51 (libm - cr = -1.0 ulp)
[09:12:46Z] K1-DUR-dt2/4 appel 1543 pas 386 etage 3 x=0x1.8b3c5944a0000p+8 libm=0x1.b15bcd97e43b6p+51 cr=0x1.b15bcd97e43b7p+51 (libm - cr = -1.0 ulp)
[09:12:46Z] K1-DUR-dt2/4 appel 2080 pas 520 etage 4 x=0x1.b225365cc0000p+8 libm=0x1.7c9e9fcd360e9p+52 cr=0x1.7c9e9fcd360e8p+52 (libm - cr = +1.0 ulp)
[09:12:46Z] K1-DUR-dt2/4 appel 2961 pas 741 etage 1 x=0x1.04766e8c60000p+9 libm=0x1.1bf859d134f80p+54 cr=0x1.1bf859d134f7fp+54 (libm - cr = +1.0 ulp)
[09:12:46Z] EFFET-dt2/4  cas dur K1 appel 1020 (pas 255) corrige seul : premier pas qui differe None, x_fin deplace de +0.0 ulp(x1) -> ABSORBE
[09:12:46Z] EFFET-dt2/4  cas dur K1 appel 1543 (pas 386) corrige seul : premier pas qui differe None, x_fin deplace de +0.0 ulp(x1) -> ABSORBE
[09:12:46Z] EFFET-dt2/4  cas dur K1 appel 2080 (pas 520) corrige seul : premier pas qui differe None, x_fin deplace de +0.0 ulp(x1) -> ABSORBE
[09:12:46Z] EFFET-dt2/4  cas dur K1 appel 2961 (pas 741) corrige seul : premier pas qui differe None, x_fin deplace de +0.0 ulp(x1) -> ABSORBE
[09:12:46Z] JUMEAU-CR-dt2/4 K1 CR seul : e=1.8520748469025595e-08 (egal poste True, egal JSON recu False, premier pas None, x_fin +0.0 ulp) ; tout CR : e=1.8520748469025595e-08 / xm numpy 1.8520748469025595e-08 (egal poste True, egal JSON recu False, premier pas None, x_fin +0.0 ulp)
[09:12:54Z] FLOT-dt2/8   n_pas=3040 e_poste=1.6530853961382515e-08 e_jumeau=1.6530853961382515e-08 (egal True) fidele=True ; e_json_recu=1.6530853961382515e-08 ; ecart au bord (JSON recu - poste) = +0.000 ulp(x1) ; x1_fin=0x1.7f4a48e6a73ddp+36 ulp=1.526e-05
[09:12:54Z] APPELS-dt2/8 K1 12160 (numpy != python sur 0) ; K2 24320 ; K3 3041 ; CAS DURS ici : K1 3, K2 6, K3 1
[09:12:54Z] K1-DUR-dt2/8 appel 328 pas 82 etage 4 x=0x1.43aa888d30000p+8 libm=0x1.056936a94e500p+50 cr=0x1.056936a94e4ffp+50 (libm - cr = +1.0 ulp)
[09:12:54Z] K1-DUR-dt2/8 appel 8784 pas 2196 etage 4 x=0x1.90aa30ef00000p+9 libm=0x1.d65302e7f1a40p+57 cr=0x1.d65302e7f1a3fp+57 (libm - cr = +1.0 ulp)
[09:12:54Z] K1-DUR-dt2/8 appel 12048 pas 3012 etage 4 x=0x1.7ea1ef2000000p+11 libm=0x1.64c7ee3ee0e32p+69 cr=0x1.64c7ee3ee0e33p+69 (libm - cr = -1.0 ulp)
[09:12:54Z] EFFET-dt2/8  cas dur K1 appel 328 (pas 82) corrige seul : premier pas qui differe None, x_fin deplace de +0.0 ulp(x1) -> ABSORBE
[09:12:54Z] EFFET-dt2/8  cas dur K1 appel 8784 (pas 2196) corrige seul : premier pas qui differe None, x_fin deplace de +0.0 ulp(x1) -> ABSORBE
[09:12:54Z] EFFET-dt2/8  cas dur K1 appel 12048 (pas 3012) corrige seul : premier pas qui differe None, x_fin deplace de +0.0 ulp(x1) -> ABSORBE
[09:12:54Z] JUMEAU-CR-dt2/8 K1 CR seul : e=1.6530853961382515e-08 (egal poste True, egal JSON recu True, premier pas None, x_fin +0.0 ulp) ; tout CR : e=1.6530853961382515e-08 / xm numpy 1.6530853961382515e-08 (egal poste True, egal JSON recu True, premier pas None, x_fin +0.0 ulp)
[09:12:54Z] BILAN        jumeau fidele aux 4 pas : True ; CR egal poste : [True, True, True, True] ; CR egal JSON recu : [False, False, False, True] ; flots ou poste != JSON recu : [0, 1, 2] ; cas durs K1 par flot : [0, 0, 4, 3] ; bascules : [0, 0, 0, 0]
[09:12:54Z] VERDICT      H-POW TENUE, CAUSE CHEZ L'AUTRE : ce poste est CR sur tous les appels des quatre flots ; le JSON recu (JSON du geste, machine 1 (lot 2b155abffbe4f6ff)) en differe, la cause est sur le poste qui l'a produit -- a enumerer la-bas avec ce script
[09:12:54Z] JSON         d:/devs/bocal/BOCAL4/G3_reponse/contre_json_m1\diagnostic_pow_cas_durs_machine1_v2.json ecrit, empreinte B c247d7e52ac1b769
[09:12:54Z] FIN          14.2 s
