feuilles : 856 (noyau) / 856 (libm) ; identiques : 774 ; DIFFERENTES : 82
  dont exemptables par nature (duree/date/chemin) : 4
  /T1b/recherches/a/duree_s                                                                  0.00014645999999629566  |  0.0001774229999682575
  /T1b/recherches/b/duree_s                                                                  4.333900000119684e-05  |  4.519699996308191e-05
  /T1b/recherches/c/duree_s                                                                  3.940499999544045e-05  |  3.604800002676711e-05
  /T2/points/4|1.73/R_composantes                                                            246197600.64392182  |  246197597.59934905
  /T2/points/4|1.73/bascule/e_avec                                                           0.010775791250321949  |  0.010775775919378902
  /T2/points/4|1.73/bascule/e_avec_sur_e_sans                                                1085.128729760246  |  1083.3842934509812
  /T2/points/4|1.73/bascule/err_rel_bascule                                                  0.0005384001287953488  |  0.0005384000811103463
  /T2/points/4|1.73/bascule/x_b_num                                                          5117105.301025391  |  5117105.301269531
  /T2/points/4|1.73/e_dt2s2_sur_plancher_comp                                                12.449593259245548  |  12.7418282128326
  /T2/points/4|1.73/e_sur_ln10                                                               4.312729494490629e-06  |  4.319667590071023e-06
  /T2/points/4|1.73/err/dt2/2/e                                                              6.805800344220617e-07  |  6.965555898792426e-07
  /T2/points/4|1.73/err/dt2/e                                                                9.93042664412987e-06  |  9.946402199587052e-06
  /T2/points/4|1.73/p_obs                                                                    3.867018968097872  |  3.8358643707110067
  /T2/points/4|1.73/plancher_composantes                                                     5.4666848968470255e-08  |  5.4666848292439297e-08
  /T2/points/4|1.73/ratio_seuil                                                              1.6138361632355356  |  1.6517184720338571
  /T2/points/4|1.73/seuil_5_4                                                                4.217156920424844e-07  |  4.217156868273884e-07
  /T2/points/4|2.27/R_composantes                                                            182057799.35111365  |  182057801.90798244
  /T2/points/4|2.27/bascule/e_avec                                                           0.02563265533305793  |  0.02563265533305808
  /T2/points/4|2.27/bascule/e_avec_sur_e_sans                                                2592.204131914856  |  2589.4892293132966
  /T2/points/4|2.27/e_dt2s2_sur_plancher_comp                                                16.363403412989964  |  16.36340318317792
  /T2/points/4|2.27/e_sur_ln10                                                               4.294461470305481e-06  |  4.29896391985658e-06
  /T2/points/4|2.27/err/dt2/e                                                                9.888362963962694e-06  |  9.89873023718101e-06
  /T2/points/4|2.27/p_obs                                                                    3.9019408849598323  |  3.903452659819958
  /T2/points/4|2.27/plancher_composantes                                                     4.042495213043865e-08  |  4.042495269817757e-08
  /T2/points/4|2.27/ratio_seuil                                                              2.1211819239061085  |  2.1211818941156584
  /T2/points/4|2.27/seuil_5_4                                                                3.118496307205264e-07  |  3.118496351002267e-07
  /T2/points/4|2.80/R_composantes                                                            158809720.24219796  |  158809717.7580402
  /T2/points/4|2.80/bascule/e_avec                                                           0.055277433407297814  |  0.05527741978487543
  /T2/points/4|2.80/bascule/e_avec_sur_e_sans                                                5584.708242956056  |  5584.7068666755395
  /T2/points/4|2.80/e_dt2s2_sur_plancher_comp                                                18.35302778153551  |  17.53449764198706
  /T2/points/4|2.80/err/dt2/2/e                                                              6.471799113467606e-07  |  6.183162030277658e-07
  /T2/points/4|2.80/p_obs                                                                    3.9348980811149685  |  4.000720095865156
  /T2/points/4|2.80/plancher_composantes                                                     3.5262841589433594e-08  |  3.526284103783976e-08
  /T2/points/4|2.80/ratio_seuil                                                              2.379096193902754  |  2.272990435072399
  /T2/points/4|2.80/seuil_5_4                                                                2.7202763511848745e-07  |  2.72027630863335e-07
  /T2/points/5|1.73/R_composantes                                                            127658061.31671496  |  127658061.8458634
  /T2/points/5|1.73/bascule/e_avec                                                           0.0036374811905338054  |  0.0036374546454410223
  /T2/points/5|1.73/bascule/e_avec_sur_e_sans                                                1078.9303905906786  |  1078.9225169259573
  /T2/points/5|1.73/bascule/err_rel_bascule                                                  0.00018094286262746503  |  0.0001809427958175665
  /T2/points/5|1.73/bascule/x_b_num                                                          21407.79533624649  |  21407.795337677002
  /T2/points/5|1.73/e_dt2s2_sur_plancher_comp                                                8.244976957884097  |  8.244976923708293
  /T2/points/5|1.73/plancher_composantes                                                     2.8345783790565395e-08  |  2.8345783908059952e-08
  /T2/points/5|1.73/ratio_seuil                                                              0.9914845708847962  |  0.9914845667750477
  /T2/points/5|1.73/seuil_5_4                                                                2.3571757046891227e-07  |  2.357175714459723e-07
  /T2/points/5|2.27/bascule/e_avec                                                           0.008773134708181791  |  0.00877312461158965
  /T2/points/5|2.27/bascule/e_avec_sur_e_sans                                                2612.0355161355574  |  2612.032510065533
  /T2/points/5|2.27/bascule/err_rel_bascule                                                  0.00045526305268025623  |  0.00045526306876907406
  /T2/points/5|2.27/bascule/x_b_num                                                          29624.306639671326  |  29624.30663919449
  /T2/points/5|2.80/R_composantes                                                            82345806.60286376  |  82345806.63801782
  /T2/points/5|2.80/bascule/e_avec                                                           0.019329006733375842  |  0.019329006733375956
  /T2/points/5|2.80/bascule/e_avec_sur_e_sans                                                5760.568397295925  |  5746.813648198073
  /T2/points/5|2.80/bascule/err_rel_bascule                                                  0.0009559174883689467  |  0.0009559174485285639
  /T2/points/5|2.80/bascule/x_b_num                                                          35871.74432516098  |  35871.74432659149
  /T2/points/5|2.80/e_dt2s2_sur_plancher_comp                                                12.213020776501441  |  12.213020771287608
  /T2/points/5|2.80/e_sur_ln10                                                               1.457231367813702e-06  |  1.4607191878595342e-06
  /T2/points/5|2.80/err/dt2/e                                                                3.3553992245711537e-06  |  3.3634302270157327e-06
  /T2/points/5|2.80/p_obs                                                                    3.909375834439857  |  3.9128247366635467
  /T2/points/5|2.80/plancher_composantes                                                     1.8284442094365918e-08  |  1.8284442102171687e-08
  /T2/points/5|2.80/ratio_seuil                                                              1.4686543971742234  |  1.4686543965472436
  /T2/points/5|2.80/seuil_5_4                                                                1.5204957110051663e-07  |  1.5204957116542775e-07
  /T2/points/7|1.73/R_composantes                                                            59087456.06057529  |  59087456.0473626
  /T2/points/7|1.73/bascule/e_avec                                                           0.0011274527667987225  |  0.001127461386516559
  /T2/points/7|1.73/bascule/e_avec_sur_e_sans                                                1071.1702469138402  |  1075.656100103647
  /T2/points/7|1.73/bascule/err_rel_bascule                                                  5.5993778905584194e-05  |  5.599379055307162e-05
  /T2/points/7|1.73/bascule/x_b_num                                                          319.8184784948826  |  319.8184784911573
  /T2/points/7|1.73/e_dt2s2_sur_plancher_comp                                                6.754848318113389  |  6.086946897713806
  /T2/points/7|1.73/e_sur_ln10                                                               4.5711362562390495e-07  |  4.5521078593423086e-07
  /T2/points/7|1.73/err/dt2/2/e                                                              8.86239533298418e-08  |  7.986105272223979e-08
  /T2/points/7|1.73/err/dt2/e                                                                1.0525430201660647e-06  |  1.0481615698622637e-06
  /T2/points/7|1.73/plancher_composantes                                                     1.3120050836995587e-08  |  1.3120050834061781e-08
  /T2/points/7|1.73/ratio_seuil                                                              0.7592658962220475  |  0.6841917055569781
  /T2/points/7|1.73/seuil_5_4                                                                1.1672321089465041e-07  |  1.1672321086854966e-07
  /T2/points/7|2.27/bascule/e_avec                                                           0.002742092788178116  |  0.0027421001033643335
  /T2/points/7|2.27/bascule/e_avec_sur_e_sans                                                2601.565114552879  |  2601.572054848026
  /T2/points/7|2.27/bascule/err_rel_bascule                                                  0.0001416851548998568  |  0.00014168517406645294
  /T2/points/7|2.27/bascule/x_b_num                                                          388.6722981221974  |  388.6722981147468
  /T2/points/7|2.80/bascule/e_avec                                                           0.006112744368554467  |  0.0061127412530725
  /T2/points/7|2.80/bascule/e_avec_sur_e_sans                                                5834.862174160761  |  5834.859200306992
  /T2/points/7|2.80/bascule/err_rel_bascule                                                  0.00029940543524706315  |  0.0002994054267058047
  /T2/points/7|2.80/bascule/x_b_num                                                          436.0218042731285  |  436.0218042768538
  /champ_forces_empreinte                                                                    '0491b83e6893dbbf'  |  'f150f2685187b9d2'
  /meta/date_utc                                                                             '2026-09-12T09:59:46Z'  |  '2026-09-12T10:02:33Z'
