DERIVATION DU SECOND ORDRE -- machine 2 -- lecture 99080e4822bf0108
python 3.12.3 ; numpy 2.4.4 ; sympy 1.14.0

0. ANCRES
  [chk PASSE] lecture pre-declaree a son empreinte -- 99080e4822bf0108
  [chk PASSE] instrument v13 a son empreinte -- 1ac295648490a86c
  [chk PASSE] reglage de l'instrument = 1/44100 -- 1/44100
  [chk PASSE] M de l'instrument = 20 -- 20

1. C1 -- ELIMINATION DEPUIS LE TEXTE DE acc_pu
  [chk PASSE] acc_pu porte UN retour-tuple (les deux accelerations) -- 1
  [note] acc 1 (texte) -- -W1 * W1 * a1 + d1 / delta
  [note] acc 2 (texte) -- -w2 * w2 * a2 - d2 / delta
  [chk PASSE] acc_pu definit base une fois -- ['g * (a1 + a2) ** (p - 1)']
  [note] base (texte) -- g * (a1 + a2) ** (p - 1)
  [chk PASSE] C1 : x'''' + (1+w2^2) x'' + w2^2 x - F == 0 identiquement -- reste = 0
  [chk PASSE] C1 negatif : couplage mutile -> reste NON nul -- reste = (w2**2*F(t) + Derivative(F(t), (t, 2)))/(w2**2 - 1)
  [chk PASSE] base = g (a1 + a2)^(p-1) au texte

2. C2 -- COEFFICIENT c1 EN EXACT, ET SUBSTITUTION
  [chk PASSE] C2 p=4 w2=1.73 : coeff tau^0 et tau^2 nuls en exact -- tau^0 0 ; tau^2 0
  [chk PASSE] C2 negatif p=4 w2=1.73 : c1 x 1.001 -> tau^2 non nul -- tau^2 -119787/5000000
  [chk PASSE] C2 p=4 w2=2.27 : coeff tau^0 et tau^2 nuls en exact -- tau^0 0 ; tau^2 0
  [chk PASSE] C2 negatif p=4 w2=2.27 : c1 x 1.001 -> tau^2 non nul -- tau^2 -184587/5000000
  [chk PASSE] C2 p=4 w2=2.80 : coeff tau^0 et tau^2 nuls en exact -- tau^0 0 ; tau^2 0
  [chk PASSE] C2 negatif p=4 w2=2.80 : c1 x 1.001 -> tau^2 non nul -- tau^2 -663/12500
  [note] p=4 -- alpha 2  K 120  P2 0  c1/(1+w2^2) = 1/60  ; c1 tau_dom'^2 = 1/2646000 = 3.7793e-07 ; plancher v7 = 1.1338e-06 ; rapport terme/plancher = 1/3 = 0.3333
  [chk PASSE] C2 p=5 w2=1.73 : coeff tau^0 et tau^2 nuls en exact -- tau^0 0 ; tau^2 0
  [chk PASSE] C2 negatif p=5 w2=1.73 : c1 x 1.001 -> tau^2 non nul -- tau^2 -279503/22500000
  [chk PASSE] C2 p=5 w2=2.27 : coeff tau^0 et tau^2 nuls en exact -- tau^0 0 ; tau^2 0
  [chk PASSE] C2 negatif p=5 w2=2.27 : c1 x 1.001 -> tau^2 non nul -- tau^2 -430703/22500000
  [chk PASSE] C2 p=5 w2=2.80 : coeff tau^0 et tau^2 nuls en exact -- tau^0 0 ; tau^2 0
  [chk PASSE] C2 negatif p=5 w2=2.80 : c1 x 1.001 -> tau^2 non nul -- tau^2 -1547/56250
  [note] p=5 -- alpha 4/3  K 3640/81  P2 -56/81  c1/(1+w2^2) = 1/58  ; c1 tau_dom'^2 = 1/2557800 = 3.9096e-07 ; plancher v7 = 1.5699e-06 ; rapport terme/plancher = 65/261 = 0.2490
  [chk PASSE] C2 p=7 w2=1.73 : coeff tau^0 et tau^2 nuls en exact -- tau^0 0 ; tau^2 0
  [chk PASSE] C2 negatif p=7 w2=1.73 : c1 x 1.001 -> tau^2 non nul -- tau^2 -359361/62500000
  [chk PASSE] C2 p=7 w2=2.27 : coeff tau^0 et tau^2 nuls en exact -- tau^0 0 ; tau^2 0
  [chk PASSE] C2 negatif p=7 w2=2.27 : c1 x 1.001 -> tau^2 non nul -- tau^2 -553761/62500000
  [chk PASSE] C2 p=7 w2=2.80 : coeff tau^0 et tau^2 nuls en exact -- tau^0 0 ; tau^2 0
  [chk PASSE] C2 negatif p=7 w2=2.80 : c1 x 1.001 -> tau^2 non nul -- tau^2 -1989/156250
  [note] p=7 -- alpha 4/5  K 9576/625  P2 216/625  c1/(1+w2^2) = 5/318  ; c1 tau_dom'^2 = 1/2804760 = 3.5654e-07 ; plancher v7 = 2.1312e-06 ; rapport terme/plancher = 133/795 = 0.1673

3. C3 -- EXPOSANTS DES MODES LIBRES
  [chk PASSE] C3 p=4 : beta = -1 racine EXACTE (translation de t*) -- poly(-1) = 0
  [chk PASSE] C3 negatif p=4 : beta = -1 n'est pas racine si K est mutile
  [note] p=4 racines -- -1.000000+0.000000i ; 8.000000+0.000000i ; 3.500000-4.213075i ; 3.500000+4.213075i
  [chk PASSE] C3 p=4 : Re(beta) complexe = alpha + 3/2 -- Re 3.5 ; alpha+3/2 7/2
  [note] I1 p=4 -- modes libres complexes a Re beta = 3.500000, ENTRE tau^2 et tau^4 ; frequence en ln tau 4.213075
  [chk PASSE] C3 p=5 : beta = -1 racine EXACTE (translation de t*) -- poly(-1) = 0
  [chk PASSE] C3 negatif p=5 : beta = -1 n'est pas racine si K est mutile
  [note] p=5 racines -- -1.000000+0.000000i ; 6.666667+0.000000i ; 2.833333-3.492054i ; 2.833333+3.492054i
  [chk PASSE] C3 p=5 : Re(beta) complexe = alpha + 3/2 -- Re 2.8333333333333335 ; alpha+3/2 17/6
  [note] I1 p=5 -- modes libres complexes a Re beta = 2.833333, ENTRE tau^2 et tau^4 ; frequence en ln tau 3.492054
  [chk PASSE] C3 p=7 : beta = -1 racine EXACTE (translation de t*) -- poly(-1) = 0
  [chk PASSE] C3 negatif p=7 : beta = -1 n'est pas racine si K est mutile
  [note] p=7 racines -- -1.000000+0.000000i ; 5.600000+0.000000i ; 2.300000-2.896550i ; 2.300000+2.896550i
  [chk PASSE] C3 p=7 : Re(beta) complexe = alpha + 3/2 -- Re 2.3 ; alpha+3/2 23/10
  [note] I1 p=7 -- modes libres complexes a Re beta = 2.300000, ENTRE tau^2 et tau^4 ; frequence en ln tau 2.896550

4. C4 -- BIAIS DE L'AJUSTEMENT II DE L'INSTRUMENT SUR SERIE SYNTHETIQUE
  [chk PASSE] C4 4|1.73 dec 0.0 : point fixe atteint aux trois series -- ['POINT_FIXE', 'POINT_FIXE', 'POINT_FIXE']
  [chk PASSE] C4a 4|1.73 dec 0.0 : c1 = 0 -> |biais| <= 1e-9 -- 0.000e+00
  [chk PASSE] C4b 4|1.73 dec 0.0 : mutation 2 c1 -> biais x 2 a 1e-2 -- b2/(2 b1) - 1 = 8.384e-08
  [note] C4c 4|1.73 dec 0.0 -- biais lnA = 2.542476e-07 ; /plancher v7 = 0.2242 ; /(c1 tau_dom'^2) = 0.6727 ; n_points 180
  [chk PASSE] C4 4|1.73 dec 0.5 : point fixe atteint aux trois series -- ['POINT_FIXE', 'POINT_FIXE', 'POINT_FIXE']
  [chk PASSE] C4a 4|1.73 dec 0.5 : c1 = 0 -> |biais| <= 1e-9 -- 8.882e-16
  [chk PASSE] C4b 4|1.73 dec 0.5 : mutation 2 c1 -> biais x 2 a 1e-2 -- b2/(2 b1) - 1 = 9.587e-06
  [note] C4c 4|1.73 dec 0.5 -- biais lnA = 2.508843e-07 ; /plancher v7 = 0.2213 ; /(c1 tau_dom'^2) = 0.6638 ; n_points 180
  [chk PASSE] C4 4|2.27 dec 0.0 : point fixe atteint aux trois series -- ['POINT_FIXE', 'POINT_FIXE', 'POINT_FIXE']
  [chk PASSE] C4a 4|2.27 dec 0.0 : c1 = 0 -> |biais| <= 1e-9 -- -1.332e-15
  [chk PASSE] C4b 4|2.27 dec 0.0 : mutation 2 c1 -> biais x 2 a 1e-2 -- b2/(2 b1) - 1 = 2.082e-05
  [note] C4c 4|2.27 dec 0.0 -- biais lnA = 2.542535e-07 ; /plancher v7 = 0.2243 ; /(c1 tau_dom'^2) = 0.6728 ; n_points 180
  [chk PASSE] C4 4|2.27 dec 0.5 : point fixe atteint aux trois series -- ['POINT_FIXE', 'POINT_FIXE', 'POINT_FIXE']
  [chk PASSE] C4a 4|2.27 dec 0.5 : c1 = 0 -> |biais| <= 1e-9 -- -4.885e-15
  [chk PASSE] C4b 4|2.27 dec 0.5 : mutation 2 c1 -> biais x 2 a 1e-2 -- b2/(2 b1) - 1 = 1.187e-05
  [note] C4c 4|2.27 dec 0.5 -- biais lnA = 2.508875e-07 ; /plancher v7 = 0.2213 ; /(c1 tau_dom'^2) = 0.6638 ; n_points 180
  [chk PASSE] C4 4|2.80 dec 0.0 : point fixe atteint aux trois series -- ['POINT_FIXE', 'POINT_FIXE', 'POINT_FIXE']
  [chk PASSE] C4a 4|2.80 dec 0.0 : c1 = 0 -> |biais| <= 1e-9 -- 1.424e-12
  [chk PASSE] C4b 4|2.80 dec 0.0 : mutation 2 c1 -> biais x 2 a 1e-2 -- b2/(2 b1) - 1 = 7.685e-08
  [note] C4c 4|2.80 dec 0.0 -- biais lnA = 2.542499e-07 ; /plancher v7 = 0.2242 ; /(c1 tau_dom'^2) = 0.6727 ; n_points 180
  [chk PASSE] C4 4|2.80 dec 0.5 : point fixe atteint aux trois series -- ['POINT_FIXE', 'POINT_FIXE', 'POINT_FIXE']
  [chk PASSE] C4a 4|2.80 dec 0.5 : c1 = 0 -> |biais| <= 1e-9 -- 1.332e-14
  [chk PASSE] C4b 4|2.80 dec 0.5 : mutation 2 c1 -> biais x 2 a 1e-2 -- b2/(2 b1) - 1 = 1.425e-05
  [note] C4c 4|2.80 dec 0.5 -- biais lnA = 2.508853e-07 ; /plancher v7 = 0.2213 ; /(c1 tau_dom'^2) = 0.6638 ; n_points 180
  [chk PASSE] C4 5|1.73 dec 0.0 : point fixe atteint aux trois series -- ['POINT_FIXE', 'POINT_FIXE', 'POINT_FIXE']
  [chk PASSE] C4a 5|1.73 dec 0.0 : c1 = 0 -> |biais| <= 1e-9 -- 0.000e+00
  [chk PASSE] C4b 5|1.73 dec 0.0 : mutation 2 c1 -> biais x 2 a 1e-2 -- b2/(2 b1) - 1 = 1.924e-05
  [note] C4c 5|1.73 dec 0.0 -- biais lnA = 2.630167e-07 ; /plancher v7 = 0.1675 ; /(c1 tau_dom'^2) = 0.6727 ; n_points 180
  [chk PASSE] C4 5|1.73 dec 0.5 : point fixe atteint aux trois series -- ['POINT_FIXE', 'POINT_FIXE', 'POINT_FIXE']
  [chk PASSE] C4a 5|1.73 dec 0.5 : c1 = 0 -> |biais| <= 1e-9 -- 1.332e-15
  [chk PASSE] C4b 5|1.73 dec 0.5 : mutation 2 c1 -> biais x 2 a 1e-2 -- b2/(2 b1) - 1 = 1.950e-05
  [note] C4c 5|1.73 dec 0.5 -- biais lnA = 2.595316e-07 ; /plancher v7 = 0.1653 ; /(c1 tau_dom'^2) = 0.6638 ; n_points 180
  [chk PASSE] C4 5|2.27 dec 0.0 : point fixe atteint aux trois series -- ['POINT_FIXE', 'POINT_FIXE', 'POINT_FIXE']
  [chk PASSE] C4a 5|2.27 dec 0.0 : c1 = 0 -> |biais| <= 1e-9 -- -8.882e-16
  [chk PASSE] C4b 5|2.27 dec 0.0 : mutation 2 c1 -> biais x 2 a 1e-2 -- b2/(2 b1) - 1 = 1.576e-06
  [note] C4c 5|2.27 dec 0.0 -- biais lnA = 2.630163e-07 ; /plancher v7 = 0.1675 ; /(c1 tau_dom'^2) = 0.6727 ; n_points 180
  [chk PASSE] C4 5|2.27 dec 0.5 : point fixe atteint aux trois series -- ['POINT_FIXE', 'POINT_FIXE', 'POINT_FIXE']
  [chk PASSE] C4a 5|2.27 dec 0.5 : c1 = 0 -> |biais| <= 1e-9 -- -3.109e-15
  [chk PASSE] C4b 5|2.27 dec 0.5 : mutation 2 c1 -> biais x 2 a 1e-2 -- b2/(2 b1) - 1 = 3.129e-06
  [note] C4c 5|2.27 dec 0.5 -- biais lnA = 2.595355e-07 ; /plancher v7 = 0.1653 ; /(c1 tau_dom'^2) = 0.6638 ; n_points 180
  [chk PASSE] C4 5|2.80 dec 0.0 : point fixe atteint aux trois series -- ['POINT_FIXE', 'POINT_FIXE', 'POINT_FIXE']
  [chk PASSE] C4a 5|2.80 dec 0.0 : c1 = 0 -> |biais| <= 1e-9 -- 9.495e-13
  [chk PASSE] C4b 5|2.80 dec 0.0 : mutation 2 c1 -> biais x 2 a 1e-2 -- b2/(2 b1) - 1 = 3.471e-06
  [note] C4c 5|2.80 dec 0.0 -- biais lnA = 2.630142e-07 ; /plancher v7 = 0.1675 ; /(c1 tau_dom'^2) = 0.6727 ; n_points 180
  [chk PASSE] C4 5|2.80 dec 0.5 : point fixe atteint aux trois series -- ['POINT_FIXE', 'POINT_FIXE', 'POINT_FIXE']
  [chk PASSE] C4a 5|2.80 dec 0.5 : c1 = 0 -> |biais| <= 1e-9 -- 9.326e-15
  [chk PASSE] C4b 5|2.80 dec 0.5 : mutation 2 c1 -> biais x 2 a 1e-2 -- b2/(2 b1) - 1 = 1.104e-05
  [note] C4c 5|2.80 dec 0.5 -- biais lnA = 2.595368e-07 ; /plancher v7 = 0.1653 ; /(c1 tau_dom'^2) = 0.6638 ; n_points 180
  [chk PASSE] C4 7|1.73 dec 0.0 : point fixe atteint aux trois series -- ['POINT_FIXE', 'POINT_FIXE', 'POINT_FIXE']
  [chk PASSE] C4a 7|1.73 dec 0.0 : c1 = 0 -> |biais| <= 1e-9 -- 0.000e+00
  [chk PASSE] C4b 7|1.73 dec 0.0 : mutation 2 c1 -> biais x 2 a 1e-2 -- b2/(2 b1) - 1 = 1.065e-07
  [note] C4c 7|1.73 dec 0.0 -- biais lnA = 2.398576e-07 ; /plancher v7 = 0.1125 ; /(c1 tau_dom'^2) = 0.6727 ; n_points 180
  [chk PASSE] C4 7|1.73 dec 0.5 : point fixe atteint aux trois series -- ['POINT_FIXE', 'POINT_FIXE', 'POINT_FIXE']
  [chk PASSE] C4a 7|1.73 dec 0.5 : c1 = 0 -> |biais| <= 1e-9 -- 2.220e-16
  [chk PASSE] C4b 7|1.73 dec 0.5 : mutation 2 c1 -> biais x 2 a 1e-2 -- b2/(2 b1) - 1 = 3.329e-06
  [note] C4c 7|1.73 dec 0.5 -- biais lnA = 2.366827e-07 ; /plancher v7 = 0.1111 ; /(c1 tau_dom'^2) = 0.6638 ; n_points 180
  [chk PASSE] C4 7|2.27 dec 0.0 : point fixe atteint aux trois series -- ['POINT_FIXE', 'POINT_FIXE', 'POINT_FIXE']
  [chk PASSE] C4a 7|2.27 dec 0.0 : c1 = 0 -> |biais| <= 1e-9 -- -6.661e-16
  [chk PASSE] C4b 7|2.27 dec 0.0 : mutation 2 c1 -> biais x 2 a 1e-2 -- b2/(2 b1) - 1 = 1.014e-07
  [note] C4c 7|2.27 dec 0.0 -- biais lnA = 2.398562e-07 ; /plancher v7 = 0.1125 ; /(c1 tau_dom'^2) = 0.6727 ; n_points 180
  [chk PASSE] C4 7|2.27 dec 0.5 : point fixe atteint aux trois series -- ['POINT_FIXE', 'POINT_FIXE', 'POINT_FIXE']
  [chk PASSE] C4a 7|2.27 dec 0.5 : c1 = 0 -> |biais| <= 1e-9 -- -1.998e-15
  [chk PASSE] C4b 7|2.27 dec 0.5 : mutation 2 c1 -> biais x 2 a 1e-2 -- b2/(2 b1) - 1 = 1.010e-05
  [note] C4c 7|2.27 dec 0.5 -- biais lnA = 2.366845e-07 ; /plancher v7 = 0.1111 ; /(c1 tau_dom'^2) = 0.6638 ; n_points 180
  [chk PASSE] C4 7|2.80 dec 0.0 : point fixe atteint aux trois series -- ['POINT_FIXE', 'POINT_FIXE', 'POINT_FIXE']
  [chk PASSE] C4a 7|2.80 dec 0.0 : c1 = 0 -> |biais| <= 1e-9 -- 5.698e-13
  [chk PASSE] C4b 7|2.80 dec 0.0 : mutation 2 c1 -> biais x 2 a 1e-2 -- b2/(2 b1) - 1 = 2.241e-06
  [note] C4c 7|2.80 dec 0.0 -- biais lnA = 2.398562e-07 ; /plancher v7 = 0.1125 ; /(c1 tau_dom'^2) = 0.6727 ; n_points 180
  [chk PASSE] C4 7|2.80 dec 0.5 : point fixe atteint aux trois series -- ['POINT_FIXE', 'POINT_FIXE', 'POINT_FIXE']
  [chk PASSE] C4a 7|2.80 dec 0.5 : c1 = 0 -> |biais| <= 1e-9 -- 5.551e-15
  [chk PASSE] C4b 7|2.80 dec 0.5 : mutation 2 c1 -> biais x 2 a 1e-2 -- b2/(2 b1) - 1 = 1.159e-07
  [note] C4c 7|2.80 dec 0.5 -- biais lnA = 2.366847e-07 ; /plancher v7 = 0.1111 ; /(c1 tau_dom'^2) = 0.6638 ; n_points 180

5. LECTURE A POSTERIORI SUR LE RUN 91 -- NON OPPOSABLE (section 3 de la lecture)
  [note] run 91 lu -- out_run_delta91/alpha_v13/resultats_alpha.json ; convention B edec88c7a9f3faf2
  [chk PASSE] run 91 p=4 : cle /degres/p/dispersion_lnA presente -- 9.853358915457022e-07
  [note] 4|1.73|1.05 -- obs 1.210476e-06  pred 2.542476e-07  obs/pred 4.7610  (obs-pred)/disp_91 +0.970  -> COMPAT
  [note] 4|1.73|1.20 -- obs 1.201869e-06  pred 2.542476e-07  obs/pred 4.7272  (obs-pred)/disp_91 +0.962  -> COMPAT
  [note] 4|2.27|1.05 -- obs 1.207271e-06  pred 2.542535e-07  obs/pred 4.7483  (obs-pred)/disp_91 +0.967  -> COMPAT
  [note] 4|2.27|1.20 -- obs 1.200853e-06  pred 2.542535e-07  obs/pred 4.7231  (obs-pred)/disp_91 +0.961  -> COMPAT
  [note] 4|2.80|1.05 -- obs 1.226676e-06  pred 2.542499e-07  obs/pred 4.8247  (obs-pred)/disp_91 +0.987  -> COMPAT
  [note] 4|2.80|1.20 -- obs 1.285273e-06  pred 2.542499e-07  obs/pred 5.0552  (obs-pred)/disp_91 +1.046  -> COMPAT
  [chk PASSE] run 91 p=5 : cle /degres/p/dispersion_lnA presente -- 3.260706993302165e-07
  [note] 5|1.73|1.05 -- obs 5.953468e-07  pred 2.630167e-07  obs/pred 2.2635  (obs-pred)/disp_91 +1.019  -> COMPAT
  [note] 5|1.73|1.20 -- obs 5.951435e-07  pred 2.630167e-07  obs/pred 2.2628  (obs-pred)/disp_91 +1.019  -> COMPAT
  [note] 5|2.27|1.05 -- obs 5.724010e-07  pred 2.630163e-07  obs/pred 2.1763  (obs-pred)/disp_91 +0.949  -> COMPAT
  [note] 5|2.27|1.20 -- obs 5.950786e-07  pred 2.630163e-07  obs/pred 2.2625  (obs-pred)/disp_91 +1.018  -> COMPAT
  [note] 5|2.80|1.05 -- obs 5.980654e-07  pred 2.630142e-07  obs/pred 2.2739  (obs-pred)/disp_91 +1.028  -> COMPAT
  [note] 5|2.80|1.20 -- obs 6.027951e-07  pred 2.630142e-07  obs/pred 2.2919  (obs-pred)/disp_91 +1.042  -> COMPAT
  [chk PASSE] run 91 p=7 : cle /degres/p/dispersion_lnA presente -- 8.916041949191822e-08
  [note] 7|1.73|1.05 -- obs 2.751983e-07  pred 2.398576e-07  obs/pred 1.1473  (obs-pred)/disp_91 +0.396  -> COMPAT
  [note] 7|1.73|1.20 -- obs 1.174097e-07  pred 2.398576e-07  obs/pred 0.4895  (obs-pred)/disp_91 -1.373  -> COMPAT
  [note] 7|2.27|1.05 -- obs 3.052803e-07  pred 2.398562e-07  obs/pred 1.2728  (obs-pred)/disp_91 +0.734  -> COMPAT
  [note] 7|2.27|1.20 -- obs 3.686500e-07  pred 2.398562e-07  obs/pred 1.5370  (obs-pred)/disp_91 +1.445  -> COMPAT
  [note] 7|2.80|1.05 -- obs 3.555967e-07  pred 2.398562e-07  obs/pred 1.4825  (obs-pred)/disp_91 +1.298  -> COMPAT
  [note] 7|2.80|1.20 -- obs 3.084334e-07  pred 2.398562e-07  obs/pred 1.2859  (obs-pred)/disp_91 +0.769  -> COMPAT
  [note] LECTURE a posteriori (regle ecrite avant ouverture) -- COMPATIBLE ; comptes {'COMPAT': 18}

SORTIE derivation_second_ordre_machine2_v1.json ecrite, convention B b70fca94d72822ad
BILAN : 93 controles, 0 mordent
