EXPLORATION RICHARDSON -- machine 2 -- NON PRE-DECLAREE (voir docstring)
  [chk PASSE] derivation v1 a son empreinte -- b70fca94d72822ad
  run 91 convention B edec88c7a9f3faf2

LECTURE (pred du premier ordre)
  4|1.73|1.05  obs(dt) 1.2105e-06  obs(dt/2) 3.1911e-07  obs_R 2.5969e-07  pred 2.5425e-07  obs_R/pred q=3 0.7543  q=4 1.0214  q=5 1.1420
  4|1.73|1.20  obs(dt) 1.2019e-06  obs(dt/2) 3.1481e-07  obs_R 2.5567e-07  pred 2.5425e-07  obs_R/pred q=3 0.7398  q=4 1.0056  q=5 1.1257
  4|2.27|1.05  obs(dt) 1.2073e-06  obs(dt/2) 3.1485e-07  obs_R 2.5535e-07  pred 2.5425e-07  obs_R/pred q=3 0.7369  q=4 1.0043  q=5 1.1251
  4|2.27|1.20  obs(dt) 1.2009e-06  obs(dt/2) 3.1891e-07  obs_R 2.6011e-07  pred 2.5425e-07  obs_R/pred q=3 0.7588  q=4 1.0230  q=5 1.1424
  4|2.80|1.05  obs(dt) 1.2267e-06  obs(dt/2) 3.1838e-07  obs_R 2.5782e-07  pred 2.5425e-07  obs_R/pred q=3 0.7419  q=4 1.0141  q=5 1.1370
  4|2.80|1.20  obs(dt) 1.2853e-06  obs(dt/2) 3.1820e-07  obs_R 2.5373e-07  pred 2.5425e-07  obs_R/pred q=3 0.7082  q=4 0.9980  q=5 1.1288
  5|1.73|1.05  obs(dt) 5.9535e-07  obs(dt/2) 2.8118e-07  obs_R 2.6024e-07  pred 2.6302e-07  obs_R/pred q=3 0.8984  q=4 0.9894  q=5 1.0305
  5|1.73|1.20  obs(dt) 5.9514e-07  obs(dt/2) 2.7917e-07  obs_R 2.5811e-07  pred 2.6302e-07  obs_R/pred q=3 0.8898  q=4 0.9813  q=5 1.0227
  5|2.27|1.05  obs(dt) 5.7240e-07  obs(dt/2) 2.7947e-07  obs_R 2.5994e-07  pred 2.6302e-07  obs_R/pred q=3 0.9034  q=4 0.9883  q=5 1.0266
  5|2.27|1.20  obs(dt) 5.9508e-07  obs(dt/2) 2.8096e-07  obs_R 2.6002e-07  pred 2.6302e-07  obs_R/pred q=3 0.8976  q=4 0.9886  q=5 1.0297
  5|2.80|1.05  obs(dt) 5.9807e-07  obs(dt/2) 2.8148e-07  obs_R 2.6038e-07  pred 2.6301e-07  obs_R/pred q=3 0.8983  q=4 0.9900  q=5 1.0314
  5|2.80|1.20  obs(dt) 6.0280e-07  obs(dt/2) 2.8136e-07  obs_R 2.5993e-07  pred 2.6301e-07  obs_R/pred q=3 0.8951  q=4 0.9883  q=5 1.0303
  7|1.73|1.05  obs(dt) 2.7520e-07  obs(dt/2) 2.0180e-07  obs_R 1.9691e-07  pred 2.3986e-07  obs_R/pred q=3 0.7976  q=4 0.8209  q=5 0.8315
  7|1.73|1.20  obs(dt) 1.1741e-07  obs(dt/2) 3.8375e-08  obs_R 3.3106e-08  pred 2.3986e-07  obs_R/pred q=3 0.1129  q=4 0.1380  q=5 0.1494
  7|2.27|1.05  obs(dt) 3.0528e-07  obs(dt/2) 2.2261e-07  obs_R 2.1710e-07  pred 2.3986e-07  obs_R/pred q=3 0.8789  q=4 0.9051  q=5 0.9170
  7|2.27|1.20  obs(dt) 3.6865e-07  obs(dt/2) 2.8997e-07  obs_R 2.8472e-07  pred 2.3986e-07  obs_R/pred q=3 1.1620  q=4 1.1870  q=5 1.1983
  7|2.80|1.05  obs(dt) 3.5560e-07  obs(dt/2) 2.6830e-07  obs_R 2.6248e-07  pred 2.3986e-07  obs_R/pred q=3 1.0666  q=4 1.0943  q=5 1.1069
  7|2.80|1.20  obs(dt) 3.0843e-07  obs(dt/2) 2.2375e-07  obs_R 2.1810e-07  pred 2.3986e-07  obs_R/pred q=3 0.8824  q=4 0.9093  q=5 0.9215
  p = 4 : EXPLIQUE
  p = 5 : EXPLIQUE
  p = 7 : NON

TESTS NEGATIFS DE LA REGLE
  [chk PASSE] pred = 0 -> aucun EXPLIQUE -- {4: 'NON', 5: 'NON', 7: 'NON'}
  [chk PASSE] pred x 2 -> NON la ou EXPLIQUE est sorti -- {4: 'NON', 5: 'NON', 7: 'NON'}

BILAN : 3 controles, 0 mordent []
