[0001] DEBUT          banc_qualification_machine1_v15  --mode alpha --registre C:/Users/bazil/AppData/Local/Temp/reg729 --porte-temoin out_run_delta92/temoin_v15/resultats_temoin.json --sortie out_run_delta92/alpha_v15  UTC 2026-09-29T11:02:59Z
[0002] FILES          E18 : aucun numero pris ; maximum cite E42, N-69, D-M17-45 (registre 37ad1b6, pieces .md/.txt)
[0003] N-59           banc_qualification_machine1_v15.py  206641 o  sha256 brut a1553f6eb5cc74b8  convention B a1553f6eb5cc74b8  ASCII/LF True
[0004] E19            gels/temoin_negatif_pre_enregistrement_v11.md  a2e7ef3e237c5acf  72281 o  attendu a2e7ef3e237c5acf 72281  -> CONCORDANT
[0005] E19            gels/constante_A_pre_enregistrement_v9.md  b515abc5a6da73c5  50206 o  attendu b515abc5a6da73c5 50206  -> CONCORDANT
[0006] E19            gels/temoin_negatif_pre_enregistrement_v7.md  8b083e9f109b5a8e  39750 o  attendu 8b083e9f109b5a8e 39750  -> CONCORDANT
[0007] E19            gels/alpha_pre_enregistrement_v5.md  045c2435aaf623ce  28998 o  attendu 045c2435aaf623ce 28998  -> CONCORDANT
[0008] E19            journal/note_machine1_certification_temoin_v11_v2.md  7fc5f2412b99ad50  attendu 7fc5f2412b99ad50  -> CONCORDANT
[0009] E19            journal/note_machine2_certification_constante_A_v4_v1.md  9e6376f936708077  attendu 9e6376f936708077  -> CONCORDANT
[0010] E19            journal/note_machine1_certification_gels_v7_v4.md  6b2425dbf906205b  attendu 6b2425dbf906205b  -> CONCORDANT
[0011] E19            journal/note_machine1_certification_gel_alpha_v5.md  fe43f7c4d142bcdb  attendu fe43f7c4d142bcdb  -> CONCORDANT
[0012] CUSTODY        scripts/m9_replication_v1.py  sha256 brut c8ed357b120352c4...  36325 o  -> CONCORDANT
[0013] CUSTODY        runs/m12_results.json  sha256 brut fa109da92e582520...  130856 o  -> CONCORDANT
[0014] MOTEUR         scripts/m9_replication_v1.py charge, sha256 c8ed357b120352c4..., gel jumeau M9 v2 conforme, P=5 T_MAX=400.0 CAP=10000.0
[0015] PORTE          temoin resultats_temoin.json (9f5cbd763fbcc0ee) : REGLAGE QUALIFIE (bonus T-3 retire) ; reglage {'CAP_depose': 10000.0, 'J': 2, 'M': 20, 'T_MAX_depose': 400.0, 'b': 18, 'c_0': 10, 'c_T': 2, 'delta': '1/32400', 'delta_0': '1/100', 'dt1': 0.006, 'eta': '1/4', 'eta_R': '1/4', 'k': 2, 'k_prime': 4, 'm': 1, 'q': 2, 'r': '1/10'} ; e(dt2)/ln10 par degre max = {4: '4.301e-06', 5: '1.462e-06', 7: '4.552e-07'}
[0016] COMPTE         attendus (forme derivee) : {'plan': 18, 'G_dt': 18, 'G_k': 18, 'G_dt4': 18, 'G_seuil': 9, 'G_lignee': 27} = 108
[0017] CARTE          neuf s* lus (sF) ; regle 11 contre la table 4.2 : ecart max 4.4e-13 -> CONCORDANT
[0018] CARTE          signes joues (4.4 v5, sgn = frag, +1 sans second seuil) : {'4|1.73': '+1 (asym --)', '4|2.27': '+1 (asym --)', '4|2.80': '+1 (asym --)', '5|1.73': '+1 (asym 0.7908)', '5|2.27': '-1 (asym 1.9140)', '5|2.80': '-1 (asym 1.2809)', '7|1.73': '+1 (asym 0.8360)', '7|2.27': '-1 (asym 1.2424)', '7|2.80': '-1 (asym 1.2359)'}
[0019] A-p4_w1.73_c1.05_dt2_k2 bascule pas 20083 t=120.4980 |x|=5.1251e+03 ; phase 2 376 pas -> CAP ; point fixe en 2 it., 180 pts ; alpha=2.000003 (4/(p-2)=2.000000) disp_loc=2.381e-05 ; II : gA^(p-2)/K=1.000003 t*=120.595800
[0020] A-p4_w1.73_c1.05_dt2s2_k2 bascule pas 20083 t=120.4980 |x|=5.1251e+03 ; phase 2 751 pas -> CAP ; point fixe en 2 it., 360 pts ; alpha=2.000000 (4/(p-2)=2.000000) disp_loc=2.450e-06 ; II : gA^(p-2)/K=1.000001 t*=120.595800
[0021] A-p4_w1.73_c1.05_dt2_k4 bascule pas 20066 t=120.3960 |x|=1.2305e+03 ; phase 2 373 pas -> CAP ; point fixe en 2 it., 180 pts ; alpha=2.000002 (4/(p-2)=2.000000) disp_loc=2.206e-05 ; II : gA^(p-2)/K=1.000003 t*=120.595799
[0022] A-p4_w1.73_c1.05_dt2s4_k2 bascule pas 20083 t=120.4980 |x|=5.1251e+03 ; phase 2 1502 pas -> CAP ; point fixe en 2 it., 720 pts ; alpha=1.999999 (4/(p-2)=2.000000) disp_loc=1.169e-06 ; II : gA^(p-2)/K=1.000001 t*=120.595800
[0023] A-p4_w1.73_c1.20_dt2_k2 bascule pas 2086 t=12.5160 |x|=5.0878e+03 ; phase 2 362 pas -> CAP ; point fixe en 2 it., 180 pts ; alpha=2.000003 (4/(p-2)=2.000000) disp_loc=2.491e-05 ; II : gA^(p-2)/K=1.000003 t*=12.614158
[0024] A-p4_w1.73_c1.20_dt2s2_k2 bascule pas 2086 t=12.5160 |x|=5.0878e+03 ; phase 2 743 pas -> CAP ; point fixe en 2 it., 360 pts ; alpha=2.000000 (4/(p-2)=2.000000) disp_loc=2.377e-06 ; II : gA^(p-2)/K=1.000001 t*=12.614158
[0025] A-p4_w1.73_c1.20_dt2_k4 bascule pas 2069 t=12.4140 |x|=1.2260e+03 ; phase 2 379 pas -> CAP ; point fixe en 2 it., 180 pts ; alpha=2.000003 (4/(p-2)=2.000000) disp_loc=2.302e-05 ; II : gA^(p-2)/K=1.000003 t*=12.614158
[0026] A-p4_w1.73_c1.20_dt2s4_k2 bascule pas 2086 t=12.5160 |x|=5.0878e+03 ; phase 2 1505 pas -> CAP ; point fixe en 2 it., 720 pts ; alpha=1.999999 (4/(p-2)=2.000000) disp_loc=1.160e-06 ; II : gA^(p-2)/K=1.000001 t*=12.614158
[0027] S-p4_w1.73_c0.95_seuil sous seuil (s=1.905227) : |x|max phase 2 2.0284e+00 ; ajustement libre alpha=0.0050 t*=400.0056 (T_MAX=400) disp_loc=1.828e-03 ; II gA^(p-2)/K=3.600e-12
[0028] A-p4_w2.27_c1.05_dt2_k2 bascule pas 3889 t=23.3340 |x|=7.6168e+03 ; phase 2 364 pas -> CAP ; point fixe en 2 it., 180 pts ; alpha=2.000002 (4/(p-2)=2.000000) disp_loc=2.144e-05 ; II : gA^(p-2)/K=1.000003 t*=23.414225
[0029] A-p4_w2.27_c1.05_dt2s2_k2 bascule pas 3889 t=23.3340 |x|=7.6168e+03 ; phase 2 748 pas -> CAP ; point fixe en 2 it., 360 pts ; alpha=2.000000 (4/(p-2)=2.000000) disp_loc=2.202e-06 ; II : gA^(p-2)/K=1.000001 t*=23.414225
[0030] A-p4_w2.27_c1.05_dt2_k4 bascule pas 3876 t=23.2560 |x|=1.9619e+03 ; phase 2 370 pas -> CAP ; point fixe en 2 it., 180 pts ; alpha=2.000003 (4/(p-2)=2.000000) disp_loc=2.522e-05 ; II : gA^(p-2)/K=1.000003 t*=23.414223
[0031] A-p4_w2.27_c1.05_dt2s4_k2 bascule pas 3889 t=23.3340 |x|=7.6168e+03 ; phase 2 1516 pas -> CAP ; point fixe en 2 it., 720 pts ; alpha=1.999999 (4/(p-2)=2.000000) disp_loc=9.891e-07 ; II : gA^(p-2)/K=1.000001 t*=23.414225
[0032] A-p4_w2.27_c1.20_dt2_k2 bascule pas 7339 t=44.0340 |x|=8.0655e+03 ; phase 2 362 pas -> CAP ; point fixe en 2 it., 180 pts ; alpha=2.000002 (4/(p-2)=2.000000) disp_loc=2.243e-05 ; II : gA^(p-2)/K=1.000003 t*=44.111960
[0033] A-p4_w2.27_c1.20_dt2s2_k2 bascule pas 7339 t=44.0340 |x|=8.0655e+03 ; phase 2 744 pas -> CAP ; point fixe en 2 it., 360 pts ; alpha=2.000000 (4/(p-2)=2.000000) disp_loc=2.325e-06 ; II : gA^(p-2)/K=1.000001 t*=44.111960
[0034] A-p4_w2.27_c1.20_dt2_k4 bascule pas 7326 t=43.9560 |x|=2.0191e+03 ; phase 2 367 pas -> CAP ; point fixe en 2 it., 180 pts ; alpha=2.000002 (4/(p-2)=2.000000) disp_loc=2.195e-05 ; II : gA^(p-2)/K=1.000003 t*=44.111958
[0035] A-p4_w2.27_c1.20_dt2s4_k2 bascule pas 7339 t=44.0340 |x|=8.0655e+03 ; phase 2 1507 pas -> CAP ; point fixe en 2 it., 720 pts ; alpha=1.999999 (4/(p-2)=2.000000) disp_loc=1.002e-06 ; II : gA^(p-2)/K=1.000001 t*=44.111960
[0036] S-p4_w2.27_c0.95_seuil sous seuil (s=2.772408) : |x|max phase 2 5.0168e+00 ; ajustement libre alpha=-0.0021 t*=400.0045 (T_MAX=400) disp_loc=7.729e-04 ; II gA^(p-2)/K=9.266e-12
[0037] A-p4_w2.80_c1.05_dt2_k2 bascule pas 61135 t=366.8100 |x|=1.1132e+04 ; phase 2 363 pas -> CAP ; point fixe en 2 it., 180 pts ; alpha=2.000002 (4/(p-2)=2.000000) disp_loc=2.128e-05 ; II : gA^(p-2)/K=1.000003 t*=366.876361
[0038] A-p4_w2.80_c1.05_dt2s2_k2 bascule pas 61135 t=366.8100 |x|=1.1132e+04 ; phase 2 746 pas -> CAP ; point fixe en 2 it., 360 pts ; alpha=2.000000 (4/(p-2)=2.000000) disp_loc=2.343e-06 ; II : gA^(p-2)/K=1.000001 t*=366.876361
[0039] A-p4_w2.80_c1.05_dt2_k4 bascule pas 61124 t=366.7440 |x|=2.8036e+03 ; phase 2 368 pas -> CAP ; point fixe en 2 it., 180 pts ; alpha=2.000003 (4/(p-2)=2.000000) disp_loc=2.517e-05 ; II : gA^(p-2)/K=1.000003 t*=366.876358
[0040] A-p4_w2.80_c1.05_dt2s4_k2 bascule pas 61135 t=366.8100 |x|=1.1132e+04 ; phase 2 1512 pas -> CAP ; point fixe en 2 it., 720 pts ; alpha=1.999999 (4/(p-2)=2.000000) disp_loc=9.173e-07 ; II : gA^(p-2)/K=1.000001 t*=366.876361
[0041] A-p4_w2.80_c1.20_dt2_k2 bascule pas 1676 t=10.0560 |x|=1.2425e+04 ; phase 2 363 pas -> CAP ; point fixe en 2 it., 180 pts ; alpha=2.000002 (4/(p-2)=2.000000) disp_loc=2.167e-05 ; II : gA^(p-2)/K=1.000003 t*=10.118810
[0042] A-p4_w2.80_c1.20_dt2s2_k2 bascule pas 1676 t=10.0560 |x|=1.2425e+04 ; phase 2 746 pas -> CAP ; point fixe en 2 it., 360 pts ; alpha=2.000000 (4/(p-2)=2.000000) disp_loc=2.287e-06 ; II : gA^(p-2)/K=1.000001 t*=10.118810
[0043] A-p4_w2.80_c1.20_dt2_k4 bascule pas 1665 t=9.9900 |x|=2.9600e+03 ; phase 2 367 pas -> CAP ; point fixe en 2 it., 180 pts ; alpha=2.000002 (4/(p-2)=2.000000) disp_loc=2.153e-05 ; II : gA^(p-2)/K=1.000003 t*=10.118807
[0044] A-p4_w2.80_c1.20_dt2s4_k2 bascule pas 1676 t=10.0560 |x|=1.2425e+04 ; phase 2 1512 pas -> CAP ; point fixe en 2 it., 720 pts ; alpha=1.999999 (4/(p-2)=2.000000) disp_loc=1.029e-06 ; II : gA^(p-2)/K=1.000001 t*=10.118810
[0045] S-p4_w2.80_c0.95_seuil sous seuil (s=7.722745) : |x|max phase 2 6.0258e+00 ; ajustement libre alpha=-0.0059 t*=400.0037 (T_MAX=400) disp_loc=2.169e-03 ; II gA^(p-2)/K=6.445e-12
[0046] A-p5_w1.73_c1.05_dt2_k2 bascule pas 4439 t=26.6340 |x|=2.1979e+02 ; phase 2 364 pas -> CAP ; point fixe en 2 it., 180 pts ; alpha=1.333334 (4/(p-2)=1.333333) disp_loc=7.822e-06 ; II : gA^(p-2)/K=1.000002 t*=26.729970
[0047] A-p5_w1.73_c1.05_dt2s2_k2 bascule pas 4439 t=26.6340 |x|=2.1979e+02 ; phase 2 748 pas -> CAP ; point fixe en 2 it., 360 pts ; alpha=1.333333 (4/(p-2)=1.333333) disp_loc=1.331e-06 ; II : gA^(p-2)/K=1.000001 t*=26.729970
[0048] A-p5_w1.73_c1.05_dt2_k4 bascule pas 4422 t=26.5320 |x|=8.3915e+01 ; phase 2 362 pas -> CAP ; point fixe en 2 it., 180 pts ; alpha=1.333334 (4/(p-2)=1.333333) disp_loc=8.743e-06 ; II : gA^(p-2)/K=1.000002 t*=26.729970
[0049] A-p5_w1.73_c1.05_dt2s4_k2 bascule pas 4439 t=26.6340 |x|=2.1979e+02 ; phase 2 1515 pas -> CAP ; point fixe en 2 it., 720 pts ; alpha=1.333333 (4/(p-2)=1.333333) disp_loc=8.478e-07 ; II : gA^(p-2)/K=1.000001 t*=26.729970
[0050] A-p5_w1.73_c1.20_dt2_k2 bascule pas 2651 t=15.9060 |x|=2.0945e+02 ; phase 2 378 pas -> CAP ; point fixe en 2 it., 180 pts ; alpha=1.333334 (4/(p-2)=1.333333) disp_loc=8.360e-06 ; II : gA^(p-2)/K=1.000002 t*=16.005497
[0051] A-p5_w1.73_c1.20_dt2s2_k2 bascule pas 2651 t=15.9060 |x|=2.0945e+02 ; phase 2 755 pas -> CAP ; point fixe en 2 it., 360 pts ; alpha=1.333333 (4/(p-2)=1.333333) disp_loc=1.318e-06 ; II : gA^(p-2)/K=1.000001 t*=16.005497
[0052] A-p5_w1.73_c1.20_dt2_k4 bascule pas 2635 t=15.8100 |x|=8.5312e+01 ; phase 2 364 pas -> CAP ; point fixe en 2 it., 180 pts ; alpha=1.333334 (4/(p-2)=1.333333) disp_loc=8.535e-06 ; II : gA^(p-2)/K=1.000002 t*=16.005496
[0053] A-p5_w1.73_c1.20_dt2s4_k2 bascule pas 2651 t=15.9060 |x|=2.0945e+02 ; phase 2 1510 pas -> CAP ; point fixe en 2 it., 720 pts ; alpha=1.333333 (4/(p-2)=1.333333) disp_loc=8.010e-07 ; II : gA^(p-2)/K=1.000001 t*=16.005497
[0054] S-p5_w1.73_c0.95_seuil sous seuil (s=0.623414) : |x|max phase 2 1.2096e+00 ; ajustement libre alpha=-0.0068 t*=400.0056 (T_MAX=400) disp_loc=2.477e-03 ; II gA^(p-2)/K=4.089e-12
[0055] A-p5_w2.27_c1.05_dt2_k2 bascule pas 3815 t=22.8900 |x|=2.9881e+02 ; phase 2 366 pas -> CAP ; point fixe en 2 it., 180 pts ; alpha=1.333334 (4/(p-2)=1.333333) disp_loc=7.914e-06 ; II : gA^(p-2)/K=1.000002 t*=22.966213
[0056] A-p5_w2.27_c1.05_dt2s2_k2 bascule pas 3815 t=22.8900 |x|=2.9881e+02 ; phase 2 752 pas -> CAP ; point fixe en 2 it., 360 pts ; alpha=1.333333 (4/(p-2)=1.333333) disp_loc=1.133e-06 ; II : gA^(p-2)/K=1.000001 t*=22.966213
[0057] A-p5_w2.27_c1.05_dt2_k4 bascule pas 3801 t=22.8060 |x|=1.1132e+02 ; phase 2 367 pas -> CAP ; point fixe en 2 it., 180 pts ; alpha=1.333334 (4/(p-2)=1.333333) disp_loc=7.995e-06 ; II : gA^(p-2)/K=1.000002 t*=22.966212
[0058] A-p5_w2.27_c1.05_dt2s4_k2 bascule pas 3815 t=22.8900 |x|=2.9881e+02 ; phase 2 1503 pas -> CAP ; point fixe en 2 it., 720 pts ; alpha=1.333333 (4/(p-2)=1.333333) disp_loc=7.723e-07 ; II : gA^(p-2)/K=1.000001 t*=22.966213
[0059] A-p5_w2.27_c1.20_dt2_k2 bascule pas 1898 t=11.3880 |x|=2.9957e+02 ; phase 2 374 pas -> CAP ; point fixe en 2 it., 180 pts ; alpha=1.333334 (4/(p-2)=1.333333) disp_loc=8.846e-06 ; II : gA^(p-2)/K=1.000002 t*=11.464072
[0060] A-p5_w2.27_c1.20_dt2s2_k2 bascule pas 1898 t=11.3880 |x|=2.9957e+02 ; phase 2 747 pas -> CAP ; point fixe en 2 it., 360 pts ; alpha=1.333333 (4/(p-2)=1.333333) disp_loc=1.206e-06 ; II : gA^(p-2)/K=1.000001 t*=11.464072
[0061] A-p5_w2.27_c1.20_dt2_k4 bascule pas 1884 t=11.3040 |x|=1.1138e+02 ; phase 2 375 pas -> CAP ; point fixe en 2 it., 180 pts ; alpha=1.333334 (4/(p-2)=1.333333) disp_loc=8.874e-06 ; II : gA^(p-2)/K=1.000002 t*=11.464071
[0062] A-p5_w2.27_c1.20_dt2s4_k2 bascule pas 1898 t=11.3880 |x|=2.9957e+02 ; phase 2 1513 pas -> CAP ; point fixe en 2 it., 720 pts ; alpha=1.333333 (4/(p-2)=1.333333) disp_loc=8.737e-07 ; II : gA^(p-2)/K=1.000001 t*=11.464072
[0063] S-p5_w2.27_c0.95_seuil sous seuil (s=1.337687) : |x|max phase 2 2.6027e-02 ; ajustement libre alpha=-0.6309 t*=400.0045 (T_MAX=400) disp_loc=8.397e-02 ; II gA^(p-2)/K=6.289e-18
[0064] A-p5_w2.80_c1.05_dt2_k2 bascule pas 5740 t=34.4400 |x|=3.7377e+02 ; phase 2 378 pas -> CAP ; point fixe en 2 it., 180 pts ; alpha=1.333334 (4/(p-2)=1.333333) disp_loc=8.007e-06 ; II : gA^(p-2)/K=1.000002 t*=34.504442
[0065] A-p5_w2.80_c1.05_dt2s2_k2 bascule pas 5740 t=34.4400 |x|=3.7377e+02 ; phase 2 756 pas -> CAP ; point fixe en 2 it., 360 pts ; alpha=1.333333 (4/(p-2)=1.333333) disp_loc=1.247e-06 ; II : gA^(p-2)/K=1.000001 t*=34.504442
[0066] A-p5_w2.80_c1.05_dt2_k4 bascule pas 5729 t=34.3740 |x|=1.4623e+02 ; phase 2 362 pas -> CAP ; point fixe en 2 it., 180 pts ; alpha=1.333334 (4/(p-2)=1.333333) disp_loc=7.667e-06 ; II : gA^(p-2)/K=1.000002 t*=34.504441
[0067] A-p5_w2.80_c1.05_dt2s4_k2 bascule pas 5740 t=34.4400 |x|=3.7377e+02 ; phase 2 1511 pas -> CAP ; point fixe en 2 it., 720 pts ; alpha=1.333333 (4/(p-2)=1.333333) disp_loc=7.897e-07 ; II : gA^(p-2)/K=1.000001 t*=34.504442
[0068] A-p5_w2.80_c1.20_dt2_k2 bascule pas 945 t=5.6700 |x|=3.9366e+02 ; phase 2 375 pas -> CAP ; point fixe en 2 it., 180 pts ; alpha=1.333334 (4/(p-2)=1.333333) disp_loc=8.505e-06 ; II : gA^(p-2)/K=1.000002 t*=5.731982
[0069] A-p5_w2.80_c1.20_dt2s2_k2 bascule pas 945 t=5.6700 |x|=3.9366e+02 ; phase 2 749 pas -> CAP ; point fixe en 2 it., 360 pts ; alpha=1.333333 (4/(p-2)=1.333333) disp_loc=1.231e-06 ; II : gA^(p-2)/K=1.000001 t*=5.731982
[0070] A-p5_w2.80_c1.20_dt2_k4 bascule pas 933 t=5.5980 |x|=1.4112e+02 ; phase 2 361 pas -> CAP ; point fixe en 2 it., 180 pts ; alpha=1.333334 (4/(p-2)=1.333333) disp_loc=7.851e-06 ; II : gA^(p-2)/K=1.000002 t*=5.731981
[0071] A-p5_w2.80_c1.20_dt2s4_k2 bascule pas 945 t=5.6700 |x|=3.9366e+02 ; phase 2 1518 pas -> CAP ; point fixe en 2 it., 720 pts ; alpha=1.333333 (4/(p-2)=1.333333) disp_loc=7.964e-07 ; II : gA^(p-2)/K=1.000001 t*=5.731982
[0072] S-p5_w2.80_c0.95_seuil sous seuil (s=2.463482) : |x|max phase 2 9.2285e-01 ; ajustement libre alpha=0.0265 t*=400.0037 (T_MAX=400) disp_loc=1.004e-02 ; II gA^(p-2)/K=3.699e-13
[0073] A-p7_w1.73_c1.05_dt2_k2 bascule pas 3585 t=21.5100 |x|=2.0730e+01 ; phase 2 367 pas -> CAP ; point fixe en 2 it., 180 pts ; alpha=0.800000 (4/(p-2)=0.800000) disp_loc=2.910e-06 ; II : gA^(p-2)/K=1.000002 t*=21.604616
[0074] A-p7_w1.73_c1.05_dt2s2_k2 bascule pas 3585 t=21.5100 |x|=2.0730e+01 ; phase 2 753 pas -> CAP ; point fixe en 2 it., 360 pts ; alpha=0.800000 (4/(p-2)=0.800000) disp_loc=1.144e-06 ; II : gA^(p-2)/K=1.000001 t*=21.604616
[0075] A-p7_w1.73_c1.05_dt2_k4 bascule pas 3568 t=21.4080 |x|=1.1568e+01 ; phase 2 364 pas -> CAP ; point fixe en 2 it., 180 pts ; alpha=0.800000 (4/(p-2)=0.800000) disp_loc=2.672e-06 ; II : gA^(p-2)/K=1.000002 t*=21.604616
[0076] A-p7_w1.73_c1.05_dt2s4_k2 bascule pas 3585 t=21.5100 |x|=2.0730e+01 ; phase 2 1506 pas -> CAP ; point fixe en 2 it., 720 pts ; alpha=0.800000 (4/(p-2)=0.800000) disp_loc=1.155e-06 ; II : gA^(p-2)/K=1.000001 t*=21.604616
[0077] A-p7_w1.73_c1.20_dt2_k2 bascule pas 2037 t=12.2220 |x|=2.0236e+01 ; phase 2 367 pas -> CAP ; point fixe en 2 it., 180 pts ; alpha=0.800000 (4/(p-2)=0.800000) disp_loc=2.404e-06 ; II : gA^(p-2)/K=1.000001 t*=12.319406
[0078] A-p7_w1.73_c1.20_dt2s2_k2 bascule pas 2037 t=12.2220 |x|=2.0236e+01 ; phase 2 754 pas -> CAP ; point fixe en 2 it., 360 pts ; alpha=0.800000 (4/(p-2)=0.800000) disp_loc=2.434e-06 ; II : gA^(p-2)/K=1.000000 t*=12.319406
[0079] A-p7_w1.73_c1.20_dt2_k4 bascule pas 2020 t=12.1200 |x|=1.1392e+01 ; phase 2 365 pas -> CAP ; point fixe en 2 it., 180 pts ; alpha=0.800000 (4/(p-2)=0.800000) disp_loc=2.557e-06 ; II : gA^(p-2)/K=1.000001 t*=12.319406
[0080] A-p7_w1.73_c1.20_dt2s4_k2 bascule pas 2037 t=12.2220 |x|=2.0236e+01 ; phase 2 1508 pas -> CAP ; point fixe en 2 it., 720 pts ; alpha=0.800000 (4/(p-2)=0.800000) disp_loc=2.453e-06 ; II : gA^(p-2)/K=1.000000 t*=12.319406
[0081] S-p7_w1.73_c0.95_seuil sous seuil (s=0.470038) : |x|max phase 2 9.5096e-01 ; ajustement libre alpha=-0.0081 t*=400.0056 (T_MAX=400) disp_loc=2.952e-03 ; II gA^(p-2)/K=5.204e-12
[0082] A-p7_w2.27_c1.05_dt2_k2 bascule pas 2998 t=17.9880 |x|=2.4963e+01 ; phase 2 379 pas -> CAP ; point fixe en 2 it., 180 pts ; alpha=0.800000 (4/(p-2)=0.800000) disp_loc=3.053e-06 ; II : gA^(p-2)/K=1.000002 t*=18.063010
[0083] A-p7_w2.27_c1.05_dt2s2_k2 bascule pas 2998 t=17.9880 |x|=2.4963e+01 ; phase 2 757 pas -> CAP ; point fixe en 2 it., 360 pts ; alpha=0.799999 (4/(p-2)=0.800000) disp_loc=1.015e-06 ; II : gA^(p-2)/K=1.000002 t*=18.063010
[0084] A-p7_w2.27_c1.05_dt2_k4 bascule pas 2984 t=17.9040 |x|=1.3720e+01 ; phase 2 380 pas -> CAP ; point fixe en 2 it., 180 pts ; alpha=0.800000 (4/(p-2)=0.800000) disp_loc=3.023e-06 ; II : gA^(p-2)/K=1.000002 t*=18.063009
[0085] A-p7_w2.27_c1.05_dt2s4_k2 bascule pas 2998 t=17.9880 |x|=2.4963e+01 ; phase 2 1513 pas -> CAP ; point fixe en 2 it., 720 pts ; alpha=0.799999 (4/(p-2)=0.800000) disp_loc=1.031e-06 ; II : gA^(p-2)/K=1.000002 t*=18.063010
[0086] A-p7_w2.27_c1.20_dt2_k2 bascule pas 1585 t=9.5100 |x|=2.5034e+01 ; phase 2 375 pas -> CAP ; point fixe en 2 it., 180 pts ; alpha=0.800000 (4/(p-2)=0.800000) disp_loc=2.962e-06 ; II : gA^(p-2)/K=1.000002 t*=9.584749
[0087] A-p7_w2.27_c1.20_dt2s2_k2 bascule pas 1585 t=9.5100 |x|=2.5034e+01 ; phase 2 750 pas -> CAP ; point fixe en 2 it., 360 pts ; alpha=0.799999 (4/(p-2)=0.800000) disp_loc=1.098e-06 ; II : gA^(p-2)/K=1.000002 t*=9.584749
[0088] A-p7_w2.27_c1.20_dt2_k4 bascule pas 1571 t=9.4260 |x|=1.3771e+01 ; phase 2 376 pas -> CAP ; point fixe en 2 it., 180 pts ; alpha=0.800000 (4/(p-2)=0.800000) disp_loc=2.965e-06 ; II : gA^(p-2)/K=1.000002 t*=9.584748
[0089] A-p7_w2.27_c1.20_dt2s4_k2 bascule pas 1585 t=9.5100 |x|=2.5034e+01 ; phase 2 1520 pas -> CAP ; point fixe en 2 it., 720 pts ; alpha=0.799999 (4/(p-2)=0.800000) disp_loc=9.930e-07 ; II : gA^(p-2)/K=1.000002 t*=9.584749
[0090] S-p7_w2.27_c0.95_seuil sous seuil (s=0.856553) : |x|max phase 2 1.5309e-01 ; ajustement libre alpha=0.0830 t*=400.0045 (T_MAX=400) disp_loc=3.326e-02 ; II gA^(p-2)/K=2.252e-16
[0091] A-p7_w2.80_c1.05_dt2_k2 bascule pas 1918 t=11.5080 |x|=2.8004e+01 ; phase 2 378 pas -> CAP ; point fixe en 2 it., 180 pts ; alpha=0.800000 (4/(p-2)=0.800000) disp_loc=2.868e-06 ; II : gA^(p-2)/K=1.000002 t*=11.573002
[0092] A-p7_w2.80_c1.05_dt2s2_k2 bascule pas 1918 t=11.5080 |x|=2.8004e+01 ; phase 2 756 pas -> CAP ; point fixe en 2 it., 360 pts ; alpha=0.799999 (4/(p-2)=0.800000) disp_loc=8.502e-07 ; II : gA^(p-2)/K=1.000002 t*=11.573002
[0093] A-p7_w2.80_c1.05_dt2_k4 bascule pas 1907 t=11.4420 |x|=1.6027e+01 ; phase 2 362 pas -> CAP ; point fixe en 2 it., 180 pts ; alpha=0.800000 (4/(p-2)=0.800000) disp_loc=2.717e-06 ; II : gA^(p-2)/K=1.000002 t*=11.573002
[0094] A-p7_w2.80_c1.05_dt2s4_k2 bascule pas 1918 t=11.5080 |x|=2.8004e+01 ; phase 2 1511 pas -> CAP ; point fixe en 2 it., 720 pts ; alpha=0.799999 (4/(p-2)=0.800000) disp_loc=6.812e-07 ; II : gA^(p-2)/K=1.000002 t*=11.573002
[0095] A-p7_w2.80_c1.20_dt2_k2 bascule pas 687 t=4.1220 |x|=2.7282e+01 ; phase 2 369 pas -> CAP ; point fixe en 2 it., 180 pts ; alpha=0.800000 (4/(p-2)=0.800000) disp_loc=2.463e-06 ; II : gA^(p-2)/K=1.000002 t*=4.189164
[0096] A-p7_w2.80_c1.20_dt2s2_k2 bascule pas 687 t=4.1220 |x|=2.7282e+01 ; phase 2 758 pas -> CAP ; point fixe en 2 it., 360 pts ; alpha=0.800000 (4/(p-2)=0.800000) disp_loc=6.023e-07 ; II : gA^(p-2)/K=1.000001 t*=4.189164
[0097] A-p7_w2.80_c1.20_dt2_k4 bascule pas 676 t=4.0560 |x|=1.5785e+01 ; phase 2 374 pas -> CAP ; point fixe en 2 it., 180 pts ; alpha=0.800000 (4/(p-2)=0.800000) disp_loc=2.800e-06 ; II : gA^(p-2)/K=1.000002 t*=4.189164
[0098] A-p7_w2.80_c1.20_dt2s4_k2 bascule pas 687 t=4.1220 |x|=2.7282e+01 ; phase 2 1516 pas -> CAP ; point fixe en 2 it., 720 pts ; alpha=0.800000 (4/(p-2)=0.800000) disp_loc=6.079e-07 ; II : gA^(p-2)/K=1.000001 t*=4.189164
[0099] S-p7_w2.80_c0.95_seuil sous seuil (s=1.524343) : |x|max phase 2 1.7298e+00 ; ajustement libre alpha=0.0073 t*=400.0037 (T_MAX=400) disp_loc=2.737e-03 ; II gA^(p-2)/K=2.155e-11
[0100] L-p4_w1.73_c0.95 s=1.905227 sgn=+1 attendu SANS : instrument False (pas None), moteur False ; indice identique None -> OK
[0101] L-p4_w1.73_c1.05 s=2.105777 sgn=+1 attendu EXPLOSE : instrument True (pas 20041), moteur True ; indice identique True -> OK
[0102] L-p4_w1.73_c1.20 s=2.406602 sgn=+1 attendu EXPLOSE : instrument True (pas 2044), moteur True ; indice identique True -> OK
[0103] L-p4_w2.27_c0.95 s=2.772408 sgn=+1 attendu SANS : instrument False (pas None), moteur False ; indice identique None -> OK
[0104] L-p4_w2.27_c1.05 s=3.064241 sgn=+1 attendu EXPLOSE : instrument True (pas 3854), moteur True ; indice identique True -> OK
[0105] L-p4_w2.27_c1.20 s=3.501990 sgn=+1 attendu EXPLOSE : instrument True (pas 7303), moteur True ; indice identique True -> OK
[0106] L-p4_w2.80_c0.95 s=7.722745 sgn=+1 attendu SANS : instrument False (pas None), moteur False ; indice identique None -> OK
[0107] L-p4_w2.80_c1.05 s=8.535665 sgn=+1 attendu EXPLOSE : instrument True (pas 61103), moteur True ; indice identique True -> OK
[0108] L-p4_w2.80_c1.20 s=9.755046 sgn=+1 attendu EXPLOSE : instrument True (pas 1643), moteur True ; indice identique True -> OK
[0109] L-p5_w1.73_c0.95 s=0.623414 sgn=+1 attendu SANS : instrument False (pas None), moteur False ; indice identique None -> OK
[0110] L-p5_w1.73_c1.05 s=0.689037 sgn=+1 attendu EXPLOSE : instrument True (pas 4432), moteur True ; indice identique True -> OK
[0111] L-p5_w1.73_c1.20 s=0.787471 sgn=+1 attendu EXPLOSE : instrument True (pas 2644), moteur True ; indice identique True -> OK
[0112] L-p5_w2.27_c0.95 s=1.337687 sgn=-1 attendu SANS : instrument False (pas None), moteur False ; indice identique None -> OK
[0113] L-p5_w2.27_c1.05 s=1.478496 sgn=-1 attendu EXPLOSE : instrument True (pas 3809), moteur True ; indice identique True -> OK
[0114] L-p5_w2.27_c1.20 s=1.689710 sgn=-1 attendu EXPLOSE : instrument True (pas 1892), moteur True ; indice identique True -> OK
[0115] L-p5_w2.80_c0.95 s=2.463482 sgn=-1 attendu SANS : instrument False (pas None), moteur False ; indice identique None -> OK
[0116] L-p5_w2.80_c1.05 s=2.722796 sgn=-1 attendu EXPLOSE : instrument True (pas 5735), moteur True ; indice identique True -> OK
[0117] L-p5_w2.80_c1.20 s=3.111767 sgn=-1 attendu EXPLOSE : instrument True (pas 939), moteur True ; indice identique True -> OK
[0118] L-p7_w1.73_c0.95 s=0.470038 sgn=+1 attendu SANS : instrument False (pas None), moteur False ; indice identique None -> OK
[0119] L-p7_w1.73_c1.05 s=0.519515 sgn=+1 attendu EXPLOSE : instrument True (pas 3593), moteur True ; indice identique True -> OK
[0120] L-p7_w1.73_c1.20 s=0.593732 sgn=+1 attendu EXPLOSE : instrument True (pas 2045), moteur True ; indice identique True -> OK
[0121] L-p7_w2.27_c0.95 s=0.856553 sgn=-1 attendu SANS : instrument False (pas None), moteur False ; indice identique None -> OK
[0122] L-p7_w2.27_c1.05 s=0.946716 sgn=-1 attendu EXPLOSE : instrument True (pas 3005), moteur True ; indice identique True -> OK
[0123] L-p7_w2.27_c1.20 s=1.081961 sgn=-1 attendu EXPLOSE : instrument True (pas 1592), moteur True ; indice identique True -> OK
[0124] L-p7_w2.80_c0.95 s=1.524343 sgn=-1 attendu SANS : instrument False (pas None), moteur False ; indice identique None -> OK
[0125] L-p7_w2.80_c1.05 s=1.684801 sgn=-1 attendu EXPLOSE : instrument True (pas 1924), moteur True ; indice identique True -> OK
[0126] L-p7_w2.80_c1.20 s=1.925486 sgn=-1 attendu EXPLOSE : instrument True (pas 693), moteur True ; indice identique True -> OK
[0127] L-desc         reference du 85 lue (6d7d23130e9322f8) : dix-huit denominateurs, cellule du plan
[0128] DEGRE-p4       exploitable True ; tol=2.4907528222595232e-05 tol/(8/15)=4.670161541736606e-05 (plafond 2/15) ; G-dt False (ecart/(8/15)=5.740832149242481e-06) G-k False (7.314549665959902e-07) ; conversion 5.3(iv) True ; P-alpha True ; G-s False G-w2 False ; dispersion_lnA=1.008633631727207e-06 plancher_lnA=1.5432098765432098e-06 tol_lnA=4.467898939708448e-09 (tol/plancher=86005.63355301647) P-A True
[0129] DEGRE-p5       exploitable True ; tol=8.845505755861183e-06 tol/(8/15)=1.6585323292239718e-05 (plafond 2/15) ; G-dt False (ecart/(8/15)=2.068340085453757e-06) G-k False (1.7835829854706553e-07) ; conversion 5.3(iv) True ; P-alpha True ; G-s False G-w2 False ; dispersion_lnA=3.2839244878957174e-07 plancher_lnA=2.136752136752137e-06 tol_lnA=3.7152121379335767e-09 (tol/plancher=30361.7562574721) P-A True
[0130] DEGRE-p7       exploitable True ; tol=3.0527900085619564e-06 tol/(8/15)=5.723981266053668e-06 (plafond 2/15) ; G-dt False (ecart/(8/15)=7.30585519373439e-07) G-k False (6.598009576197494e-08) ; conversion 5.3(iv) True ; P-alpha True ; G-s False G-w2 False ; dispersion_lnA=8.674771612149357e-08 plancher_lnA=2.9007704446300936e-06 tol_lnA=3.518211277864225e-09 (tol/plancher=11057.40881920075) P-A True
[0131] G-lignee       booleens identiques au moteur (le lien) 27/27 ; attendu du gel 5.6 (explose ssi c > 1) respecte 27/27
[0132] G-seuil        4|1.73 : {'statut': 'AJUSTE', 'i_dispersion': False, 'ii_t_star_fini': False, 'iii_A': False} -> muette
[0133] G-seuil        4|2.27 : {'statut': 'AJUSTE', 'i_dispersion': False, 'ii_t_star_fini': False, 'iii_A': False} -> muette
[0134] G-seuil        4|2.80 : {'statut': 'AJUSTE', 'i_dispersion': False, 'ii_t_star_fini': False, 'iii_A': False} -> muette
[0135] G-seuil        5|1.73 : {'statut': 'AJUSTE', 'i_dispersion': False, 'ii_t_star_fini': False, 'iii_A': False} -> muette
[0136] G-seuil        5|2.27 : {'statut': 'AJUSTE', 'i_dispersion': False, 'ii_t_star_fini': False, 'iii_A': False} -> muette
[0137] G-seuil        5|2.80 : {'statut': 'AJUSTE', 'i_dispersion': False, 'ii_t_star_fini': False, 'iii_A': False} -> muette
[0138] G-seuil        7|1.73 : {'statut': 'AJUSTE', 'i_dispersion': False, 'ii_t_star_fini': False, 'iii_A': False} -> muette
[0139] G-seuil        7|2.27 : {'statut': 'AJUSTE', 'i_dispersion': False, 'ii_t_star_fini': False, 'iii_A': False} -> muette
[0140] G-seuil        7|2.80 : {'statut': 'AJUSTE', 'i_dispersion': False, 'ii_t_star_fini': False, 'iii_A': False} -> muette
[0141] G-comptes      comptes 108 + sautes 0 == attendus 108 -> PASSE
[0142] VERDICT        VERIFIE -- branche 5 : P-alpha les six par degre ET P-A aux trois degres
[0143] BANC           banc des gardes rejoue a la fin du run (D-b-3) :
[0144] T1b-a          CAP=100 T_MAX=200 -> seuil=0.9765628546965307 motif=OK|pas=6.03e-07 k=0 ; W-transcription (iii) PASSE : pas=6.03e-07 attendu(k=0)=6.03e-07 den=9863185 encadrement=[0.05, 6] seuil=0.9765628546965307 coherent=True
[0145] T1b-b          CAP=200 T_MAX=200 -> seuil=1.9531251619025702 motif=OK|pas=6.03e-07 k=0 ; W-transcription (iii) PASSE : pas=6.03e-07 attendu(k=0)=6.03e-07 den=9863185 encadrement=[0.05, 6] seuil=1.9531251619025702 coherent=True
[0146] T1b-c          CAP=100 T_MAX=400 -> seuil=0.48828170109351093 motif=OK|pas=6.03e-07 k=0 ; W-transcription (iii) PASSE : pas=6.03e-07 attendu(k=0)=6.03e-07 den=9863185 encadrement=[0.05, 6] seuil=0.48828170109351093 coherent=True
[0147] BANC           G1 W-pas seule -> NON CONCLUANT D'INTEGRATEUR branche 4, motif la nomme seule MORD NON CONCLUANT D'INTEGRATEUR / branche 4 : W-pas x MORD
[0148] BANC           G2 W-plancher seule -> NON CONCLUANT D'INTEGRATEUR branche 4, motif la nomme seule MORD NON CONCLUANT D'INTEGRATEUR / branche 4 : W-plancher x MORD
[0149] BANC           G3 W-bascule seule -> NON CONCLUANT D'INTEGRATEUR branche 4, motif la nomme seule MORD NON CONCLUANT D'INTEGRATEUR / branche 4 : W-bascule x MORD
[0150] BANC           G4 W-croissance (CAP_0 jamais franchi) -> NON CONCLUANT DE TEMOIN branche 2 MORD NON CONCLUANT DE TEMOIN / branche 2 : W-croissance MORD
[0151] BANC           G5 3bis (i) R hors des deux fenetres, tol_R sous plafond -> NON CONCLUANT DE REGIME MORD R=['1.800', '2.222', '1.800', '2.222'] tol_R=0.208 NON CONCLUANT DE REGIME
[0152] T1b-a          CAP=100 T_MAX=200 -> seuil=0.0976564162590482 motif=OK|pas=6.03e-07 k=0 ; W-transcription (iii) PASSE : pas=6.03e-07 attendu(k=0)=6.03e-07 den=9863185 encadrement=[0.05, 6] seuil=0.0976564162590482 coherent=True
[0153] T1b-b          CAP=200 T_MAX=200 -> seuil=0.13810697051713017 motif=OK|pas=6.03e-07 k=0 ; W-transcription (iii) PASSE : pas=6.03e-07 attendu(k=0)=6.03e-07 den=9863185 encadrement=[0.05, 6] seuil=0.13810697051713017 coherent=True
[0154] T1b-c          CAP=100 T_MAX=400 -> seuil=0.0488281270198217 motif=OK|pas=3.80e-09 k=-1 ; W-transcription (iii) PASSE : pas=3.80e-09 attendu(k=-1)=3.80e-09 den=9863185 encadrement=[0.0125, 0.05] seuil=0.0488281270198217 coherent=True
[0155] BANC           G6 3bis (ii) T-1b ni loi 1 ni stable (s* ~ sqrt(CAP)) -> NON CONCLUANT DE REGIME MORD loi1=1.4142 loi2=0.5000 NON CONCLUANT DE REGIME
[0156] BANC           G7 4bis tol_ordre > plafond -> NON CONCLUANT DE RESOLUTION   MORD NON CONCLUANT DE RESOLUTION / branche 4bis : une tolerance depasse son plafond
[0157] BANC           G8 4bis tol_R > eta_R (q-1) sans saturation -> NON CONCLUANT DE RESOLUTION MORD R=['1.500', '1.600', '1.667', '1.800'] tol_R/(q-1)=1.667 NON CONCLUANT DE RESOLUTION
[0158] BANC           G9 W-comptes 40 + 0 != 41 -> BANC NON JOUE                   MORD W-comptes MORD (40 + 0 != 41)
[0159] BANC           G10 etat tangent (1,0,0,1) : H1_0 = 0 -> ARRET declare (gel 4.3) MORD 
[0160] BANC           G11 alpha(dt2) != alpha(dt2/2) -> G-dt MORD -> NON CONCLUANT DE RESOLUTION branche 2 MORD NON CONCLUANT DE RESOLUTION / branche 2 : G-dt p=4, plafond 10.2 p=4, G-dt p=5, plafond 10.2 p=5, G-dt p=7, plafond 10.2 p=7 MORD
[0161] BANC           G12 alpha(k=4) != alpha(k=2) -> G-k MORD -> NON CONCLUANT DE RESOLUTION branche 2 MORD NON CONCLUANT DE RESOLUTION / branche 2 : G-k p=4, plafond 10.2 p=4, G-k p=5, plafond 10.2 p=5, G-k p=7, plafond 10.2 p=7 MORD
[0162] BANC           G13 alpha depend de w2 -> G-w2 MORD -> REFUTE branche 4, motif G-w2 MORD REFUTE / branche 4 : G-w2 p=4, G-w2 p=5, G-w2 p=7 MORD (alpha depend de s ou de w2)
[0163] BANC           G14 CAP_p jamais atteint -> G-fen -> NON CONCLUANT DE FENETRE branche 3, compte inchange MORD NON CONCLUANT DE FENETRE ; comptes=81
[0164] A-s            bascule pas 3857 t=23.1420 |x|=7.6547e+05 ; phase 2 555 pas -> CAP ; point fixe en 2 it., 180 pts ; alpha=2.000000 (4/(p-2)=2.000000) disp_loc=1.042e-04 ; II : gA^(p-2)/K=1.000000 t*=23.150000
[0165] A-s            bascule pas 3857 t=23.1420 |x|=7.6547e+05 ; phase 2 1110 pas -> CAP ; point fixe en 2 it., 360 pts ; alpha=2.000000 (4/(p-2)=2.000000) disp_loc=2.547e-04 ; II : gA^(p-2)/K=1.000004 t*=23.150000
[0166] A-s            bascule pas 3856 t=23.1360 |x|=2.4995e+05 ; phase 2 987 pas -> CAP ; point fixe en 2 it., 180 pts ; alpha=2.000000 (4/(p-2)=2.000000) disp_loc=9.573e-05 ; II : gA^(p-2)/K=0.999996 t*=23.150000
[0167] A-s            bascule pas 3857 t=23.1420 |x|=7.6547e+05 ; phase 2 2221 pas -> CAP ; point fixe en 2 it., 720 pts ; alpha=2.000000 (4/(p-2)=2.000000) disp_loc=6.458e-04 ; II : gA^(p-2)/K=1.000004 t*=23.150000
[0168] A-s            bascule pas 3932 t=23.5920 |x|=7.6547e+05 ; phase 2 555 pas -> CAP ; point fixe en 2 it., 180 pts ; alpha=2.000000 (4/(p-2)=2.000000) disp_loc=1.042e-04 ; II : gA^(p-2)/K=1.000000 t*=23.600000
[0169] A-s            bascule pas 3932 t=23.5920 |x|=7.6547e+05 ; phase 2 1110 pas -> CAP ; point fixe en 2 it., 360 pts ; alpha=2.000000 (4/(p-2)=2.000000) disp_loc=2.547e-04 ; II : gA^(p-2)/K=1.000004 t*=23.600000
[0170] A-s            bascule pas 3931 t=23.5860 |x|=2.4995e+05 ; phase 2 987 pas -> CAP ; point fixe en 2 it., 180 pts ; alpha=2.000000 (4/(p-2)=2.000000) disp_loc=9.573e-05 ; II : gA^(p-2)/K=0.999996 t*=23.600000
[0171] A-s            bascule pas 3932 t=23.5920 |x|=7.6547e+05 ; phase 2 2221 pas -> CAP ; point fixe en 2 it., 720 pts ; alpha=2.000000 (4/(p-2)=2.000000) disp_loc=6.458e-04 ; II : gA^(p-2)/K=1.000004 t*=23.600000
[0172] S-s            sous seuil (s=1.905227) : |x|max phase 2 2.9961e+00 ; ajustement libre alpha=0.0006 t*=400.0056 (T_MAX=400) disp_loc=2.802e-04 ; II gA^(p-2)/K=7.867e-12
[0173] A-s            bascule pas 3857 t=23.1420 |x|=7.6547e+05 ; phase 2 694 pas -> CAP ; point fixe en 2 it., 180 pts ; alpha=2.000000 (4/(p-2)=2.000000) disp_loc=1.207e-04 ; II : gA^(p-2)/K=1.000000 t*=23.150000
[0174] A-s            bascule pas 3857 t=23.1420 |x|=7.6547e+05 ; phase 2 1388 pas -> CAP ; point fixe en 2 it., 360 pts ; alpha=2.000000 (4/(p-2)=2.000000) disp_loc=2.304e-04 ; II : gA^(p-2)/K=1.000004 t*=23.150000
[0175] A-s            bascule pas 3856 t=23.1360 |x|=2.4995e+05 ; phase 2 1230 pas -> CAP ; point fixe en 2 it., 180 pts ; alpha=2.000000 (4/(p-2)=2.000000) disp_loc=9.437e-05 ; II : gA^(p-2)/K=0.999996 t*=23.150000
[0176] A-s            bascule pas 3857 t=23.1420 |x|=7.6547e+05 ; phase 2 2777 pas -> CAP ; point fixe en 2 it., 720 pts ; alpha=2.000000 (4/(p-2)=2.000000) disp_loc=4.976e-04 ; II : gA^(p-2)/K=1.000004 t*=23.150000
[0177] A-s            bascule pas 3932 t=23.5920 |x|=7.6547e+05 ; phase 2 694 pas -> CAP ; point fixe en 2 it., 180 pts ; alpha=2.000000 (4/(p-2)=2.000000) disp_loc=1.207e-04 ; II : gA^(p-2)/K=1.000000 t*=23.600000
[0178] A-s            bascule pas 3932 t=23.5920 |x|=7.6547e+05 ; phase 2 1388 pas -> CAP ; point fixe en 2 it., 360 pts ; alpha=2.000000 (4/(p-2)=2.000000) disp_loc=2.304e-04 ; II : gA^(p-2)/K=1.000004 t*=23.600000
[0179] A-s            bascule pas 3931 t=23.5860 |x|=2.4995e+05 ; phase 2 1230 pas -> CAP ; point fixe en 2 it., 180 pts ; alpha=2.000000 (4/(p-2)=2.000000) disp_loc=9.437e-05 ; II : gA^(p-2)/K=0.999996 t*=23.600000
[0180] A-s            bascule pas 3932 t=23.5920 |x|=7.6547e+05 ; phase 2 2777 pas -> CAP ; point fixe en 2 it., 720 pts ; alpha=2.000000 (4/(p-2)=2.000000) disp_loc=4.976e-04 ; II : gA^(p-2)/K=1.000004 t*=23.600000
[0181] S-s            sous seuil (s=2.772408) : |x|max phase 2 2.9961e+00 ; ajustement libre alpha=0.0005 t*=400.0045 (T_MAX=400) disp_loc=2.163e-04 ; II gA^(p-2)/K=3.313e-12
[0182] A-s            bascule pas 3857 t=23.1420 |x|=7.6547e+05 ; phase 2 836 pas -> CAP ; point fixe en 2 it., 180 pts ; alpha=2.000000 (4/(p-2)=2.000000) disp_loc=9.713e-05 ; II : gA^(p-2)/K=1.000000 t*=23.150000
[0183] A-s            bascule pas 3857 t=23.1420 |x|=7.6547e+05 ; phase 2 1672 pas -> CAP ; point fixe en 2 it., 360 pts ; alpha=2.000000 (4/(p-2)=2.000000) disp_loc=3.055e-04 ; II : gA^(p-2)/K=1.000004 t*=23.150000
[0184] A-s            bascule pas 3857 t=23.1420 |x|=7.6547e+05 ; phase 2 836 pas -> CAP ; point fixe en 2 it., 180 pts ; alpha=2.000000 (4/(p-2)=2.000000) disp_loc=9.713e-05 ; II : gA^(p-2)/K=0.999996 t*=23.150000
[0185] A-s            bascule pas 3857 t=23.1420 |x|=7.6547e+05 ; phase 2 3345 pas -> CAP ; point fixe en 2 it., 720 pts ; alpha=2.000000 (4/(p-2)=2.000000) disp_loc=5.327e-04 ; II : gA^(p-2)/K=1.000004 t*=23.150000
[0186] A-s            bascule pas 3932 t=23.5920 |x|=7.6547e+05 ; phase 2 836 pas -> CAP ; point fixe en 2 it., 180 pts ; alpha=2.000000 (4/(p-2)=2.000000) disp_loc=9.713e-05 ; II : gA^(p-2)/K=1.000000 t*=23.600000
[0187] A-s            bascule pas 3932 t=23.5920 |x|=7.6547e+05 ; phase 2 1672 pas -> CAP ; point fixe en 2 it., 360 pts ; alpha=2.000000 (4/(p-2)=2.000000) disp_loc=3.055e-04 ; II : gA^(p-2)/K=1.000004 t*=23.600000
[0188] A-s            bascule pas 3932 t=23.5920 |x|=7.6547e+05 ; phase 2 836 pas -> CAP ; point fixe en 2 it., 180 pts ; alpha=2.000000 (4/(p-2)=2.000000) disp_loc=9.713e-05 ; II : gA^(p-2)/K=0.999996 t*=23.600000
[0189] A-s            bascule pas 3932 t=23.5920 |x|=7.6547e+05 ; phase 2 3345 pas -> CAP ; point fixe en 2 it., 720 pts ; alpha=2.000000 (4/(p-2)=2.000000) disp_loc=5.327e-04 ; II : gA^(p-2)/K=1.000004 t*=23.600000
[0190] S-s            sous seuil (s=7.722745) : |x|max phase 2 2.9961e+00 ; ajustement libre alpha=0.0004 t*=400.0037 (T_MAX=400) disp_loc=1.750e-04 ; II gA^(p-2)/K=1.605e-12
[0191] A-s            bascule pas 3857 t=23.1420 |x|=6.0315e+03 ; phase 2 555 pas -> CAP ; point fixe en 2 it., 180 pts ; alpha=1.333333 (4/(p-2)=1.333333) disp_loc=1.208e-04 ; II : gA^(p-2)/K=1.000000 t*=23.150000
[0192] A-s            bascule pas 3857 t=23.1420 |x|=6.0315e+03 ; phase 2 1110 pas -> CAP ; point fixe en 2 it., 360 pts ; alpha=1.333333 (4/(p-2)=1.333333) disp_loc=2.859e-04 ; II : gA^(p-2)/K=1.000006 t*=23.150000
[0193] A-s            bascule pas 3856 t=23.1360 |x|=2.8601e+03 ; phase 2 987 pas -> CAP ; point fixe en 2 it., 180 pts ; alpha=1.333333 (4/(p-2)=1.333333) disp_loc=1.145e-04 ; II : gA^(p-2)/K=0.999994 t*=23.150000
[0194] A-s            bascule pas 3857 t=23.1420 |x|=6.0315e+03 ; phase 2 2221 pas -> CAP ; point fixe en 2 it., 720 pts ; alpha=1.333333 (4/(p-2)=1.333333) disp_loc=5.232e-04 ; II : gA^(p-2)/K=1.000006 t*=23.150000
[0195] A-s            bascule pas 3932 t=23.5920 |x|=6.0315e+03 ; phase 2 555 pas -> CAP ; point fixe en 2 it., 180 pts ; alpha=1.333333 (4/(p-2)=1.333333) disp_loc=1.208e-04 ; II : gA^(p-2)/K=1.000000 t*=23.600000
[0196] A-s            bascule pas 3932 t=23.5920 |x|=6.0315e+03 ; phase 2 1110 pas -> CAP ; point fixe en 2 it., 360 pts ; alpha=1.333333 (4/(p-2)=1.333333) disp_loc=2.859e-04 ; II : gA^(p-2)/K=1.000006 t*=23.600000
[0197] A-s            bascule pas 3931 t=23.5860 |x|=2.8601e+03 ; phase 2 987 pas -> CAP ; point fixe en 2 it., 180 pts ; alpha=1.333333 (4/(p-2)=1.333333) disp_loc=1.145e-04 ; II : gA^(p-2)/K=0.999994 t*=23.600000
[0198] A-s            bascule pas 3932 t=23.5920 |x|=6.0315e+03 ; phase 2 2221 pas -> CAP ; point fixe en 2 it., 720 pts ; alpha=1.333333 (4/(p-2)=1.333333) disp_loc=5.232e-04 ; II : gA^(p-2)/K=1.000006 t*=23.600000
[0199] S-s            sous seuil (s=0.623414) : |x|max phase 2 2.9961e+00 ; ajustement libre alpha=0.0006 t*=400.0056 (T_MAX=400) disp_loc=2.802e-04 ; II gA^(p-2)/K=6.293e-11
[0200] A-s            bascule pas 3857 t=23.1420 |x|=6.0315e+03 ; phase 2 694 pas -> CAP ; point fixe en 2 it., 180 pts ; alpha=1.333333 (4/(p-2)=1.333333) disp_loc=1.219e-04 ; II : gA^(p-2)/K=1.000000 t*=23.150000
[0201] A-s            bascule pas 3857 t=23.1420 |x|=6.0315e+03 ; phase 2 1388 pas -> CAP ; point fixe en 2 it., 360 pts ; alpha=1.333333 (4/(p-2)=1.333333) disp_loc=2.298e-04 ; II : gA^(p-2)/K=1.000006 t*=23.150000
[0202] A-s            bascule pas 3856 t=23.1360 |x|=2.8601e+03 ; phase 2 1230 pas -> CAP ; point fixe en 2 it., 180 pts ; alpha=1.333333 (4/(p-2)=1.333333) disp_loc=1.203e-04 ; II : gA^(p-2)/K=0.999994 t*=23.150000
[0203] A-s            bascule pas 3857 t=23.1420 |x|=6.0315e+03 ; phase 2 2777 pas -> CAP ; point fixe en 2 it., 720 pts ; alpha=1.333333 (4/(p-2)=1.333333) disp_loc=5.149e-04 ; II : gA^(p-2)/K=1.000006 t*=23.150000
[0204] A-s            bascule pas 3932 t=23.5920 |x|=6.0315e+03 ; phase 2 694 pas -> CAP ; point fixe en 2 it., 180 pts ; alpha=1.333333 (4/(p-2)=1.333333) disp_loc=1.219e-04 ; II : gA^(p-2)/K=1.000000 t*=23.600000
[0205] A-s            bascule pas 3932 t=23.5920 |x|=6.0315e+03 ; phase 2 1388 pas -> CAP ; point fixe en 2 it., 360 pts ; alpha=1.333333 (4/(p-2)=1.333333) disp_loc=2.298e-04 ; II : gA^(p-2)/K=1.000006 t*=23.600000
[0206] A-s            bascule pas 3931 t=23.5860 |x|=2.8601e+03 ; phase 2 1230 pas -> CAP ; point fixe en 2 it., 180 pts ; alpha=1.333333 (4/(p-2)=1.333333) disp_loc=1.203e-04 ; II : gA^(p-2)/K=0.999994 t*=23.600000
[0207] A-s            bascule pas 3932 t=23.5920 |x|=6.0315e+03 ; phase 2 2777 pas -> CAP ; point fixe en 2 it., 720 pts ; alpha=1.333333 (4/(p-2)=1.333333) disp_loc=5.149e-04 ; II : gA^(p-2)/K=1.000006 t*=23.600000
[0208] S-s            sous seuil (s=1.337687) : |x|max phase 2 2.9961e+00 ; ajustement libre alpha=0.0005 t*=400.0045 (T_MAX=400) disp_loc=2.163e-04 ; II gA^(p-2)/K=2.651e-11
[0209] A-s            bascule pas 3857 t=23.1420 |x|=6.0315e+03 ; phase 2 836 pas -> CAP ; point fixe en 2 it., 180 pts ; alpha=1.333333 (4/(p-2)=1.333333) disp_loc=1.133e-04 ; II : gA^(p-2)/K=1.000000 t*=23.150000
[0210] A-s            bascule pas 3857 t=23.1420 |x|=6.0315e+03 ; phase 2 1672 pas -> CAP ; point fixe en 2 it., 360 pts ; alpha=1.333333 (4/(p-2)=1.333333) disp_loc=2.470e-04 ; II : gA^(p-2)/K=1.000006 t*=23.150000
[0211] A-s            bascule pas 3857 t=23.1420 |x|=6.0315e+03 ; phase 2 836 pas -> CAP ; point fixe en 2 it., 180 pts ; alpha=1.333333 (4/(p-2)=1.333333) disp_loc=1.133e-04 ; II : gA^(p-2)/K=0.999994 t*=23.150000
[0212] A-s            bascule pas 3857 t=23.1420 |x|=6.0315e+03 ; phase 2 3345 pas -> CAP ; point fixe en 2 it., 720 pts ; alpha=1.333333 (4/(p-2)=1.333333) disp_loc=5.967e-04 ; II : gA^(p-2)/K=1.000006 t*=23.150000
[0213] A-s            bascule pas 3932 t=23.5920 |x|=6.0315e+03 ; phase 2 836 pas -> CAP ; point fixe en 2 it., 180 pts ; alpha=1.333333 (4/(p-2)=1.333333) disp_loc=1.133e-04 ; II : gA^(p-2)/K=1.000000 t*=23.600000
[0214] A-s            bascule pas 3932 t=23.5920 |x|=6.0315e+03 ; phase 2 1672 pas -> CAP ; point fixe en 2 it., 360 pts ; alpha=1.333333 (4/(p-2)=1.333333) disp_loc=2.470e-04 ; II : gA^(p-2)/K=1.000006 t*=23.600000
[0215] A-s            bascule pas 3932 t=23.5920 |x|=6.0315e+03 ; phase 2 836 pas -> CAP ; point fixe en 2 it., 180 pts ; alpha=1.333333 (4/(p-2)=1.333333) disp_loc=1.133e-04 ; II : gA^(p-2)/K=0.999994 t*=23.600000
[0216] A-s            bascule pas 3932 t=23.5920 |x|=6.0315e+03 ; phase 2 3345 pas -> CAP ; point fixe en 2 it., 720 pts ; alpha=1.333333 (4/(p-2)=1.333333) disp_loc=5.967e-04 ; II : gA^(p-2)/K=1.000006 t*=23.600000
[0217] S-s            sous seuil (s=2.463482) : |x|max phase 2 2.9961e+00 ; ajustement libre alpha=0.0004 t*=400.0037 (T_MAX=400) disp_loc=1.750e-04 ; II gA^(p-2)/K=1.284e-11
[0218] A-s            bascule pas 3857 t=23.1420 |x|=1.4955e+02 ; phase 2 555 pas -> CAP ; point fixe en 2 it., 180 pts ; alpha=0.800000 (4/(p-2)=0.800000) disp_loc=1.222e-04 ; II : gA^(p-2)/K=1.000000 t*=23.150000
[0219] A-s            bascule pas 3857 t=23.1420 |x|=1.4955e+02 ; phase 2 1110 pas -> CAP ; point fixe en 2 it., 360 pts ; alpha=0.800000 (4/(p-2)=0.800000) disp_loc=2.671e-04 ; II : gA^(p-2)/K=1.000010 t*=23.150000
[0220] A-s            bascule pas 3856 t=23.1360 |x|=9.5579e+01 ; phase 2 987 pas -> CAP ; point fixe en 2 it., 180 pts ; alpha=0.800000 (4/(p-2)=0.800000) disp_loc=1.101e-04 ; II : gA^(p-2)/K=0.999990 t*=23.150000
[0221] A-s            bascule pas 3857 t=23.1420 |x|=1.4955e+02 ; phase 2 2221 pas -> CAP ; point fixe en 2 it., 720 pts ; alpha=0.800000 (4/(p-2)=0.800000) disp_loc=5.594e-04 ; II : gA^(p-2)/K=1.000010 t*=23.150000
[0222] A-s            bascule pas 3932 t=23.5920 |x|=1.4955e+02 ; phase 2 555 pas -> CAP ; point fixe en 2 it., 180 pts ; alpha=0.800000 (4/(p-2)=0.800000) disp_loc=1.222e-04 ; II : gA^(p-2)/K=1.000000 t*=23.600000
[0223] A-s            bascule pas 3932 t=23.5920 |x|=1.4955e+02 ; phase 2 1110 pas -> CAP ; point fixe en 2 it., 360 pts ; alpha=0.800000 (4/(p-2)=0.800000) disp_loc=2.671e-04 ; II : gA^(p-2)/K=1.000010 t*=23.600000
[0224] A-s            bascule pas 3931 t=23.5860 |x|=9.5579e+01 ; phase 2 987 pas -> CAP ; point fixe en 2 it., 180 pts ; alpha=0.800000 (4/(p-2)=0.800000) disp_loc=1.101e-04 ; II : gA^(p-2)/K=0.999990 t*=23.600000
[0225] A-s            bascule pas 3932 t=23.5920 |x|=1.4955e+02 ; phase 2 2221 pas -> CAP ; point fixe en 2 it., 720 pts ; alpha=0.800000 (4/(p-2)=0.800000) disp_loc=5.594e-04 ; II : gA^(p-2)/K=1.000010 t*=23.600000
[0226] S-s            sous seuil (s=0.470038) : |x|max phase 2 2.9961e+00 ; ajustement libre alpha=0.0006 t*=400.0056 (T_MAX=400) disp_loc=2.802e-04 ; II gA^(p-2)/K=1.657e-09
[0227] A-s            bascule pas 3857 t=23.1420 |x|=1.4955e+02 ; phase 2 694 pas -> CAP ; point fixe en 2 it., 180 pts ; alpha=0.800000 (4/(p-2)=0.800000) disp_loc=1.026e-04 ; II : gA^(p-2)/K=1.000000 t*=23.150000
[0228] A-s            bascule pas 3857 t=23.1420 |x|=1.4955e+02 ; phase 2 1388 pas -> CAP ; point fixe en 2 it., 360 pts ; alpha=0.800000 (4/(p-2)=0.800000) disp_loc=2.609e-04 ; II : gA^(p-2)/K=1.000010 t*=23.150000
[0229] A-s            bascule pas 3856 t=23.1360 |x|=9.5579e+01 ; phase 2 1230 pas -> CAP ; point fixe en 2 it., 180 pts ; alpha=0.800000 (4/(p-2)=0.800000) disp_loc=9.426e-05 ; II : gA^(p-2)/K=0.999990 t*=23.150000
[0230] A-s            bascule pas 3857 t=23.1420 |x|=1.4955e+02 ; phase 2 2777 pas -> CAP ; point fixe en 2 it., 720 pts ; alpha=0.800000 (4/(p-2)=0.800000) disp_loc=4.971e-04 ; II : gA^(p-2)/K=1.000010 t*=23.150000
[0231] A-s            bascule pas 3932 t=23.5920 |x|=1.4955e+02 ; phase 2 694 pas -> CAP ; point fixe en 2 it., 180 pts ; alpha=0.800000 (4/(p-2)=0.800000) disp_loc=1.026e-04 ; II : gA^(p-2)/K=1.000000 t*=23.600000
[0232] A-s            bascule pas 3932 t=23.5920 |x|=1.4955e+02 ; phase 2 1388 pas -> CAP ; point fixe en 2 it., 360 pts ; alpha=0.800000 (4/(p-2)=0.800000) disp_loc=2.609e-04 ; II : gA^(p-2)/K=1.000010 t*=23.600000
[0233] A-s            bascule pas 3931 t=23.5860 |x|=9.5579e+01 ; phase 2 1230 pas -> CAP ; point fixe en 2 it., 180 pts ; alpha=0.800000 (4/(p-2)=0.800000) disp_loc=9.426e-05 ; II : gA^(p-2)/K=0.999990 t*=23.600000
[0234] A-s            bascule pas 3932 t=23.5920 |x|=1.4955e+02 ; phase 2 2777 pas -> CAP ; point fixe en 2 it., 720 pts ; alpha=0.800000 (4/(p-2)=0.800000) disp_loc=4.971e-04 ; II : gA^(p-2)/K=1.000010 t*=23.600000
[0235] S-s            sous seuil (s=0.856553) : |x|max phase 2 2.9961e+00 ; ajustement libre alpha=0.0005 t*=400.0045 (T_MAX=400) disp_loc=2.163e-04 ; II gA^(p-2)/K=6.977e-10
[0236] A-s            bascule pas 3857 t=23.1420 |x|=1.4955e+02 ; phase 2 836 pas -> CAP ; point fixe en 2 it., 180 pts ; alpha=0.800000 (4/(p-2)=0.800000) disp_loc=9.276e-05 ; II : gA^(p-2)/K=1.000000 t*=23.150000
[0237] A-s            bascule pas 3857 t=23.1420 |x|=1.4955e+02 ; phase 2 1672 pas -> CAP ; point fixe en 2 it., 360 pts ; alpha=0.800000 (4/(p-2)=0.800000) disp_loc=2.484e-04 ; II : gA^(p-2)/K=1.000010 t*=23.150000
[0238] A-s            bascule pas 3857 t=23.1420 |x|=1.4955e+02 ; phase 2 836 pas -> CAP ; point fixe en 2 it., 180 pts ; alpha=0.800000 (4/(p-2)=0.800000) disp_loc=9.276e-05 ; II : gA^(p-2)/K=0.999990 t*=23.150000
[0239] A-s            bascule pas 3857 t=23.1420 |x|=1.4955e+02 ; phase 2 3345 pas -> CAP ; point fixe en 2 it., 720 pts ; alpha=0.800000 (4/(p-2)=0.800000) disp_loc=5.104e-04 ; II : gA^(p-2)/K=1.000010 t*=23.150000
[0240] A-s            bascule pas 3932 t=23.5920 |x|=1.4955e+02 ; phase 2 836 pas -> CAP ; point fixe en 2 it., 180 pts ; alpha=0.800000 (4/(p-2)=0.800000) disp_loc=9.276e-05 ; II : gA^(p-2)/K=1.000000 t*=23.600000
[0241] A-s            bascule pas 3932 t=23.5920 |x|=1.4955e+02 ; phase 2 1672 pas -> CAP ; point fixe en 2 it., 360 pts ; alpha=0.800000 (4/(p-2)=0.800000) disp_loc=2.484e-04 ; II : gA^(p-2)/K=1.000010 t*=23.600000
[0242] A-s            bascule pas 3932 t=23.5920 |x|=1.4955e+02 ; phase 2 836 pas -> CAP ; point fixe en 2 it., 180 pts ; alpha=0.800000 (4/(p-2)=0.800000) disp_loc=9.276e-05 ; II : gA^(p-2)/K=0.999990 t*=23.600000
[0243] A-s            bascule pas 3932 t=23.5920 |x|=1.4955e+02 ; phase 2 3345 pas -> CAP ; point fixe en 2 it., 720 pts ; alpha=0.800000 (4/(p-2)=0.800000) disp_loc=5.104e-04 ; II : gA^(p-2)/K=1.000010 t*=23.600000
[0244] S-s            sous seuil (s=1.524343) : |x|max phase 2 2.9961e+00 ; ajustement libre alpha=0.0004 t*=400.0037 (T_MAX=400) disp_loc=1.750e-04 ; II gA^(p-2)/K=3.380e-10
[0245] BANC           G35 lecture corrigee : q = 4 MESURE aux 18 points et S_p = 0 -> G-plancher CORRIGE MORD -> branche 3b MORD NON CONCLUANT DE PLANCHER ; q ['4.000', '4.000', '4.000'] ; S_p ['-1.0e+00', '-1.0e+00', '-1.0e+00']
[0246] A-s            bascule pas 3857 t=23.1420 |x|=7.6547e+05 ; phase 2 555 pas -> CAP ; point fixe en 2 it., 180 pts ; alpha=2.000000 (4/(p-2)=2.000000) disp_loc=1.042e-04 ; II : gA^(p-2)/K=1.000000 t*=23.150000
[0247] A-s            bascule pas 3857 t=23.1420 |x|=7.6547e+05 ; phase 2 1110 pas -> CAP ; point fixe en 2 it., 360 pts ; alpha=2.000000 (4/(p-2)=2.000000) disp_loc=2.547e-04 ; II : gA^(p-2)/K=1.000004 t*=23.150000
[0248] A-s            bascule pas 3856 t=23.1360 |x|=2.4995e+05 ; phase 2 987 pas -> CAP ; point fixe en 2 it., 180 pts ; alpha=2.000000 (4/(p-2)=2.000000) disp_loc=9.573e-05 ; II : gA^(p-2)/K=0.999996 t*=23.150000
[0249] A-s            bascule pas 3857 t=23.1420 |x|=7.6547e+05 ; phase 2 2221 pas -> CAP ; point fixe en 2 it., 720 pts ; alpha=2.000000 (4/(p-2)=2.000000) disp_loc=6.458e-04 ; II : gA^(p-2)/K=1.000004 t*=23.150000
[0250] A-s            bascule pas 3932 t=23.5920 |x|=7.6547e+05 ; phase 2 555 pas -> CAP ; point fixe en 2 it., 180 pts ; alpha=2.000000 (4/(p-2)=2.000000) disp_loc=1.042e-04 ; II : gA^(p-2)/K=1.000000 t*=23.600000
[0251] A-s            bascule pas 3932 t=23.5920 |x|=7.6547e+05 ; phase 2 1110 pas -> CAP ; point fixe en 2 it., 360 pts ; alpha=2.000000 (4/(p-2)=2.000000) disp_loc=2.547e-04 ; II : gA^(p-2)/K=1.000004 t*=23.600000
[0252] A-s            bascule pas 3931 t=23.5860 |x|=2.4995e+05 ; phase 2 987 pas -> CAP ; point fixe en 2 it., 180 pts ; alpha=2.000000 (4/(p-2)=2.000000) disp_loc=9.573e-05 ; II : gA^(p-2)/K=0.999996 t*=23.600000
[0253] A-s            bascule pas 3932 t=23.5920 |x|=7.6547e+05 ; phase 2 2221 pas -> CAP ; point fixe en 2 it., 720 pts ; alpha=2.000000 (4/(p-2)=2.000000) disp_loc=6.458e-04 ; II : gA^(p-2)/K=1.000004 t*=23.600000
[0254] S-s            sous seuil (s=1.905227) : |x|max phase 2 2.9961e+00 ; ajustement libre alpha=0.0006 t*=400.0056 (T_MAX=400) disp_loc=2.802e-04 ; II gA^(p-2)/K=7.867e-12
[0255] A-s            bascule pas 3857 t=23.1420 |x|=7.6547e+05 ; phase 2 694 pas -> CAP ; point fixe en 2 it., 180 pts ; alpha=2.000000 (4/(p-2)=2.000000) disp_loc=1.207e-04 ; II : gA^(p-2)/K=1.000000 t*=23.150000
[0256] A-s            bascule pas 3857 t=23.1420 |x|=7.6547e+05 ; phase 2 1388 pas -> CAP ; point fixe en 2 it., 360 pts ; alpha=2.000000 (4/(p-2)=2.000000) disp_loc=2.304e-04 ; II : gA^(p-2)/K=1.000004 t*=23.150000
[0257] A-s            bascule pas 3856 t=23.1360 |x|=2.4995e+05 ; phase 2 1230 pas -> CAP ; point fixe en 2 it., 180 pts ; alpha=2.000000 (4/(p-2)=2.000000) disp_loc=9.437e-05 ; II : gA^(p-2)/K=0.999996 t*=23.150000
[0258] A-s            bascule pas 3857 t=23.1420 |x|=7.6547e+05 ; phase 2 2777 pas -> CAP ; point fixe en 2 it., 720 pts ; alpha=2.000000 (4/(p-2)=2.000000) disp_loc=4.976e-04 ; II : gA^(p-2)/K=1.000004 t*=23.150000
[0259] A-s            bascule pas 3932 t=23.5920 |x|=7.6547e+05 ; phase 2 694 pas -> CAP ; point fixe en 2 it., 180 pts ; alpha=2.000000 (4/(p-2)=2.000000) disp_loc=1.207e-04 ; II : gA^(p-2)/K=1.000000 t*=23.600000
[0260] A-s            bascule pas 3932 t=23.5920 |x|=7.6547e+05 ; phase 2 1388 pas -> CAP ; point fixe en 2 it., 360 pts ; alpha=2.000000 (4/(p-2)=2.000000) disp_loc=2.304e-04 ; II : gA^(p-2)/K=1.000004 t*=23.600000
[0261] A-s            bascule pas 3931 t=23.5860 |x|=2.4995e+05 ; phase 2 1230 pas -> CAP ; point fixe en 2 it., 180 pts ; alpha=2.000000 (4/(p-2)=2.000000) disp_loc=9.437e-05 ; II : gA^(p-2)/K=0.999996 t*=23.600000
[0262] A-s            bascule pas 3932 t=23.5920 |x|=7.6547e+05 ; phase 2 2777 pas -> CAP ; point fixe en 2 it., 720 pts ; alpha=2.000000 (4/(p-2)=2.000000) disp_loc=4.976e-04 ; II : gA^(p-2)/K=1.000004 t*=23.600000
[0263] S-s            sous seuil (s=2.772408) : |x|max phase 2 2.9961e+00 ; ajustement libre alpha=0.0005 t*=400.0045 (T_MAX=400) disp_loc=2.163e-04 ; II gA^(p-2)/K=3.313e-12
[0264] A-s            bascule pas 3857 t=23.1420 |x|=7.6547e+05 ; phase 2 836 pas -> CAP ; point fixe en 2 it., 180 pts ; alpha=2.000000 (4/(p-2)=2.000000) disp_loc=9.713e-05 ; II : gA^(p-2)/K=1.000000 t*=23.150000
[0265] A-s            bascule pas 3857 t=23.1420 |x|=7.6547e+05 ; phase 2 1672 pas -> CAP ; point fixe en 2 it., 360 pts ; alpha=2.000000 (4/(p-2)=2.000000) disp_loc=3.055e-04 ; II : gA^(p-2)/K=1.000004 t*=23.150000
[0266] A-s            bascule pas 3857 t=23.1420 |x|=7.6547e+05 ; phase 2 836 pas -> CAP ; point fixe en 2 it., 180 pts ; alpha=2.000000 (4/(p-2)=2.000000) disp_loc=9.713e-05 ; II : gA^(p-2)/K=0.999996 t*=23.150000
[0267] A-s            bascule pas 3857 t=23.1420 |x|=7.6547e+05 ; phase 2 3345 pas -> CAP ; point fixe en 2 it., 720 pts ; alpha=2.000000 (4/(p-2)=2.000000) disp_loc=5.327e-04 ; II : gA^(p-2)/K=1.000004 t*=23.150000
[0268] A-s            bascule pas 3932 t=23.5920 |x|=7.6547e+05 ; phase 2 836 pas -> CAP ; point fixe en 2 it., 180 pts ; alpha=2.000000 (4/(p-2)=2.000000) disp_loc=9.713e-05 ; II : gA^(p-2)/K=1.000000 t*=23.600000
[0269] A-s            bascule pas 3932 t=23.5920 |x|=7.6547e+05 ; phase 2 1672 pas -> CAP ; point fixe en 2 it., 360 pts ; alpha=2.000000 (4/(p-2)=2.000000) disp_loc=3.055e-04 ; II : gA^(p-2)/K=1.000004 t*=23.600000
[0270] A-s            bascule pas 3932 t=23.5920 |x|=7.6547e+05 ; phase 2 836 pas -> CAP ; point fixe en 2 it., 180 pts ; alpha=2.000000 (4/(p-2)=2.000000) disp_loc=9.713e-05 ; II : gA^(p-2)/K=0.999996 t*=23.600000
[0271] A-s            bascule pas 3932 t=23.5920 |x|=7.6547e+05 ; phase 2 3345 pas -> CAP ; point fixe en 2 it., 720 pts ; alpha=2.000000 (4/(p-2)=2.000000) disp_loc=5.327e-04 ; II : gA^(p-2)/K=1.000004 t*=23.600000
[0272] S-s            sous seuil (s=7.722745) : |x|max phase 2 2.9961e+00 ; ajustement libre alpha=0.0004 t*=400.0037 (T_MAX=400) disp_loc=1.750e-04 ; II gA^(p-2)/K=1.605e-12
[0273] A-s            bascule pas 3857 t=23.1420 |x|=6.0315e+03 ; phase 2 555 pas -> CAP ; point fixe en 2 it., 180 pts ; alpha=1.333333 (4/(p-2)=1.333333) disp_loc=1.208e-04 ; II : gA^(p-2)/K=1.000000 t*=23.150000
[0274] A-s            bascule pas 3857 t=23.1420 |x|=6.0315e+03 ; phase 2 1110 pas -> CAP ; point fixe en 2 it., 360 pts ; alpha=1.333333 (4/(p-2)=1.333333) disp_loc=2.859e-04 ; II : gA^(p-2)/K=1.000006 t*=23.150000
[0275] A-s            bascule pas 3856 t=23.1360 |x|=2.8601e+03 ; phase 2 987 pas -> CAP ; point fixe en 2 it., 180 pts ; alpha=1.333333 (4/(p-2)=1.333333) disp_loc=1.145e-04 ; II : gA^(p-2)/K=0.999994 t*=23.150000
[0276] A-s            bascule pas 3857 t=23.1420 |x|=6.0315e+03 ; phase 2 2221 pas -> CAP ; point fixe en 2 it., 720 pts ; alpha=1.333333 (4/(p-2)=1.333333) disp_loc=5.232e-04 ; II : gA^(p-2)/K=1.000006 t*=23.150000
[0277] A-s            bascule pas 3932 t=23.5920 |x|=6.0315e+03 ; phase 2 555 pas -> CAP ; point fixe en 2 it., 180 pts ; alpha=1.333333 (4/(p-2)=1.333333) disp_loc=1.208e-04 ; II : gA^(p-2)/K=1.000000 t*=23.600000
[0278] A-s            bascule pas 3932 t=23.5920 |x|=6.0315e+03 ; phase 2 1110 pas -> CAP ; point fixe en 2 it., 360 pts ; alpha=1.333333 (4/(p-2)=1.333333) disp_loc=2.859e-04 ; II : gA^(p-2)/K=1.000006 t*=23.600000
[0279] A-s            bascule pas 3931 t=23.5860 |x|=2.8601e+03 ; phase 2 987 pas -> CAP ; point fixe en 2 it., 180 pts ; alpha=1.333333 (4/(p-2)=1.333333) disp_loc=1.145e-04 ; II : gA^(p-2)/K=0.999994 t*=23.600000
[0280] A-s            bascule pas 3932 t=23.5920 |x|=6.0315e+03 ; phase 2 2221 pas -> CAP ; point fixe en 2 it., 720 pts ; alpha=1.333333 (4/(p-2)=1.333333) disp_loc=5.232e-04 ; II : gA^(p-2)/K=1.000006 t*=23.600000
[0281] S-s            sous seuil (s=0.623414) : |x|max phase 2 2.9961e+00 ; ajustement libre alpha=0.0006 t*=400.0056 (T_MAX=400) disp_loc=2.802e-04 ; II gA^(p-2)/K=6.293e-11
[0282] A-s            bascule pas 3857 t=23.1420 |x|=6.0315e+03 ; phase 2 694 pas -> CAP ; point fixe en 2 it., 180 pts ; alpha=1.333333 (4/(p-2)=1.333333) disp_loc=1.219e-04 ; II : gA^(p-2)/K=1.000000 t*=23.150000
[0283] A-s            bascule pas 3857 t=23.1420 |x|=6.0315e+03 ; phase 2 1388 pas -> CAP ; point fixe en 2 it., 360 pts ; alpha=1.333333 (4/(p-2)=1.333333) disp_loc=2.298e-04 ; II : gA^(p-2)/K=1.000006 t*=23.150000
[0284] A-s            bascule pas 3856 t=23.1360 |x|=2.8601e+03 ; phase 2 1230 pas -> CAP ; point fixe en 2 it., 180 pts ; alpha=1.333333 (4/(p-2)=1.333333) disp_loc=1.203e-04 ; II : gA^(p-2)/K=0.999994 t*=23.150000
[0285] A-s            bascule pas 3857 t=23.1420 |x|=6.0315e+03 ; phase 2 2777 pas -> CAP ; point fixe en 2 it., 720 pts ; alpha=1.333333 (4/(p-2)=1.333333) disp_loc=5.149e-04 ; II : gA^(p-2)/K=1.000006 t*=23.150000
[0286] A-s            bascule pas 3932 t=23.5920 |x|=6.0315e+03 ; phase 2 694 pas -> CAP ; point fixe en 2 it., 180 pts ; alpha=1.333333 (4/(p-2)=1.333333) disp_loc=1.219e-04 ; II : gA^(p-2)/K=1.000000 t*=23.600000
[0287] A-s            bascule pas 3932 t=23.5920 |x|=6.0315e+03 ; phase 2 1388 pas -> CAP ; point fixe en 2 it., 360 pts ; alpha=1.333333 (4/(p-2)=1.333333) disp_loc=2.298e-04 ; II : gA^(p-2)/K=1.000006 t*=23.600000
[0288] A-s            bascule pas 3931 t=23.5860 |x|=2.8601e+03 ; phase 2 1230 pas -> CAP ; point fixe en 2 it., 180 pts ; alpha=1.333333 (4/(p-2)=1.333333) disp_loc=1.203e-04 ; II : gA^(p-2)/K=0.999994 t*=23.600000
[0289] A-s            bascule pas 3932 t=23.5920 |x|=6.0315e+03 ; phase 2 2777 pas -> CAP ; point fixe en 2 it., 720 pts ; alpha=1.333333 (4/(p-2)=1.333333) disp_loc=5.149e-04 ; II : gA^(p-2)/K=1.000006 t*=23.600000
[0290] S-s            sous seuil (s=1.337687) : |x|max phase 2 2.9961e+00 ; ajustement libre alpha=0.0005 t*=400.0045 (T_MAX=400) disp_loc=2.163e-04 ; II gA^(p-2)/K=2.651e-11
[0291] A-s            bascule pas 3857 t=23.1420 |x|=6.0315e+03 ; phase 2 836 pas -> CAP ; point fixe en 2 it., 180 pts ; alpha=1.333333 (4/(p-2)=1.333333) disp_loc=1.133e-04 ; II : gA^(p-2)/K=1.000000 t*=23.150000
[0292] A-s            bascule pas 3857 t=23.1420 |x|=6.0315e+03 ; phase 2 1672 pas -> CAP ; point fixe en 2 it., 360 pts ; alpha=1.333333 (4/(p-2)=1.333333) disp_loc=2.470e-04 ; II : gA^(p-2)/K=1.000006 t*=23.150000
[0293] A-s            bascule pas 3857 t=23.1420 |x|=6.0315e+03 ; phase 2 836 pas -> CAP ; point fixe en 2 it., 180 pts ; alpha=1.333333 (4/(p-2)=1.333333) disp_loc=1.133e-04 ; II : gA^(p-2)/K=0.999994 t*=23.150000
[0294] A-s            bascule pas 3857 t=23.1420 |x|=6.0315e+03 ; phase 2 3345 pas -> CAP ; point fixe en 2 it., 720 pts ; alpha=1.333333 (4/(p-2)=1.333333) disp_loc=5.967e-04 ; II : gA^(p-2)/K=1.000006 t*=23.150000
[0295] A-s            bascule pas 3932 t=23.5920 |x|=6.0315e+03 ; phase 2 836 pas -> CAP ; point fixe en 2 it., 180 pts ; alpha=1.333333 (4/(p-2)=1.333333) disp_loc=1.133e-04 ; II : gA^(p-2)/K=1.000000 t*=23.600000
[0296] A-s            bascule pas 3932 t=23.5920 |x|=6.0315e+03 ; phase 2 1672 pas -> CAP ; point fixe en 2 it., 360 pts ; alpha=1.333333 (4/(p-2)=1.333333) disp_loc=2.470e-04 ; II : gA^(p-2)/K=1.000006 t*=23.600000
[0297] A-s            bascule pas 3932 t=23.5920 |x|=6.0315e+03 ; phase 2 836 pas -> CAP ; point fixe en 2 it., 180 pts ; alpha=1.333333 (4/(p-2)=1.333333) disp_loc=1.133e-04 ; II : gA^(p-2)/K=0.999994 t*=23.600000
[0298] A-s            bascule pas 3932 t=23.5920 |x|=6.0315e+03 ; phase 2 3345 pas -> CAP ; point fixe en 2 it., 720 pts ; alpha=1.333333 (4/(p-2)=1.333333) disp_loc=5.967e-04 ; II : gA^(p-2)/K=1.000006 t*=23.600000
[0299] S-s            sous seuil (s=2.463482) : |x|max phase 2 2.9961e+00 ; ajustement libre alpha=0.0004 t*=400.0037 (T_MAX=400) disp_loc=1.750e-04 ; II gA^(p-2)/K=1.284e-11
[0300] A-s            bascule pas 3857 t=23.1420 |x|=1.4955e+02 ; phase 2 555 pas -> CAP ; point fixe en 2 it., 180 pts ; alpha=0.800000 (4/(p-2)=0.800000) disp_loc=1.222e-04 ; II : gA^(p-2)/K=1.000000 t*=23.150000
[0301] A-s            bascule pas 3857 t=23.1420 |x|=1.4955e+02 ; phase 2 1110 pas -> CAP ; point fixe en 2 it., 360 pts ; alpha=0.800000 (4/(p-2)=0.800000) disp_loc=2.671e-04 ; II : gA^(p-2)/K=1.000010 t*=23.150000
[0302] A-s            bascule pas 3856 t=23.1360 |x|=9.5579e+01 ; phase 2 987 pas -> CAP ; point fixe en 2 it., 180 pts ; alpha=0.800000 (4/(p-2)=0.800000) disp_loc=1.101e-04 ; II : gA^(p-2)/K=0.999990 t*=23.150000
[0303] A-s            bascule pas 3857 t=23.1420 |x|=1.4955e+02 ; phase 2 2221 pas -> CAP ; point fixe en 2 it., 720 pts ; alpha=0.800000 (4/(p-2)=0.800000) disp_loc=5.594e-04 ; II : gA^(p-2)/K=1.000010 t*=23.150000
[0304] A-s            bascule pas 3932 t=23.5920 |x|=1.4955e+02 ; phase 2 555 pas -> CAP ; point fixe en 2 it., 180 pts ; alpha=0.800000 (4/(p-2)=0.800000) disp_loc=1.222e-04 ; II : gA^(p-2)/K=1.000000 t*=23.600000
[0305] A-s            bascule pas 3932 t=23.5920 |x|=1.4955e+02 ; phase 2 1110 pas -> CAP ; point fixe en 2 it., 360 pts ; alpha=0.800000 (4/(p-2)=0.800000) disp_loc=2.671e-04 ; II : gA^(p-2)/K=1.000010 t*=23.600000
[0306] A-s            bascule pas 3931 t=23.5860 |x|=9.5579e+01 ; phase 2 987 pas -> CAP ; point fixe en 2 it., 180 pts ; alpha=0.800000 (4/(p-2)=0.800000) disp_loc=1.101e-04 ; II : gA^(p-2)/K=0.999990 t*=23.600000
[0307] A-s            bascule pas 3932 t=23.5920 |x|=1.4955e+02 ; phase 2 2221 pas -> CAP ; point fixe en 2 it., 720 pts ; alpha=0.800000 (4/(p-2)=0.800000) disp_loc=5.594e-04 ; II : gA^(p-2)/K=1.000010 t*=23.600000
[0308] S-s            sous seuil (s=0.470038) : |x|max phase 2 2.9961e+00 ; ajustement libre alpha=0.0006 t*=400.0056 (T_MAX=400) disp_loc=2.802e-04 ; II gA^(p-2)/K=1.657e-09
[0309] A-s            bascule pas 3857 t=23.1420 |x|=1.4955e+02 ; phase 2 694 pas -> CAP ; point fixe en 2 it., 180 pts ; alpha=0.800000 (4/(p-2)=0.800000) disp_loc=1.026e-04 ; II : gA^(p-2)/K=1.000000 t*=23.150000
[0310] A-s            bascule pas 3857 t=23.1420 |x|=1.4955e+02 ; phase 2 1388 pas -> CAP ; point fixe en 2 it., 360 pts ; alpha=0.800000 (4/(p-2)=0.800000) disp_loc=2.609e-04 ; II : gA^(p-2)/K=1.000010 t*=23.150000
[0311] A-s            bascule pas 3856 t=23.1360 |x|=9.5579e+01 ; phase 2 1230 pas -> CAP ; point fixe en 2 it., 180 pts ; alpha=0.800000 (4/(p-2)=0.800000) disp_loc=9.426e-05 ; II : gA^(p-2)/K=0.999990 t*=23.150000
[0312] A-s            bascule pas 3857 t=23.1420 |x|=1.4955e+02 ; phase 2 2777 pas -> CAP ; point fixe en 2 it., 720 pts ; alpha=0.800000 (4/(p-2)=0.800000) disp_loc=4.971e-04 ; II : gA^(p-2)/K=1.000010 t*=23.150000
[0313] A-s            bascule pas 3932 t=23.5920 |x|=1.4955e+02 ; phase 2 694 pas -> CAP ; point fixe en 2 it., 180 pts ; alpha=0.800000 (4/(p-2)=0.800000) disp_loc=1.026e-04 ; II : gA^(p-2)/K=1.000000 t*=23.600000
[0314] A-s            bascule pas 3932 t=23.5920 |x|=1.4955e+02 ; phase 2 1388 pas -> CAP ; point fixe en 2 it., 360 pts ; alpha=0.800000 (4/(p-2)=0.800000) disp_loc=2.609e-04 ; II : gA^(p-2)/K=1.000010 t*=23.600000
[0315] A-s            bascule pas 3931 t=23.5860 |x|=9.5579e+01 ; phase 2 1230 pas -> CAP ; point fixe en 2 it., 180 pts ; alpha=0.800000 (4/(p-2)=0.800000) disp_loc=9.426e-05 ; II : gA^(p-2)/K=0.999990 t*=23.600000
[0316] A-s            bascule pas 3932 t=23.5920 |x|=1.4955e+02 ; phase 2 2777 pas -> CAP ; point fixe en 2 it., 720 pts ; alpha=0.800000 (4/(p-2)=0.800000) disp_loc=4.971e-04 ; II : gA^(p-2)/K=1.000010 t*=23.600000
[0317] S-s            sous seuil (s=0.856553) : |x|max phase 2 2.9961e+00 ; ajustement libre alpha=0.0005 t*=400.0045 (T_MAX=400) disp_loc=2.163e-04 ; II gA^(p-2)/K=6.977e-10
[0318] A-s            bascule pas 3857 t=23.1420 |x|=1.4955e+02 ; phase 2 836 pas -> CAP ; point fixe en 2 it., 180 pts ; alpha=0.800000 (4/(p-2)=0.800000) disp_loc=9.276e-05 ; II : gA^(p-2)/K=1.000000 t*=23.150000
[0319] A-s            bascule pas 3857 t=23.1420 |x|=1.4955e+02 ; phase 2 1672 pas -> CAP ; point fixe en 2 it., 360 pts ; alpha=0.800000 (4/(p-2)=0.800000) disp_loc=2.484e-04 ; II : gA^(p-2)/K=1.000010 t*=23.150000
[0320] A-s            bascule pas 3857 t=23.1420 |x|=1.4955e+02 ; phase 2 836 pas -> CAP ; point fixe en 2 it., 180 pts ; alpha=0.800000 (4/(p-2)=0.800000) disp_loc=9.276e-05 ; II : gA^(p-2)/K=0.999990 t*=23.150000
[0321] A-s            bascule pas 3857 t=23.1420 |x|=1.4955e+02 ; phase 2 3345 pas -> CAP ; point fixe en 2 it., 720 pts ; alpha=0.800000 (4/(p-2)=0.800000) disp_loc=5.104e-04 ; II : gA^(p-2)/K=1.000010 t*=23.150000
[0322] A-s            bascule pas 3932 t=23.5920 |x|=1.4955e+02 ; phase 2 836 pas -> CAP ; point fixe en 2 it., 180 pts ; alpha=0.800000 (4/(p-2)=0.800000) disp_loc=9.276e-05 ; II : gA^(p-2)/K=1.000000 t*=23.600000
[0323] A-s            bascule pas 3932 t=23.5920 |x|=1.4955e+02 ; phase 2 1672 pas -> CAP ; point fixe en 2 it., 360 pts ; alpha=0.800000 (4/(p-2)=0.800000) disp_loc=2.484e-04 ; II : gA^(p-2)/K=1.000010 t*=23.600000
[0324] A-s            bascule pas 3932 t=23.5920 |x|=1.4955e+02 ; phase 2 836 pas -> CAP ; point fixe en 2 it., 180 pts ; alpha=0.800000 (4/(p-2)=0.800000) disp_loc=9.276e-05 ; II : gA^(p-2)/K=0.999990 t*=23.600000
[0325] A-s            bascule pas 3932 t=23.5920 |x|=1.4955e+02 ; phase 2 3345 pas -> CAP ; point fixe en 2 it., 720 pts ; alpha=0.800000 (4/(p-2)=0.800000) disp_loc=5.104e-04 ; II : gA^(p-2)/K=1.000010 t*=23.600000
[0326] S-s            sous seuil (s=1.524343) : |x|max phase 2 2.9961e+00 ; ajustement libre alpha=0.0004 t*=400.0037 (T_MAX=400) disp_loc=1.750e-04 ; II gA^(p-2)/K=3.380e-10
[0327] A-s            bascule pas 3857 t=23.1420 |x|=7.6547e+05 ; phase 2 555 pas -> CAP ; point fixe en 2 it., 180 pts ; alpha=2.000000 (4/(p-2)=2.000000) disp_loc=1.042e-04 ; II : gA^(p-2)/K=1.000000 t*=23.150000
[0328] A-s            bascule pas 3857 t=23.1420 |x|=7.6547e+05 ; phase 2 1110 pas -> CAP ; point fixe en 2 it., 360 pts ; alpha=2.000000 (4/(p-2)=2.000000) disp_loc=2.547e-04 ; II : gA^(p-2)/K=1.000004 t*=23.150000
[0329] A-s            bascule pas 3856 t=23.1360 |x|=2.4995e+05 ; phase 2 987 pas -> CAP ; point fixe en 2 it., 180 pts ; alpha=2.000000 (4/(p-2)=2.000000) disp_loc=9.573e-05 ; II : gA^(p-2)/K=0.999996 t*=23.150000
[0330] A-s            bascule pas 3857 t=23.1420 |x|=7.6547e+05 ; phase 2 2221 pas -> CAP ; point fixe en 2 it., 720 pts ; alpha=2.000000 (4/(p-2)=2.000000) disp_loc=6.458e-04 ; II : gA^(p-2)/K=1.000004 t*=23.150000
[0331] A-s            bascule pas 3932 t=23.5920 |x|=7.6547e+05 ; phase 2 555 pas -> CAP ; point fixe en 2 it., 180 pts ; alpha=2.000000 (4/(p-2)=2.000000) disp_loc=1.042e-04 ; II : gA^(p-2)/K=1.000000 t*=23.600000
[0332] A-s            bascule pas 3932 t=23.5920 |x|=7.6547e+05 ; phase 2 1110 pas -> CAP ; point fixe en 2 it., 360 pts ; alpha=2.000000 (4/(p-2)=2.000000) disp_loc=2.547e-04 ; II : gA^(p-2)/K=1.000004 t*=23.600000
[0333] A-s            bascule pas 3931 t=23.5860 |x|=2.4995e+05 ; phase 2 987 pas -> CAP ; point fixe en 2 it., 180 pts ; alpha=2.000000 (4/(p-2)=2.000000) disp_loc=9.573e-05 ; II : gA^(p-2)/K=0.999996 t*=23.600000
[0334] A-s            bascule pas 3932 t=23.5920 |x|=7.6547e+05 ; phase 2 2221 pas -> CAP ; point fixe en 2 it., 720 pts ; alpha=2.000000 (4/(p-2)=2.000000) disp_loc=6.458e-04 ; II : gA^(p-2)/K=1.000004 t*=23.600000
[0335] S-s            sous seuil (s=1.905227) : |x|max phase 2 2.9961e+00 ; ajustement libre alpha=0.0006 t*=400.0056 (T_MAX=400) disp_loc=2.802e-04 ; II gA^(p-2)/K=7.867e-12
[0336] A-s            bascule pas 3857 t=23.1420 |x|=7.6547e+05 ; phase 2 694 pas -> CAP ; point fixe en 2 it., 180 pts ; alpha=2.000000 (4/(p-2)=2.000000) disp_loc=1.207e-04 ; II : gA^(p-2)/K=1.000000 t*=23.150000
[0337] A-s            bascule pas 3857 t=23.1420 |x|=7.6547e+05 ; phase 2 1388 pas -> CAP ; point fixe en 2 it., 360 pts ; alpha=2.000000 (4/(p-2)=2.000000) disp_loc=2.304e-04 ; II : gA^(p-2)/K=1.000004 t*=23.150000
[0338] A-s            bascule pas 3856 t=23.1360 |x|=2.4995e+05 ; phase 2 1230 pas -> CAP ; point fixe en 2 it., 180 pts ; alpha=2.000000 (4/(p-2)=2.000000) disp_loc=9.437e-05 ; II : gA^(p-2)/K=0.999996 t*=23.150000
[0339] A-s            bascule pas 3857 t=23.1420 |x|=7.6547e+05 ; phase 2 2777 pas -> CAP ; point fixe en 2 it., 720 pts ; alpha=2.000000 (4/(p-2)=2.000000) disp_loc=4.976e-04 ; II : gA^(p-2)/K=1.000004 t*=23.150000
[0340] A-s            bascule pas 3932 t=23.5920 |x|=7.6547e+05 ; phase 2 694 pas -> CAP ; point fixe en 2 it., 180 pts ; alpha=2.000000 (4/(p-2)=2.000000) disp_loc=1.207e-04 ; II : gA^(p-2)/K=1.000000 t*=23.600000
[0341] A-s            bascule pas 3932 t=23.5920 |x|=7.6547e+05 ; phase 2 1388 pas -> CAP ; point fixe en 2 it., 360 pts ; alpha=2.000000 (4/(p-2)=2.000000) disp_loc=2.304e-04 ; II : gA^(p-2)/K=1.000004 t*=23.600000
[0342] A-s            bascule pas 3931 t=23.5860 |x|=2.4995e+05 ; phase 2 1230 pas -> CAP ; point fixe en 2 it., 180 pts ; alpha=2.000000 (4/(p-2)=2.000000) disp_loc=9.437e-05 ; II : gA^(p-2)/K=0.999996 t*=23.600000
[0343] A-s            bascule pas 3932 t=23.5920 |x|=7.6547e+05 ; phase 2 2777 pas -> CAP ; point fixe en 2 it., 720 pts ; alpha=2.000000 (4/(p-2)=2.000000) disp_loc=4.976e-04 ; II : gA^(p-2)/K=1.000004 t*=23.600000
[0344] S-s            sous seuil (s=2.772408) : |x|max phase 2 2.9961e+00 ; ajustement libre alpha=0.0005 t*=400.0045 (T_MAX=400) disp_loc=2.163e-04 ; II gA^(p-2)/K=3.313e-12
[0345] A-s            bascule pas 3857 t=23.1420 |x|=7.6547e+05 ; phase 2 836 pas -> CAP ; point fixe en 2 it., 180 pts ; alpha=2.000000 (4/(p-2)=2.000000) disp_loc=9.713e-05 ; II : gA^(p-2)/K=1.000000 t*=23.150000
[0346] A-s            bascule pas 3857 t=23.1420 |x|=7.6547e+05 ; phase 2 1672 pas -> CAP ; point fixe en 2 it., 360 pts ; alpha=2.000000 (4/(p-2)=2.000000) disp_loc=3.055e-04 ; II : gA^(p-2)/K=1.000004 t*=23.150000
[0347] A-s            bascule pas 3857 t=23.1420 |x|=7.6547e+05 ; phase 2 836 pas -> CAP ; point fixe en 2 it., 180 pts ; alpha=2.000000 (4/(p-2)=2.000000) disp_loc=9.713e-05 ; II : gA^(p-2)/K=0.999996 t*=23.150000
[0348] A-s            bascule pas 3857 t=23.1420 |x|=7.6547e+05 ; phase 2 3345 pas -> CAP ; point fixe en 2 it., 720 pts ; alpha=2.000000 (4/(p-2)=2.000000) disp_loc=5.327e-04 ; II : gA^(p-2)/K=1.000004 t*=23.150000
[0349] A-s            bascule pas 3932 t=23.5920 |x|=7.6547e+05 ; phase 2 836 pas -> CAP ; point fixe en 2 it., 180 pts ; alpha=2.000000 (4/(p-2)=2.000000) disp_loc=9.713e-05 ; II : gA^(p-2)/K=1.000000 t*=23.600000
[0350] A-s            bascule pas 3932 t=23.5920 |x|=7.6547e+05 ; phase 2 1672 pas -> CAP ; point fixe en 2 it., 360 pts ; alpha=2.000000 (4/(p-2)=2.000000) disp_loc=3.055e-04 ; II : gA^(p-2)/K=1.000004 t*=23.600000
[0351] A-s            bascule pas 3932 t=23.5920 |x|=7.6547e+05 ; phase 2 836 pas -> CAP ; point fixe en 2 it., 180 pts ; alpha=2.000000 (4/(p-2)=2.000000) disp_loc=9.713e-05 ; II : gA^(p-2)/K=0.999996 t*=23.600000
[0352] A-s            bascule pas 3932 t=23.5920 |x|=7.6547e+05 ; phase 2 3345 pas -> CAP ; point fixe en 2 it., 720 pts ; alpha=2.000000 (4/(p-2)=2.000000) disp_loc=5.327e-04 ; II : gA^(p-2)/K=1.000004 t*=23.600000
[0353] S-s            sous seuil (s=7.722745) : |x|max phase 2 2.9961e+00 ; ajustement libre alpha=0.0004 t*=400.0037 (T_MAX=400) disp_loc=1.750e-04 ; II gA^(p-2)/K=1.605e-12
[0354] A-s            bascule pas 3857 t=23.1420 |x|=6.0315e+03 ; phase 2 555 pas -> CAP ; point fixe en 2 it., 180 pts ; alpha=1.333333 (4/(p-2)=1.333333) disp_loc=1.208e-04 ; II : gA^(p-2)/K=1.000000 t*=23.150000
[0355] A-s            bascule pas 3857 t=23.1420 |x|=6.0315e+03 ; phase 2 1110 pas -> CAP ; point fixe en 2 it., 360 pts ; alpha=1.333333 (4/(p-2)=1.333333) disp_loc=2.859e-04 ; II : gA^(p-2)/K=1.000006 t*=23.150000
[0356] A-s            bascule pas 3856 t=23.1360 |x|=2.8601e+03 ; phase 2 987 pas -> CAP ; point fixe en 2 it., 180 pts ; alpha=1.333333 (4/(p-2)=1.333333) disp_loc=1.145e-04 ; II : gA^(p-2)/K=0.999994 t*=23.150000
[0357] A-s            bascule pas 3857 t=23.1420 |x|=6.0315e+03 ; phase 2 2221 pas -> CAP ; point fixe en 2 it., 720 pts ; alpha=1.333333 (4/(p-2)=1.333333) disp_loc=5.232e-04 ; II : gA^(p-2)/K=1.000006 t*=23.150000
[0358] A-s            bascule pas 3932 t=23.5920 |x|=6.0315e+03 ; phase 2 555 pas -> CAP ; point fixe en 2 it., 180 pts ; alpha=1.333333 (4/(p-2)=1.333333) disp_loc=1.208e-04 ; II : gA^(p-2)/K=1.000000 t*=23.600000
[0359] A-s            bascule pas 3932 t=23.5920 |x|=6.0315e+03 ; phase 2 1110 pas -> CAP ; point fixe en 2 it., 360 pts ; alpha=1.333333 (4/(p-2)=1.333333) disp_loc=2.859e-04 ; II : gA^(p-2)/K=1.000006 t*=23.600000
[0360] A-s            bascule pas 3931 t=23.5860 |x|=2.8601e+03 ; phase 2 987 pas -> CAP ; point fixe en 2 it., 180 pts ; alpha=1.333333 (4/(p-2)=1.333333) disp_loc=1.145e-04 ; II : gA^(p-2)/K=0.999994 t*=23.600000
[0361] A-s            bascule pas 3932 t=23.5920 |x|=6.0315e+03 ; phase 2 2221 pas -> CAP ; point fixe en 2 it., 720 pts ; alpha=1.333333 (4/(p-2)=1.333333) disp_loc=5.232e-04 ; II : gA^(p-2)/K=1.000006 t*=23.600000
[0362] S-s            sous seuil (s=0.623414) : |x|max phase 2 2.9961e+00 ; ajustement libre alpha=0.0006 t*=400.0056 (T_MAX=400) disp_loc=2.802e-04 ; II gA^(p-2)/K=6.293e-11
[0363] A-s            bascule pas 3857 t=23.1420 |x|=6.0315e+03 ; phase 2 694 pas -> CAP ; point fixe en 2 it., 180 pts ; alpha=1.333333 (4/(p-2)=1.333333) disp_loc=1.219e-04 ; II : gA^(p-2)/K=1.000000 t*=23.150000
[0364] A-s            bascule pas 3857 t=23.1420 |x|=6.0315e+03 ; phase 2 1388 pas -> CAP ; point fixe en 2 it., 360 pts ; alpha=1.333333 (4/(p-2)=1.333333) disp_loc=2.298e-04 ; II : gA^(p-2)/K=1.000006 t*=23.150000
[0365] A-s            bascule pas 3856 t=23.1360 |x|=2.8601e+03 ; phase 2 1230 pas -> CAP ; point fixe en 2 it., 180 pts ; alpha=1.333333 (4/(p-2)=1.333333) disp_loc=1.203e-04 ; II : gA^(p-2)/K=0.999994 t*=23.150000
[0366] A-s            bascule pas 3857 t=23.1420 |x|=6.0315e+03 ; phase 2 2777 pas -> CAP ; point fixe en 2 it., 720 pts ; alpha=1.333333 (4/(p-2)=1.333333) disp_loc=5.149e-04 ; II : gA^(p-2)/K=1.000006 t*=23.150000
[0367] A-s            bascule pas 3932 t=23.5920 |x|=6.0315e+03 ; phase 2 694 pas -> CAP ; point fixe en 2 it., 180 pts ; alpha=1.333333 (4/(p-2)=1.333333) disp_loc=1.219e-04 ; II : gA^(p-2)/K=1.000000 t*=23.600000
[0368] A-s            bascule pas 3932 t=23.5920 |x|=6.0315e+03 ; phase 2 1388 pas -> CAP ; point fixe en 2 it., 360 pts ; alpha=1.333333 (4/(p-2)=1.333333) disp_loc=2.298e-04 ; II : gA^(p-2)/K=1.000006 t*=23.600000
[0369] A-s            bascule pas 3931 t=23.5860 |x|=2.8601e+03 ; phase 2 1230 pas -> CAP ; point fixe en 2 it., 180 pts ; alpha=1.333333 (4/(p-2)=1.333333) disp_loc=1.203e-04 ; II : gA^(p-2)/K=0.999994 t*=23.600000
[0370] A-s            bascule pas 3932 t=23.5920 |x|=6.0315e+03 ; phase 2 2777 pas -> CAP ; point fixe en 2 it., 720 pts ; alpha=1.333333 (4/(p-2)=1.333333) disp_loc=5.149e-04 ; II : gA^(p-2)/K=1.000006 t*=23.600000
[0371] S-s            sous seuil (s=1.337687) : |x|max phase 2 2.9961e+00 ; ajustement libre alpha=0.0005 t*=400.0045 (T_MAX=400) disp_loc=2.163e-04 ; II gA^(p-2)/K=2.651e-11
[0372] A-s            bascule pas 3857 t=23.1420 |x|=6.0315e+03 ; phase 2 836 pas -> CAP ; point fixe en 2 it., 180 pts ; alpha=1.333333 (4/(p-2)=1.333333) disp_loc=1.133e-04 ; II : gA^(p-2)/K=1.000000 t*=23.150000
[0373] A-s            bascule pas 3857 t=23.1420 |x|=6.0315e+03 ; phase 2 1672 pas -> CAP ; point fixe en 2 it., 360 pts ; alpha=1.333333 (4/(p-2)=1.333333) disp_loc=2.470e-04 ; II : gA^(p-2)/K=1.000006 t*=23.150000
[0374] A-s            bascule pas 3857 t=23.1420 |x|=6.0315e+03 ; phase 2 836 pas -> CAP ; point fixe en 2 it., 180 pts ; alpha=1.333333 (4/(p-2)=1.333333) disp_loc=1.133e-04 ; II : gA^(p-2)/K=0.999994 t*=23.150000
[0375] A-s            bascule pas 3857 t=23.1420 |x|=6.0315e+03 ; phase 2 3345 pas -> CAP ; point fixe en 2 it., 720 pts ; alpha=1.333333 (4/(p-2)=1.333333) disp_loc=5.967e-04 ; II : gA^(p-2)/K=1.000006 t*=23.150000
[0376] A-s            bascule pas 3932 t=23.5920 |x|=6.0315e+03 ; phase 2 836 pas -> CAP ; point fixe en 2 it., 180 pts ; alpha=1.333333 (4/(p-2)=1.333333) disp_loc=1.133e-04 ; II : gA^(p-2)/K=1.000000 t*=23.600000
[0377] A-s            bascule pas 3932 t=23.5920 |x|=6.0315e+03 ; phase 2 1672 pas -> CAP ; point fixe en 2 it., 360 pts ; alpha=1.333333 (4/(p-2)=1.333333) disp_loc=2.470e-04 ; II : gA^(p-2)/K=1.000006 t*=23.600000
[0378] A-s            bascule pas 3932 t=23.5920 |x|=6.0315e+03 ; phase 2 836 pas -> CAP ; point fixe en 2 it., 180 pts ; alpha=1.333333 (4/(p-2)=1.333333) disp_loc=1.133e-04 ; II : gA^(p-2)/K=0.999994 t*=23.600000
[0379] A-s            bascule pas 3932 t=23.5920 |x|=6.0315e+03 ; phase 2 3345 pas -> CAP ; point fixe en 2 it., 720 pts ; alpha=1.333333 (4/(p-2)=1.333333) disp_loc=5.967e-04 ; II : gA^(p-2)/K=1.000006 t*=23.600000
[0380] S-s            sous seuil (s=2.463482) : |x|max phase 2 2.9961e+00 ; ajustement libre alpha=0.0004 t*=400.0037 (T_MAX=400) disp_loc=1.750e-04 ; II gA^(p-2)/K=1.284e-11
[0381] A-s            bascule pas 3857 t=23.1420 |x|=1.4955e+02 ; phase 2 555 pas -> CAP ; point fixe en 2 it., 180 pts ; alpha=0.800000 (4/(p-2)=0.800000) disp_loc=1.222e-04 ; II : gA^(p-2)/K=1.000000 t*=23.150000
[0382] A-s            bascule pas 3857 t=23.1420 |x|=1.4955e+02 ; phase 2 1110 pas -> CAP ; point fixe en 2 it., 360 pts ; alpha=0.800000 (4/(p-2)=0.800000) disp_loc=2.671e-04 ; II : gA^(p-2)/K=1.000010 t*=23.150000
[0383] A-s            bascule pas 3856 t=23.1360 |x|=9.5579e+01 ; phase 2 987 pas -> CAP ; point fixe en 2 it., 180 pts ; alpha=0.800000 (4/(p-2)=0.800000) disp_loc=1.101e-04 ; II : gA^(p-2)/K=0.999990 t*=23.150000
[0384] A-s            bascule pas 3857 t=23.1420 |x|=1.4955e+02 ; phase 2 2221 pas -> CAP ; point fixe en 2 it., 720 pts ; alpha=0.800000 (4/(p-2)=0.800000) disp_loc=5.594e-04 ; II : gA^(p-2)/K=1.000010 t*=23.150000
[0385] A-s            bascule pas 3932 t=23.5920 |x|=1.4955e+02 ; phase 2 555 pas -> CAP ; point fixe en 2 it., 180 pts ; alpha=0.800000 (4/(p-2)=0.800000) disp_loc=1.222e-04 ; II : gA^(p-2)/K=1.000000 t*=23.600000
[0386] A-s            bascule pas 3932 t=23.5920 |x|=1.4955e+02 ; phase 2 1110 pas -> CAP ; point fixe en 2 it., 360 pts ; alpha=0.800000 (4/(p-2)=0.800000) disp_loc=2.671e-04 ; II : gA^(p-2)/K=1.000010 t*=23.600000
[0387] A-s            bascule pas 3931 t=23.5860 |x|=9.5579e+01 ; phase 2 987 pas -> CAP ; point fixe en 2 it., 180 pts ; alpha=0.800000 (4/(p-2)=0.800000) disp_loc=1.101e-04 ; II : gA^(p-2)/K=0.999990 t*=23.600000
[0388] A-s            bascule pas 3932 t=23.5920 |x|=1.4955e+02 ; phase 2 2221 pas -> CAP ; point fixe en 2 it., 720 pts ; alpha=0.800000 (4/(p-2)=0.800000) disp_loc=5.594e-04 ; II : gA^(p-2)/K=1.000010 t*=23.600000
[0389] S-s            sous seuil (s=0.470038) : |x|max phase 2 2.9961e+00 ; ajustement libre alpha=0.0006 t*=400.0056 (T_MAX=400) disp_loc=2.802e-04 ; II gA^(p-2)/K=1.657e-09
[0390] A-s            bascule pas 3857 t=23.1420 |x|=1.4955e+02 ; phase 2 694 pas -> CAP ; point fixe en 2 it., 180 pts ; alpha=0.800000 (4/(p-2)=0.800000) disp_loc=1.026e-04 ; II : gA^(p-2)/K=1.000000 t*=23.150000
[0391] A-s            bascule pas 3857 t=23.1420 |x|=1.4955e+02 ; phase 2 1388 pas -> CAP ; point fixe en 2 it., 360 pts ; alpha=0.800000 (4/(p-2)=0.800000) disp_loc=2.609e-04 ; II : gA^(p-2)/K=1.000010 t*=23.150000
[0392] A-s            bascule pas 3856 t=23.1360 |x|=9.5579e+01 ; phase 2 1230 pas -> CAP ; point fixe en 2 it., 180 pts ; alpha=0.800000 (4/(p-2)=0.800000) disp_loc=9.426e-05 ; II : gA^(p-2)/K=0.999990 t*=23.150000
[0393] A-s            bascule pas 3857 t=23.1420 |x|=1.4955e+02 ; phase 2 2777 pas -> CAP ; point fixe en 2 it., 720 pts ; alpha=0.800000 (4/(p-2)=0.800000) disp_loc=4.971e-04 ; II : gA^(p-2)/K=1.000010 t*=23.150000
[0394] A-s            bascule pas 3932 t=23.5920 |x|=1.4955e+02 ; phase 2 694 pas -> CAP ; point fixe en 2 it., 180 pts ; alpha=0.800000 (4/(p-2)=0.800000) disp_loc=1.026e-04 ; II : gA^(p-2)/K=1.000000 t*=23.600000
[0395] A-s            bascule pas 3932 t=23.5920 |x|=1.4955e+02 ; phase 2 1388 pas -> CAP ; point fixe en 2 it., 360 pts ; alpha=0.800000 (4/(p-2)=0.800000) disp_loc=2.609e-04 ; II : gA^(p-2)/K=1.000010 t*=23.600000
[0396] A-s            bascule pas 3931 t=23.5860 |x|=9.5579e+01 ; phase 2 1230 pas -> CAP ; point fixe en 2 it., 180 pts ; alpha=0.800000 (4/(p-2)=0.800000) disp_loc=9.426e-05 ; II : gA^(p-2)/K=0.999990 t*=23.600000
[0397] A-s            bascule pas 3932 t=23.5920 |x|=1.4955e+02 ; phase 2 2777 pas -> CAP ; point fixe en 2 it., 720 pts ; alpha=0.800000 (4/(p-2)=0.800000) disp_loc=4.971e-04 ; II : gA^(p-2)/K=1.000010 t*=23.600000
[0398] S-s            sous seuil (s=0.856553) : |x|max phase 2 2.9961e+00 ; ajustement libre alpha=0.0005 t*=400.0045 (T_MAX=400) disp_loc=2.163e-04 ; II gA^(p-2)/K=6.977e-10
[0399] A-s            bascule pas 3857 t=23.1420 |x|=1.4955e+02 ; phase 2 836 pas -> CAP ; point fixe en 2 it., 180 pts ; alpha=0.800000 (4/(p-2)=0.800000) disp_loc=9.276e-05 ; II : gA^(p-2)/K=1.000000 t*=23.150000
[0400] A-s            bascule pas 3857 t=23.1420 |x|=1.4955e+02 ; phase 2 1672 pas -> CAP ; point fixe en 2 it., 360 pts ; alpha=0.800000 (4/(p-2)=0.800000) disp_loc=2.484e-04 ; II : gA^(p-2)/K=1.000010 t*=23.150000
[0401] A-s            bascule pas 3857 t=23.1420 |x|=1.4955e+02 ; phase 2 836 pas -> CAP ; point fixe en 2 it., 180 pts ; alpha=0.800000 (4/(p-2)=0.800000) disp_loc=9.276e-05 ; II : gA^(p-2)/K=0.999990 t*=23.150000
[0402] A-s            bascule pas 3857 t=23.1420 |x|=1.4955e+02 ; phase 2 3345 pas -> CAP ; point fixe en 2 it., 720 pts ; alpha=0.800000 (4/(p-2)=0.800000) disp_loc=5.104e-04 ; II : gA^(p-2)/K=1.000010 t*=23.150000
[0403] A-s            bascule pas 3932 t=23.5920 |x|=1.4955e+02 ; phase 2 836 pas -> CAP ; point fixe en 2 it., 180 pts ; alpha=0.800000 (4/(p-2)=0.800000) disp_loc=9.276e-05 ; II : gA^(p-2)/K=1.000000 t*=23.600000
[0404] A-s            bascule pas 3932 t=23.5920 |x|=1.4955e+02 ; phase 2 1672 pas -> CAP ; point fixe en 2 it., 360 pts ; alpha=0.800000 (4/(p-2)=0.800000) disp_loc=2.484e-04 ; II : gA^(p-2)/K=1.000010 t*=23.600000
[0405] A-s            bascule pas 3932 t=23.5920 |x|=1.4955e+02 ; phase 2 836 pas -> CAP ; point fixe en 2 it., 180 pts ; alpha=0.800000 (4/(p-2)=0.800000) disp_loc=9.276e-05 ; II : gA^(p-2)/K=0.999990 t*=23.600000
[0406] A-s            bascule pas 3932 t=23.5920 |x|=1.4955e+02 ; phase 2 3345 pas -> CAP ; point fixe en 2 it., 720 pts ; alpha=0.800000 (4/(p-2)=0.800000) disp_loc=5.104e-04 ; II : gA^(p-2)/K=1.000010 t*=23.600000
[0407] S-s            sous seuil (s=1.524343) : |x|max phase 2 2.9961e+00 ; ajustement libre alpha=0.0004 t*=400.0037 (T_MAX=400) disp_loc=1.750e-04 ; II gA^(p-2)/K=3.380e-10
[0408] BANC           G36 lecture corrigee : q = 2 mesure -> 18 points NON LUS, lecture NON JOUEE, verdict du v14 inchange MORD VERIFIE == VERIFIE ; non lus [6, 6, 6]
[0409] BANC           G15 G-comptes 107 + 0 != 108 -> MANCHE NON JOUEE             MORD G-comptes MORD (107 + 0 != 108)
[0410] BANC           G16 W-transcription : NPASSES=2 et k incoherent -> controle positif MORD MORD pas=2.84e-05 attendu(k=0)=6.03e-07 den=9863185 encadrement=[0.05, 6] seuil=0.9765731100045271 coherent=True
[0411] BANC           G17 sous le seuil, un faux blow-up -> G-seuil MORD -> INSTRUMENT REFUTE MORD INSTRUMENT REFUTE / branche 1 : G-seuil MORD (exposant convergent sous le seuil)
[0412] BANC           G18 alpha depend de s -> G-s MORD -> REFUTE branche 4, motif G-s MORD REFUTE / branche 4 : G-s p=4, G-s p=5, G-s p=7 MORD (alpha depend de s ou de w2)
[0413] BANC           G20 W-integrales q_int(H1) = 3 -> MORD -> branche 6, QUALIFIE bonus retire MORD REGLAGE QUALIFIE (bonus T-3 retire) / branche 6 : T-3 mord seul (W-integrales, T-3a)
[0414] BANC           G21 derive(dt/2) sous le plancher machine -> NON LUE (LD-16), pas de morsure MORD N : NON LUE (plancher, LD-16) ; H1 : PASSE
[0415] BANC           G22 decalage lnA nul : dispersion sous le plancher' du v14 (LD-12 ; la lecture corrigee y est NON JOUEE) -> G-plancher MORD -> branche 3b MORD NON CONCLUANT DE PLANCHER / branche 3b : G-plancher MORD aux degres [4, 5, 7] (tol_lnA <= plancher : le modele fixe encore la tolerance ; v4 7)
[0416] BANC           G23 chaine 2a+2b manufacturee : comptes DANS les intervalles derives, CAP' atteint MORD n_2a=341 [318,341] n_2b=361 [360,381]
[0417] BANC           G24 etage 2a ABSENT : n_2a = 0 hors [318, 341] -> la garde de compte MORD (G-fen) MORD un 340 asserte ne l'aurait pas vu
[0418] BANC           G25 n_2s > 340 SANS morsure : 362 dans [340, 362] a w2=1.73 (un 340 asserte = banc mort) MORD n_2s derive = 362
[0419] BANC           G26 W-bascule voie A : g2 absente -> la lecture D-t-19 de la chaine complete MORD MORD e_avec sans g2 = 9.614e-01 (lecture D-t-19 : tol = 3.070e-01)
[0420] BANC           G27 D-M17-58 : table factice au signe inverse a (5, 2.27) -> la garde MORD MORD 
[0421] BANC           G28 9bis : ecart au perimetre -> 1 ecart ; meta et duree_s -> 0 ecart MORD 
[0422] L-banc-faux    s=2.406602 sgn=+1 attendu EXPLOSE : instrument True (pas 1074), moteur True ; indice identique False -> ECART
[0423] BANC           G19 physique corrompue (exposant p) contre le moteur -> G-lignee ECART MORD booleen True indice False
[0424] NE-JOUE-PAS    lectures NON LUES : aucune
[0425] NE-JOUE-PAS    gardes sans morsure demontree dans ce journal (17 enumerees des gels, 17 demontrees) : aucune
[0426] NE-JOUE-PAS    runs du gel non joues : aucun (0 sautes)
[0427] JSON           out_run_delta92/alpha_v15\resultats_alpha.json  224282 o  empreinte B 5a1032b29d3f03c7
[0428] MANIFEST       out_run_delta92/alpha_v15\MANIFEST.sha256 : 83 fichiers, empreinte B 81ee9c622716ff67, taille 8658
[0429] FIN            alpha : VERIFIE -- 252.3 s
