[0001] DEBUT          banc_qualification_machine1_v15  --banc --registre C:/Users/bazil/AppData/Local/Temp/reg729 --sortie out_banc_v15  UTC 2026-09-21T21:16:40Z
[0002] FILES          E18 : aucun numero pris ; maximum cite E42, N-69, D-M17-45 (registre 37ad1b6, pieces .md/.txt)
[0003] N-59           banc_qualification_machine1_v15.py  206641 o  sha256 brut a1553f6eb5cc74b8  convention B a1553f6eb5cc74b8  ASCII/LF True
[0004] E19            gels/temoin_negatif_pre_enregistrement_v11.md  a2e7ef3e237c5acf  72281 o  attendu a2e7ef3e237c5acf 72281  -> CONCORDANT
[0005] E19            gels/constante_A_pre_enregistrement_v9.md  b515abc5a6da73c5  50206 o  attendu b515abc5a6da73c5 50206  -> CONCORDANT
[0006] E19            gels/temoin_negatif_pre_enregistrement_v7.md  8b083e9f109b5a8e  39750 o  attendu 8b083e9f109b5a8e 39750  -> CONCORDANT
[0007] E19            gels/alpha_pre_enregistrement_v5.md  045c2435aaf623ce  28998 o  attendu 045c2435aaf623ce 28998  -> CONCORDANT
[0008] E19            journal/note_machine1_certification_temoin_v11_v2.md  7fc5f2412b99ad50  attendu 7fc5f2412b99ad50  -> CONCORDANT
[0009] E19            journal/note_machine2_certification_constante_A_v4_v1.md  9e6376f936708077  attendu 9e6376f936708077  -> CONCORDANT
[0010] E19            journal/note_machine1_certification_gels_v7_v4.md  6b2425dbf906205b  attendu 6b2425dbf906205b  -> CONCORDANT
[0011] E19            journal/note_machine1_certification_gel_alpha_v5.md  fe43f7c4d142bcdb  attendu fe43f7c4d142bcdb  -> CONCORDANT
[0012] CUSTODY        scripts/m9_replication_v1.py  sha256 brut c8ed357b120352c4...  36325 o  -> CONCORDANT
[0013] CUSTODY        runs/m12_results.json  sha256 brut fa109da92e582520...  130856 o  -> CONCORDANT
[0014] MOTEUR         scripts/m9_replication_v1.py charge, sha256 c8ed357b120352c4..., gel jumeau M9 v2 conforme, P=5 T_MAX=400.0 CAP=10000.0
[0015] SELFTEST       symbolique a_hamilton_2.10_vers_2.11                 OK  
[0016] SELFTEST       symbolique b_crochet_N_H1_nul                        OK  
[0017] SELFTEST       symbolique a_bis_acc_code_egale_polynome             OK  
[0018] SELFTEST       symbolique c_p4_exposant_alpha(p-1)=alpha+4          OK  
[0019] SELFTEST       symbolique c_p4_reste_egale_forcage_f                OK  
[0020] SELFTEST       symbolique c_p4_K=120                                OK  
[0021] SELFTEST       symbolique c_p4_gA^(p-2)=K_num                       OK  
[0022] SELFTEST       symbolique c_p5_exposant_alpha(p-1)=alpha+4          OK  
[0023] SELFTEST       symbolique c_p5_reste_egale_forcage_f                OK  
[0024] SELFTEST       symbolique c_p5_K=3640/81                            OK  
[0025] SELFTEST       symbolique c_p5_gA^(p-2)=K_num                       OK  
[0026] SELFTEST       symbolique c_p7_exposant_alpha(p-1)=alpha+4          OK  
[0027] SELFTEST       symbolique c_p7_reste_egale_forcage_f                OK  
[0028] SELFTEST       symbolique c_p7_K=9576/625                           OK  
[0029] SELFTEST       symbolique c_p7_gA^(p-2)=K_num                       OK  
[0030] SELFTEST       symbolique d_operateur_lineaire_factorise            OK  
[0031] SELFTEST       symbolique e_duffing_Omega2=2_m=1/4_x0=1             OK  
[0032] SELFTEST       symbolique f_plafond_alpha=2/15                      OK  
[0033] SELFTEST       symbolique f_plafond_R=eta_R(q-1)=1/4                OK  
[0034] SELFTEST       symbolique f_plafond_loi2=eta(1-1/c_T)=1/8           OK  
[0035] SELFTEST       symbolique g_etat_A_H1_0=2_N_0=3/4                   OK  
[0036] SELFTEST       symbolique g_etat_B_H1_0=10_N_0=6                    OK  
[0037] SELFTEST       delta' = 1/32400 et delta_0 = b^J delta' = 1/100 (EXACT, v6 3) OK  
[0038] SELFTEST       plancher'(4) = 1/648000 exact (v6 3.3)               OK  1/648000
[0039] SELFTEST       plancher'(5) = 1/468000 exact (v6 3.3)               OK  1/468000
[0040] SELFTEST       plancher'(7) = 1/344736 exact (v6 3.3)               OK  1/344736
[0041] SELFTEST       n_2b' = M k / r = 400 ; fenetre = 180 ; nominaux 340 / 380 (derives, v6 4.6-4.7) OK  
[0042] SELFTEST       intervalles 4.6 : n_2a [318,341]/[313,341]/[307,341] ; n_2b [360,381] (derives, entiers) OK  
[0043] SELFTEST       intervalles 4.7 : n_2s [340,362]/[340,367]/[340,373] ; jumelle 4.8 : bornes x2 OK  
[0044] SELFTEST       tau_dom'(1.73) = 2.7802e-03 (v6 4.3)                 OK  
[0045] SELFTEST       dt_2b(1.73) = 1.3901e-05 (v6 4.3)                    OK  
[0046] SELFTEST       dt_2a(1.73) = 2.7802e-04 (v6 4.3)                    OK  
[0047] SELFTEST       tau_dom_0(1.73) = 5.0044e-02 (repere, v5 6)          OK  
[0048] SELFTEST       tau_dom'(2.27) = 2.2397e-03 (v6 4.3)                 OK  
[0049] SELFTEST       dt_2b(2.27) = 1.1198e-05 (v6 4.3)                    OK  
[0050] SELFTEST       dt_2a(2.27) = 2.2397e-04 (v6 4.3)                    OK  
[0051] SELFTEST       tau_dom_0(2.27) = 4.0314e-02 (repere, v5 6)          OK  
[0052] SELFTEST       tau_dom'(2.80) = 1.8685e-03 (v6 4.3)                 OK  
[0053] SELFTEST       dt_2b(2.80) = 9.3427e-06 (v6 4.3)                    OK  
[0054] SELFTEST       dt_2a(2.80) = 1.8685e-04 (v6 4.3)                    OK  
[0055] SELFTEST       tau_dom_0(2.80) = 3.3634e-02 (repere, v5 6)          OK  
[0056] SELFTEST       A_4 = 48.98979                                       OK  
[0057] SELFTEST       CAP'_4(1.73) = 6.3378e+08 (v6 4.5)                   OK  
[0058] SELFTEST       bascule2b_4(1.73) = 1.5845e+06 (v6 4.4)              OK  
[0059] SELFTEST       bascule0_4(1.73) = 4.8903e+03 (v5 5.3, depart 2a)    OK  
[0060] SELFTEST       CAP'_4(2.27) = 9.7663e+08 (v6 4.5)                   OK  
[0061] SELFTEST       bascule2b_4(2.27) = 2.4416e+06 (v6 4.4)              OK  
[0062] SELFTEST       bascule0_4(2.27) = 7.5357e+03 (v5 5.3, depart 2a)    OK  
[0063] SELFTEST       CAP'_4(2.80) = 1.4031e+09 (v6 4.5)                   OK  
[0064] SELFTEST       bascule2b_4(2.80) = 3.5079e+06 (v6 4.4)              OK  
[0065] SELFTEST       bascule0_4(2.80) = 1.0827e+04 (v5 5.3, depart 2a)    OK  
[0066] SELFTEST       A_5 = 9.65048                                        OK  
[0067] SELFTEST       CAP'_5(1.73) = 5.3183e+05 (v6 4.5)                   OK  
[0068] SELFTEST       bascule2b_5(1.73) = 9.7964e+03 (v6 4.4)              OK  
[0069] SELFTEST       bascule0_5(1.73) = 2.0767e+02 (v5 5.3, depart 2a)    OK  
[0070] SELFTEST       CAP'_5(2.27) = 7.0952e+05 (v6 4.5)                   OK  
[0071] SELFTEST       bascule2b_5(2.27) = 1.3069e+04 (v6 4.4)              OK  
[0072] SELFTEST       bascule0_5(2.27) = 2.7705e+02 (v5 5.3, depart 2a)    OK  
[0073] SELFTEST       CAP'_5(2.80) = 9.0340e+05 (v6 4.5)                   OK  
[0074] SELFTEST       bascule2b_5(2.80) = 1.6641e+04 (v6 4.4)              OK  
[0075] SELFTEST       bascule0_5(2.80) = 3.5276e+02 (v5 5.3, depart 2a)    OK  
[0076] SELFTEST       A_7 = 3.14244                                        OK  
[0077] SELFTEST       CAP'_7(1.73) = 2.1979e+03 (v6 4.5)                   OK  
[0078] SELFTEST       bascule2b_7(1.73) = 2.0007e+02 (v6 4.4)              OK  
[0079] SELFTEST       bascule0_7(1.73) = 1.9813e+01 (v5 5.3, depart 2a)    OK  
[0080] SELFTEST       CAP'_7(2.27) = 2.6129e+03 (v6 4.5)                   OK  
[0081] SELFTEST       bascule2b_7(2.27) = 2.3784e+02 (v6 4.4)              OK  
[0082] SELFTEST       bascule0_7(2.27) = 2.3555e+01 (v5 5.3, depart 2a)    OK  
[0083] SELFTEST       CAP'_7(2.80) = 3.0204e+03 (v6 4.5)                   OK  
[0084] SELFTEST       bascule2b_7(2.80) = 2.7494e+02 (v6 4.4)              OK  
[0085] SELFTEST       bascule0_7(2.80) = 2.7229e+01 (v5 5.3, depart 2a)    OK  
[0086] SELFTEST       9bis : mord au perimetre (x), muet sur exempte (duree_s) et hors perimetre (meta) OK  ['/T1/A/x (2.0 != 1.0)']
[0087] SELFTEST       L-desc : ln(r')/ln(r) = 1/1024 sur un couple fabrique OK  
[0088] SELFTEST       D-M17-58 : la table conforme PASSE la garde (0 faute) OK  
[0089] SELFTEST       plancher_lnA(4) = 1/648000 exact (v6 3.3, delta')    OK  1/648000
[0090] SELFTEST       plancher_lnA(5) = 1/468000 exact (v6 3.3, delta')    OK  1/468000
[0091] SELFTEST       plancher_lnA(7) = 1/344736 exact (v6 3.3, delta')    OK  1/344736
[0092] SELFTEST       carte : sF == min(sP, sM) et frag coherent, 9/9 ; p=4 sans sM OK  
[0093] SELFTEST       signes joues : frag = -1 aux points enumeres de la carte OK  [(5, 2.27), (5, 2.8), (7, 2.27), (7, 2.8)]
[0094] SELFTEST       tol_int (etat B, x_max=2) = log2((1+b)/(1+b/2)), b = sqrt(13) dt, sous le plafond 1/4 OK  0.01536
[0095] SELFTEST       pas_signature(k=0) = 6.0325e-07, den 9863185         OK  6.0325e-07 enc=(0.05, 6.0)
[0096] SELFTEST       pas_signature(k=1) = 1.8250e-06, den 9863185         OK  1.8250e-06 enc=(6.0, 24.0)
[0097] SELFTEST       pas_signature(k=-1) = 3.8020e-09, den 9863185        OK  3.8020e-09 enc=(0.0125, 0.05)
[0098] SELFTEST       comptes des motifs runs/m10_results.json = {'6.03e-07': 64} OK  {'6.03e-07': 64}
[0099] SELFTEST       comptes des motifs runs/m11_results.json = {'6.03e-07': 26, '1.82e-06': 6} OK  {'6.03e-07': 26, '1.82e-06': 6}
[0100] SELFTEST       comptes des motifs runs/m12_results.json = {'6.03e-07': 70, '1.82e-06': 4} OK  {'6.03e-07': 70, '1.82e-06': 4}
[0101] SELFTEST       comptes des motifs runs/m14_results.json = {'6.03e-07': 37, '1.82e-06': 1} OK  {'1.82e-06': 1, '6.03e-07': 37}
[0102] SELFTEST       comptes des motifs runs/m15_results.json = {'6.03e-07': 28, '1.82e-06': 8} OK  {'1.82e-06': 8, '6.03e-07': 28}
[0103] SELFTEST       application d'etat, aller-retour w2=1.73             OK  
[0104] SELFTEST       application d'etat, aller-retour w2=2.27             OK  
[0105] SELFTEST       application d'etat, aller-retour w2=2.80             OK  
[0106] SELFTEST       ajustements I/II retrouvent alpha, A, t* sur l'ansatz p=4 OK  POINT_FIXE alpha=2.00000000 t*=3.00000000
[0107] SELFTEST       ajustements I/II retrouvent alpha, A, t* sur l'ansatz p=5 OK  POINT_FIXE alpha=1.33333333 t*=3.00000000
[0108] SELFTEST       ajustements I/II retrouvent alpha, A, t* sur l'ansatz p=7 OK  POINT_FIXE alpha=0.80000000 t*=3.00000000
[0109] SELFTEST       chercher_seuil transcrit == depose (9 thetas, au bit, motifs) OK  9/9
[0110] SELFTEST       Duffing standard : cn(0)=1, x0(formule)=1.000000000000 OK  
[0111] SELFTEST       pas_rk4 d'ordre 4 sur l'oscillateur harmonique       OK  p_obs=4.013
[0112] SELFTEST       tol_ordre(alpha_4) sous le plafond 1/4               OK  0.2003
[0113] SELFTEST       tol_ordre(alpha_5) sous le plafond 1/4               OK  0.1848
[0114] SELFTEST       tol_ordre(alpha_7) sous le plafond 1/4               OK  0.1720
[0115] SELFTEST       ecrire_ascii refuse un octet >= 128                  OK  
[0116] SELFTEST       carte : neuf s* concordent avec la table 4.2 (regle 11) OK  ecart max 4.4e-13
[0117] L-selftest     s=2.406602 sgn=+1 attendu EXPLOSE : instrument True (pas 2044), moteur True ; indice identique True -> OK
[0118] SELFTEST       phase 1 transcrite == moteur (booleen ET indice) a p=4 w2=1.73 s=1.20 s* OK  indice 2044
[0119] SELFTEST       v5 : C(p) = 7.7143 / 8.3158 / 8.8966 (pleine precision), lecture_5_4 trois branches, forme canonique -- PASSENT
[0120] SELFTEST       v8 : ecart_ulp en PAS REPRESENTABLES (4 pas sous 1.0 = 4.0, D-I-9) ; BORNE_ULP unique = 2
[0121] SELFTEST       bilan 103/103
[0122] BANC           B1 faux blow-up : saturation lue (R non croissant, R_fin -> 1) MORD R=['1.0556', '1.0263', '1.0128', '1.0063']
[0123] BANC           B1' croissance lineaire : fenetre de q, tol_R sous plafond   MORD R=['1.9557', '2.0227', '1.9888', '2.0056'] tol_R=0.0449
[0124] T1b-a          CAP=100 T_MAX=200 -> seuil=0.9765628546965307 motif=OK|pas=6.03e-07 k=0 ; W-transcription (iii) PASSE : pas=6.03e-07 attendu(k=0)=6.03e-07 den=9863185 encadrement=[0.05, 6] seuil=0.9765628546965307 coherent=True
[0125] T1b-b          CAP=200 T_MAX=200 -> seuil=1.9531251619025702 motif=OK|pas=6.03e-07 k=0 ; W-transcription (iii) PASSE : pas=6.03e-07 attendu(k=0)=6.03e-07 den=9863185 encadrement=[0.05, 6] seuil=1.9531251619025702 coherent=True
[0126] T1b-c          CAP=100 T_MAX=400 -> seuil=0.48828170109351093 motif=OK|pas=6.03e-07 k=0 ; W-transcription (iii) PASSE : pas=6.03e-07 attendu(k=0)=6.03e-07 den=9863185 encadrement=[0.05, 6] seuil=0.48828170109351093 coherent=True
[0127] BANC           B2' loi lineaire synthetique : T-1b suit les deux lois       MORD loi1=2.00000 loi2=0.50000
[0128] BANC           B1 cascade : faux blow-up -> REGLAGE REFUTE branche 3        MORD REGLAGE REFUTE / branche 3 : T-1 rend R -> 1 (saturation)
[0129] BANC           B1' cascade : lineaire + lois + T-2 -> REGLAGE QUALIFIE branche 5 MORD REGLAGE QUALIFIE / branche 5 : T-1 R = q, T-1b les deux lois, T-2 p_obs = 4 sous la conversion
[0130] T1b-a          CAP=100 T_MAX=200 -> seuil=0.9000003447162354 motif=OK|pas=6.03e-07 k=0 ; W-transcription (iii) PASSE : pas=6.03e-07 attendu(k=0)=6.03e-07 den=9863185 encadrement=[0.05, 6] seuil=0.9000003447162354 coherent=True
[0131] T1b-b          CAP=200 T_MAX=200 -> seuil=0.9000003447162354 motif=OK|pas=6.03e-07 k=0 ; W-transcription (iii) PASSE : pas=6.03e-07 attendu(k=0)=6.03e-07 den=9863185 encadrement=[0.05, 6] seuil=0.9000003447162354 coherent=True
[0132] T1b-c          CAP=100 T_MAX=400 -> seuil=0.9000003447162354 motif=OK|pas=6.03e-07 k=0 ; W-transcription (iii) PASSE : pas=6.03e-07 attendu(k=0)=6.03e-07 den=9863185 encadrement=[0.05, 6] seuil=0.9000003447162354 coherent=True
[0133] BANC           B2 faux mirage : seuil stable -> regime STABLE               MORD loi1=1.00000 loi2=1.00000
[0134] BANC           B2 cascade : mirage -> REGLAGE REFUTE branche 3 (W-mirage)   MORD REGLAGE REFUTE / branche 3 : W-mirage MORD (seuil stable sous les deux variations)
[0135] BANC           B3a transcription fausse (NPASSES=2) : controle positif MORD MORD pas=2.84e-05 attendu(k=0)=6.03e-07 den=9863185 encadrement=[0.05, 6] seuil=0.9765731100045271 coherent=True
[0136] BANC           B3b valeur juste, k incoherent (seuil 7.46 hors [0.05,6]) : MORD MORD pas=6.03e-07 attendu(k=0)=6.03e-07 den=9863185 encadrement=[0.05, 6] seuil=7.46 coherent=False
[0137] BANC           B3b' k=1 avec pas de k=0 : MORD                              MORD pas=6.03e-07 attendu(k=1)=1.82e-06 den=9863185 encadrement=[6, 24] seuil=7.46 coherent=True
[0138] BANC           B3c algorithme corrompu (NGRID=47) contre le moteur depose : ecart MORD 3/3 ecarts
[0139] L-banc-faux    s=2.406602 sgn=+1 attendu EXPLOSE : instrument True (pas 1074), moteur True ; indice identique False -> ECART
[0140] BANC           B3d physique corrompue (exposant p) contre le moteur : G-lignee ECART MORD booleen True indice False
[0141] BANC           B4a0 ansatz quasi exact : dispersion SOUS le plancher' -> branche 3b (v4 7) MORD NON CONCLUANT DE PLANCHER / branche 3b : G-plancher MORD aux degres [4, 5, 7] (tol_lnA <= plancher : le modele fixe encore la tolerance ; v4 7)
[0142] BANC           B4a ansatz exact au bruit d'instrument -> VERIFIE (3b muette : la dispersion depasse le plancher) MORD VERIFIE / branche 5 : P-alpha les six par degre ET P-A aux trois degres
[0143] BANC           B4b exposant faux (x1.3) -> REFUTE                           MORD REFUTE / branche 7 : P-alpha echoue a un degre au moins
[0144] BANC           B4c amplitude fausse (x1.5), exposant juste -> PARTIEL       MORD PARTIEL / branche 6 : P-alpha aux trois degres, P-A non
[0145] BANC           B4d sous le seuil, un faux blow-up -> G-seuil MORD -> INSTRUMENT REFUTE MORD INSTRUMENT REFUTE / branche 1 : G-seuil MORD (exposant convergent sous le seuil)
[0146] BANC           B4e alpha dependant de s -> G-s MORD -> REFUTE branche 4     MORD REFUTE / branche 4 : G-s p=4, G-s p=5, G-s p=7 MORD (alpha depend de s ou de w2)
[0147] T1b-a          CAP=100 T_MAX=200 -> seuil=0.9765628546965307 motif=OK|pas=6.03e-07 k=0 ; W-transcription (iii) PASSE : pas=6.03e-07 attendu(k=0)=6.03e-07 den=9863185 encadrement=[0.05, 6] seuil=0.9765628546965307 coherent=True
[0148] T1b-b          CAP=200 T_MAX=200 -> seuil=1.9531251619025702 motif=OK|pas=6.03e-07 k=0 ; W-transcription (iii) PASSE : pas=6.03e-07 attendu(k=0)=6.03e-07 den=9863185 encadrement=[0.05, 6] seuil=1.9531251619025702 coherent=True
[0149] T1b-c          CAP=100 T_MAX=400 -> seuil=0.48828170109351093 motif=OK|pas=6.03e-07 k=0 ; W-transcription (iii) PASSE : pas=6.03e-07 attendu(k=0)=6.03e-07 den=9863185 encadrement=[0.05, 6] seuil=0.48828170109351093 coherent=True
[0150] BANC           G1 W-pas seule -> NON CONCLUANT D'INTEGRATEUR branche 4, motif la nomme seule MORD NON CONCLUANT D'INTEGRATEUR / branche 4 : W-pas x MORD
[0151] BANC           G2 W-plancher seule -> NON CONCLUANT D'INTEGRATEUR branche 4, motif la nomme seule MORD NON CONCLUANT D'INTEGRATEUR / branche 4 : W-plancher x MORD
[0152] BANC           G3 W-bascule seule -> NON CONCLUANT D'INTEGRATEUR branche 4, motif la nomme seule MORD NON CONCLUANT D'INTEGRATEUR / branche 4 : W-bascule x MORD
[0153] BANC           G4 W-croissance (CAP_0 jamais franchi) -> NON CONCLUANT DE TEMOIN branche 2 MORD NON CONCLUANT DE TEMOIN / branche 2 : W-croissance MORD
[0154] BANC           G5 3bis (i) R hors des deux fenetres, tol_R sous plafond -> NON CONCLUANT DE REGIME MORD R=['1.800', '2.222', '1.800', '2.222'] tol_R=0.208 NON CONCLUANT DE REGIME
[0155] T1b-a          CAP=100 T_MAX=200 -> seuil=0.0976564162590482 motif=OK|pas=6.03e-07 k=0 ; W-transcription (iii) PASSE : pas=6.03e-07 attendu(k=0)=6.03e-07 den=9863185 encadrement=[0.05, 6] seuil=0.0976564162590482 coherent=True
[0156] T1b-b          CAP=200 T_MAX=200 -> seuil=0.13810697051713017 motif=OK|pas=6.03e-07 k=0 ; W-transcription (iii) PASSE : pas=6.03e-07 attendu(k=0)=6.03e-07 den=9863185 encadrement=[0.05, 6] seuil=0.13810697051713017 coherent=True
[0157] T1b-c          CAP=100 T_MAX=400 -> seuil=0.0488281270198217 motif=OK|pas=3.80e-09 k=-1 ; W-transcription (iii) PASSE : pas=3.80e-09 attendu(k=-1)=3.80e-09 den=9863185 encadrement=[0.0125, 0.05] seuil=0.0488281270198217 coherent=True
[0158] BANC           G6 3bis (ii) T-1b ni loi 1 ni stable (s* ~ sqrt(CAP)) -> NON CONCLUANT DE REGIME MORD loi1=1.4142 loi2=0.5000 NON CONCLUANT DE REGIME
[0159] BANC           G7 4bis tol_ordre > plafond -> NON CONCLUANT DE RESOLUTION   MORD NON CONCLUANT DE RESOLUTION / branche 4bis : une tolerance depasse son plafond
[0160] BANC           G8 4bis tol_R > eta_R (q-1) sans saturation -> NON CONCLUANT DE RESOLUTION MORD R=['1.500', '1.600', '1.667', '1.800'] tol_R/(q-1)=1.667 NON CONCLUANT DE RESOLUTION
[0161] BANC           G9 W-comptes 40 + 0 != 41 -> BANC NON JOUE                   MORD W-comptes MORD (40 + 0 != 41)
[0162] BANC           G10 etat tangent (1,0,0,1) : H1_0 = 0 -> ARRET declare (gel 4.3) MORD 
[0163] BANC           G11 alpha(dt2) != alpha(dt2/2) -> G-dt MORD -> NON CONCLUANT DE RESOLUTION branche 2 MORD NON CONCLUANT DE RESOLUTION / branche 2 : G-dt p=4, plafond 10.2 p=4, G-dt p=5, plafond 10.2 p=5, G-dt p=7, plafond 10.2 p=7 MORD
[0164] BANC           G12 alpha(k=4) != alpha(k=2) -> G-k MORD -> NON CONCLUANT DE RESOLUTION branche 2 MORD NON CONCLUANT DE RESOLUTION / branche 2 : G-k p=4, plafond 10.2 p=4, G-k p=5, plafond 10.2 p=5, G-k p=7, plafond 10.2 p=7 MORD
[0165] BANC           G13 alpha depend de w2 -> G-w2 MORD -> REFUTE branche 4, motif G-w2 MORD REFUTE / branche 4 : G-w2 p=4, G-w2 p=5, G-w2 p=7 MORD (alpha depend de s ou de w2)
[0166] BANC           G14 CAP_p jamais atteint -> G-fen -> NON CONCLUANT DE FENETRE branche 3, compte inchange MORD NON CONCLUANT DE FENETRE ; comptes=81
[0167] A-s            bascule pas 3857 t=23.1420 |x|=7.6547e+05 ; phase 2 555 pas -> CAP ; point fixe en 2 it., 180 pts ; alpha=2.000000 (4/(p-2)=2.000000) disp_loc=1.042e-04 ; II : gA^(p-2)/K=1.000000 t*=23.150000
[0168] A-s            bascule pas 3857 t=23.1420 |x|=7.6547e+05 ; phase 2 1110 pas -> CAP ; point fixe en 2 it., 360 pts ; alpha=2.000000 (4/(p-2)=2.000000) disp_loc=2.547e-04 ; II : gA^(p-2)/K=1.000004 t*=23.150000
[0169] A-s            bascule pas 3856 t=23.1360 |x|=2.4995e+05 ; phase 2 987 pas -> CAP ; point fixe en 2 it., 180 pts ; alpha=2.000000 (4/(p-2)=2.000000) disp_loc=9.573e-05 ; II : gA^(p-2)/K=0.999996 t*=23.150000
[0170] A-s            bascule pas 3857 t=23.1420 |x|=7.6547e+05 ; phase 2 2221 pas -> CAP ; point fixe en 2 it., 720 pts ; alpha=2.000000 (4/(p-2)=2.000000) disp_loc=6.458e-04 ; II : gA^(p-2)/K=1.000004 t*=23.150000
[0171] A-s            bascule pas 3932 t=23.5920 |x|=7.6547e+05 ; phase 2 555 pas -> CAP ; point fixe en 2 it., 180 pts ; alpha=2.000000 (4/(p-2)=2.000000) disp_loc=1.042e-04 ; II : gA^(p-2)/K=1.000000 t*=23.600000
[0172] A-s            bascule pas 3932 t=23.5920 |x|=7.6547e+05 ; phase 2 1110 pas -> CAP ; point fixe en 2 it., 360 pts ; alpha=2.000000 (4/(p-2)=2.000000) disp_loc=2.547e-04 ; II : gA^(p-2)/K=1.000004 t*=23.600000
[0173] A-s            bascule pas 3931 t=23.5860 |x|=2.4995e+05 ; phase 2 987 pas -> CAP ; point fixe en 2 it., 180 pts ; alpha=2.000000 (4/(p-2)=2.000000) disp_loc=9.573e-05 ; II : gA^(p-2)/K=0.999996 t*=23.600000
[0174] A-s            bascule pas 3932 t=23.5920 |x|=7.6547e+05 ; phase 2 2221 pas -> CAP ; point fixe en 2 it., 720 pts ; alpha=2.000000 (4/(p-2)=2.000000) disp_loc=6.458e-04 ; II : gA^(p-2)/K=1.000004 t*=23.600000
[0175] S-s            sous seuil (s=1.905227) : |x|max phase 2 2.9961e+00 ; ajustement libre alpha=0.0006 t*=400.0056 (T_MAX=400) disp_loc=2.802e-04 ; II gA^(p-2)/K=7.867e-12
[0176] A-s            bascule pas 3857 t=23.1420 |x|=7.6547e+05 ; phase 2 694 pas -> CAP ; point fixe en 2 it., 180 pts ; alpha=2.000000 (4/(p-2)=2.000000) disp_loc=1.207e-04 ; II : gA^(p-2)/K=1.000000 t*=23.150000
[0177] A-s            bascule pas 3857 t=23.1420 |x|=7.6547e+05 ; phase 2 1388 pas -> CAP ; point fixe en 2 it., 360 pts ; alpha=2.000000 (4/(p-2)=2.000000) disp_loc=2.304e-04 ; II : gA^(p-2)/K=1.000004 t*=23.150000
[0178] A-s            bascule pas 3856 t=23.1360 |x|=2.4995e+05 ; phase 2 1230 pas -> CAP ; point fixe en 2 it., 180 pts ; alpha=2.000000 (4/(p-2)=2.000000) disp_loc=9.437e-05 ; II : gA^(p-2)/K=0.999996 t*=23.150000
[0179] A-s            bascule pas 3857 t=23.1420 |x|=7.6547e+05 ; phase 2 2777 pas -> CAP ; point fixe en 2 it., 720 pts ; alpha=2.000000 (4/(p-2)=2.000000) disp_loc=4.976e-04 ; II : gA^(p-2)/K=1.000004 t*=23.150000
[0180] A-s            bascule pas 3932 t=23.5920 |x|=7.6547e+05 ; phase 2 694 pas -> CAP ; point fixe en 2 it., 180 pts ; alpha=2.000000 (4/(p-2)=2.000000) disp_loc=1.207e-04 ; II : gA^(p-2)/K=1.000000 t*=23.600000
[0181] A-s            bascule pas 3932 t=23.5920 |x|=7.6547e+05 ; phase 2 1388 pas -> CAP ; point fixe en 2 it., 360 pts ; alpha=2.000000 (4/(p-2)=2.000000) disp_loc=2.304e-04 ; II : gA^(p-2)/K=1.000004 t*=23.600000
[0182] A-s            bascule pas 3931 t=23.5860 |x|=2.4995e+05 ; phase 2 1230 pas -> CAP ; point fixe en 2 it., 180 pts ; alpha=2.000000 (4/(p-2)=2.000000) disp_loc=9.437e-05 ; II : gA^(p-2)/K=0.999996 t*=23.600000
[0183] A-s            bascule pas 3932 t=23.5920 |x|=7.6547e+05 ; phase 2 2777 pas -> CAP ; point fixe en 2 it., 720 pts ; alpha=2.000000 (4/(p-2)=2.000000) disp_loc=4.976e-04 ; II : gA^(p-2)/K=1.000004 t*=23.600000
[0184] S-s            sous seuil (s=2.772408) : |x|max phase 2 2.9961e+00 ; ajustement libre alpha=0.0005 t*=400.0045 (T_MAX=400) disp_loc=2.163e-04 ; II gA^(p-2)/K=3.313e-12
[0185] A-s            bascule pas 3857 t=23.1420 |x|=7.6547e+05 ; phase 2 836 pas -> CAP ; point fixe en 2 it., 180 pts ; alpha=2.000000 (4/(p-2)=2.000000) disp_loc=9.713e-05 ; II : gA^(p-2)/K=1.000000 t*=23.150000
[0186] A-s            bascule pas 3857 t=23.1420 |x|=7.6547e+05 ; phase 2 1672 pas -> CAP ; point fixe en 2 it., 360 pts ; alpha=2.000000 (4/(p-2)=2.000000) disp_loc=3.055e-04 ; II : gA^(p-2)/K=1.000004 t*=23.150000
[0187] A-s            bascule pas 3857 t=23.1420 |x|=7.6547e+05 ; phase 2 836 pas -> CAP ; point fixe en 2 it., 180 pts ; alpha=2.000000 (4/(p-2)=2.000000) disp_loc=9.713e-05 ; II : gA^(p-2)/K=0.999996 t*=23.150000
[0188] A-s            bascule pas 3857 t=23.1420 |x|=7.6547e+05 ; phase 2 3345 pas -> CAP ; point fixe en 2 it., 720 pts ; alpha=2.000000 (4/(p-2)=2.000000) disp_loc=5.327e-04 ; II : gA^(p-2)/K=1.000004 t*=23.150000
[0189] A-s            bascule pas 3932 t=23.5920 |x|=7.6547e+05 ; phase 2 836 pas -> CAP ; point fixe en 2 it., 180 pts ; alpha=2.000000 (4/(p-2)=2.000000) disp_loc=9.713e-05 ; II : gA^(p-2)/K=1.000000 t*=23.600000
[0190] A-s            bascule pas 3932 t=23.5920 |x|=7.6547e+05 ; phase 2 1672 pas -> CAP ; point fixe en 2 it., 360 pts ; alpha=2.000000 (4/(p-2)=2.000000) disp_loc=3.055e-04 ; II : gA^(p-2)/K=1.000004 t*=23.600000
[0191] A-s            bascule pas 3932 t=23.5920 |x|=7.6547e+05 ; phase 2 836 pas -> CAP ; point fixe en 2 it., 180 pts ; alpha=2.000000 (4/(p-2)=2.000000) disp_loc=9.713e-05 ; II : gA^(p-2)/K=0.999996 t*=23.600000
[0192] A-s            bascule pas 3932 t=23.5920 |x|=7.6547e+05 ; phase 2 3345 pas -> CAP ; point fixe en 2 it., 720 pts ; alpha=2.000000 (4/(p-2)=2.000000) disp_loc=5.327e-04 ; II : gA^(p-2)/K=1.000004 t*=23.600000
[0193] S-s            sous seuil (s=7.722745) : |x|max phase 2 2.9961e+00 ; ajustement libre alpha=0.0004 t*=400.0037 (T_MAX=400) disp_loc=1.750e-04 ; II gA^(p-2)/K=1.605e-12
[0194] A-s            bascule pas 3857 t=23.1420 |x|=6.0315e+03 ; phase 2 555 pas -> CAP ; point fixe en 2 it., 180 pts ; alpha=1.333333 (4/(p-2)=1.333333) disp_loc=1.208e-04 ; II : gA^(p-2)/K=1.000000 t*=23.150000
[0195] A-s            bascule pas 3857 t=23.1420 |x|=6.0315e+03 ; phase 2 1110 pas -> CAP ; point fixe en 2 it., 360 pts ; alpha=1.333333 (4/(p-2)=1.333333) disp_loc=2.859e-04 ; II : gA^(p-2)/K=1.000006 t*=23.150000
[0196] A-s            bascule pas 3856 t=23.1360 |x|=2.8601e+03 ; phase 2 987 pas -> CAP ; point fixe en 2 it., 180 pts ; alpha=1.333333 (4/(p-2)=1.333333) disp_loc=1.145e-04 ; II : gA^(p-2)/K=0.999994 t*=23.150000
[0197] A-s            bascule pas 3857 t=23.1420 |x|=6.0315e+03 ; phase 2 2221 pas -> CAP ; point fixe en 2 it., 720 pts ; alpha=1.333333 (4/(p-2)=1.333333) disp_loc=5.232e-04 ; II : gA^(p-2)/K=1.000006 t*=23.150000
[0198] A-s            bascule pas 3932 t=23.5920 |x|=6.0315e+03 ; phase 2 555 pas -> CAP ; point fixe en 2 it., 180 pts ; alpha=1.333333 (4/(p-2)=1.333333) disp_loc=1.208e-04 ; II : gA^(p-2)/K=1.000000 t*=23.600000
[0199] A-s            bascule pas 3932 t=23.5920 |x|=6.0315e+03 ; phase 2 1110 pas -> CAP ; point fixe en 2 it., 360 pts ; alpha=1.333333 (4/(p-2)=1.333333) disp_loc=2.859e-04 ; II : gA^(p-2)/K=1.000006 t*=23.600000
[0200] A-s            bascule pas 3931 t=23.5860 |x|=2.8601e+03 ; phase 2 987 pas -> CAP ; point fixe en 2 it., 180 pts ; alpha=1.333333 (4/(p-2)=1.333333) disp_loc=1.145e-04 ; II : gA^(p-2)/K=0.999994 t*=23.600000
[0201] A-s            bascule pas 3932 t=23.5920 |x|=6.0315e+03 ; phase 2 2221 pas -> CAP ; point fixe en 2 it., 720 pts ; alpha=1.333333 (4/(p-2)=1.333333) disp_loc=5.232e-04 ; II : gA^(p-2)/K=1.000006 t*=23.600000
[0202] S-s            sous seuil (s=0.623414) : |x|max phase 2 2.9961e+00 ; ajustement libre alpha=0.0006 t*=400.0056 (T_MAX=400) disp_loc=2.802e-04 ; II gA^(p-2)/K=6.293e-11
[0203] A-s            bascule pas 3857 t=23.1420 |x|=6.0315e+03 ; phase 2 694 pas -> CAP ; point fixe en 2 it., 180 pts ; alpha=1.333333 (4/(p-2)=1.333333) disp_loc=1.219e-04 ; II : gA^(p-2)/K=1.000000 t*=23.150000
[0204] A-s            bascule pas 3857 t=23.1420 |x|=6.0315e+03 ; phase 2 1388 pas -> CAP ; point fixe en 2 it., 360 pts ; alpha=1.333333 (4/(p-2)=1.333333) disp_loc=2.298e-04 ; II : gA^(p-2)/K=1.000006 t*=23.150000
[0205] A-s            bascule pas 3856 t=23.1360 |x|=2.8601e+03 ; phase 2 1230 pas -> CAP ; point fixe en 2 it., 180 pts ; alpha=1.333333 (4/(p-2)=1.333333) disp_loc=1.203e-04 ; II : gA^(p-2)/K=0.999994 t*=23.150000
[0206] A-s            bascule pas 3857 t=23.1420 |x|=6.0315e+03 ; phase 2 2777 pas -> CAP ; point fixe en 2 it., 720 pts ; alpha=1.333333 (4/(p-2)=1.333333) disp_loc=5.149e-04 ; II : gA^(p-2)/K=1.000006 t*=23.150000
[0207] A-s            bascule pas 3932 t=23.5920 |x|=6.0315e+03 ; phase 2 694 pas -> CAP ; point fixe en 2 it., 180 pts ; alpha=1.333333 (4/(p-2)=1.333333) disp_loc=1.219e-04 ; II : gA^(p-2)/K=1.000000 t*=23.600000
[0208] A-s            bascule pas 3932 t=23.5920 |x|=6.0315e+03 ; phase 2 1388 pas -> CAP ; point fixe en 2 it., 360 pts ; alpha=1.333333 (4/(p-2)=1.333333) disp_loc=2.298e-04 ; II : gA^(p-2)/K=1.000006 t*=23.600000
[0209] A-s            bascule pas 3931 t=23.5860 |x|=2.8601e+03 ; phase 2 1230 pas -> CAP ; point fixe en 2 it., 180 pts ; alpha=1.333333 (4/(p-2)=1.333333) disp_loc=1.203e-04 ; II : gA^(p-2)/K=0.999994 t*=23.600000
[0210] A-s            bascule pas 3932 t=23.5920 |x|=6.0315e+03 ; phase 2 2777 pas -> CAP ; point fixe en 2 it., 720 pts ; alpha=1.333333 (4/(p-2)=1.333333) disp_loc=5.149e-04 ; II : gA^(p-2)/K=1.000006 t*=23.600000
[0211] S-s            sous seuil (s=1.337687) : |x|max phase 2 2.9961e+00 ; ajustement libre alpha=0.0005 t*=400.0045 (T_MAX=400) disp_loc=2.163e-04 ; II gA^(p-2)/K=2.651e-11
[0212] A-s            bascule pas 3857 t=23.1420 |x|=6.0315e+03 ; phase 2 836 pas -> CAP ; point fixe en 2 it., 180 pts ; alpha=1.333333 (4/(p-2)=1.333333) disp_loc=1.133e-04 ; II : gA^(p-2)/K=1.000000 t*=23.150000
[0213] A-s            bascule pas 3857 t=23.1420 |x|=6.0315e+03 ; phase 2 1672 pas -> CAP ; point fixe en 2 it., 360 pts ; alpha=1.333333 (4/(p-2)=1.333333) disp_loc=2.470e-04 ; II : gA^(p-2)/K=1.000006 t*=23.150000
[0214] A-s            bascule pas 3857 t=23.1420 |x|=6.0315e+03 ; phase 2 836 pas -> CAP ; point fixe en 2 it., 180 pts ; alpha=1.333333 (4/(p-2)=1.333333) disp_loc=1.133e-04 ; II : gA^(p-2)/K=0.999994 t*=23.150000
[0215] A-s            bascule pas 3857 t=23.1420 |x|=6.0315e+03 ; phase 2 3345 pas -> CAP ; point fixe en 2 it., 720 pts ; alpha=1.333333 (4/(p-2)=1.333333) disp_loc=5.967e-04 ; II : gA^(p-2)/K=1.000006 t*=23.150000
[0216] A-s            bascule pas 3932 t=23.5920 |x|=6.0315e+03 ; phase 2 836 pas -> CAP ; point fixe en 2 it., 180 pts ; alpha=1.333333 (4/(p-2)=1.333333) disp_loc=1.133e-04 ; II : gA^(p-2)/K=1.000000 t*=23.600000
[0217] A-s            bascule pas 3932 t=23.5920 |x|=6.0315e+03 ; phase 2 1672 pas -> CAP ; point fixe en 2 it., 360 pts ; alpha=1.333333 (4/(p-2)=1.333333) disp_loc=2.470e-04 ; II : gA^(p-2)/K=1.000006 t*=23.600000
[0218] A-s            bascule pas 3932 t=23.5920 |x|=6.0315e+03 ; phase 2 836 pas -> CAP ; point fixe en 2 it., 180 pts ; alpha=1.333333 (4/(p-2)=1.333333) disp_loc=1.133e-04 ; II : gA^(p-2)/K=0.999994 t*=23.600000
[0219] A-s            bascule pas 3932 t=23.5920 |x|=6.0315e+03 ; phase 2 3345 pas -> CAP ; point fixe en 2 it., 720 pts ; alpha=1.333333 (4/(p-2)=1.333333) disp_loc=5.967e-04 ; II : gA^(p-2)/K=1.000006 t*=23.600000
[0220] S-s            sous seuil (s=2.463482) : |x|max phase 2 2.9961e+00 ; ajustement libre alpha=0.0004 t*=400.0037 (T_MAX=400) disp_loc=1.750e-04 ; II gA^(p-2)/K=1.284e-11
[0221] A-s            bascule pas 3857 t=23.1420 |x|=1.4955e+02 ; phase 2 555 pas -> CAP ; point fixe en 2 it., 180 pts ; alpha=0.800000 (4/(p-2)=0.800000) disp_loc=1.222e-04 ; II : gA^(p-2)/K=1.000000 t*=23.150000
[0222] A-s            bascule pas 3857 t=23.1420 |x|=1.4955e+02 ; phase 2 1110 pas -> CAP ; point fixe en 2 it., 360 pts ; alpha=0.800000 (4/(p-2)=0.800000) disp_loc=2.671e-04 ; II : gA^(p-2)/K=1.000010 t*=23.150000
[0223] A-s            bascule pas 3856 t=23.1360 |x|=9.5579e+01 ; phase 2 987 pas -> CAP ; point fixe en 2 it., 180 pts ; alpha=0.800000 (4/(p-2)=0.800000) disp_loc=1.101e-04 ; II : gA^(p-2)/K=0.999990 t*=23.150000
[0224] A-s            bascule pas 3857 t=23.1420 |x|=1.4955e+02 ; phase 2 2221 pas -> CAP ; point fixe en 2 it., 720 pts ; alpha=0.800000 (4/(p-2)=0.800000) disp_loc=5.594e-04 ; II : gA^(p-2)/K=1.000010 t*=23.150000
[0225] A-s            bascule pas 3932 t=23.5920 |x|=1.4955e+02 ; phase 2 555 pas -> CAP ; point fixe en 2 it., 180 pts ; alpha=0.800000 (4/(p-2)=0.800000) disp_loc=1.222e-04 ; II : gA^(p-2)/K=1.000000 t*=23.600000
[0226] A-s            bascule pas 3932 t=23.5920 |x|=1.4955e+02 ; phase 2 1110 pas -> CAP ; point fixe en 2 it., 360 pts ; alpha=0.800000 (4/(p-2)=0.800000) disp_loc=2.671e-04 ; II : gA^(p-2)/K=1.000010 t*=23.600000
[0227] A-s            bascule pas 3931 t=23.5860 |x|=9.5579e+01 ; phase 2 987 pas -> CAP ; point fixe en 2 it., 180 pts ; alpha=0.800000 (4/(p-2)=0.800000) disp_loc=1.101e-04 ; II : gA^(p-2)/K=0.999990 t*=23.600000
[0228] A-s            bascule pas 3932 t=23.5920 |x|=1.4955e+02 ; phase 2 2221 pas -> CAP ; point fixe en 2 it., 720 pts ; alpha=0.800000 (4/(p-2)=0.800000) disp_loc=5.594e-04 ; II : gA^(p-2)/K=1.000010 t*=23.600000
[0229] S-s            sous seuil (s=0.470038) : |x|max phase 2 2.9961e+00 ; ajustement libre alpha=0.0006 t*=400.0056 (T_MAX=400) disp_loc=2.802e-04 ; II gA^(p-2)/K=1.657e-09
[0230] A-s            bascule pas 3857 t=23.1420 |x|=1.4955e+02 ; phase 2 694 pas -> CAP ; point fixe en 2 it., 180 pts ; alpha=0.800000 (4/(p-2)=0.800000) disp_loc=1.026e-04 ; II : gA^(p-2)/K=1.000000 t*=23.150000
[0231] A-s            bascule pas 3857 t=23.1420 |x|=1.4955e+02 ; phase 2 1388 pas -> CAP ; point fixe en 2 it., 360 pts ; alpha=0.800000 (4/(p-2)=0.800000) disp_loc=2.609e-04 ; II : gA^(p-2)/K=1.000010 t*=23.150000
[0232] A-s            bascule pas 3856 t=23.1360 |x|=9.5579e+01 ; phase 2 1230 pas -> CAP ; point fixe en 2 it., 180 pts ; alpha=0.800000 (4/(p-2)=0.800000) disp_loc=9.426e-05 ; II : gA^(p-2)/K=0.999990 t*=23.150000
[0233] A-s            bascule pas 3857 t=23.1420 |x|=1.4955e+02 ; phase 2 2777 pas -> CAP ; point fixe en 2 it., 720 pts ; alpha=0.800000 (4/(p-2)=0.800000) disp_loc=4.971e-04 ; II : gA^(p-2)/K=1.000010 t*=23.150000
[0234] A-s            bascule pas 3932 t=23.5920 |x|=1.4955e+02 ; phase 2 694 pas -> CAP ; point fixe en 2 it., 180 pts ; alpha=0.800000 (4/(p-2)=0.800000) disp_loc=1.026e-04 ; II : gA^(p-2)/K=1.000000 t*=23.600000
[0235] A-s            bascule pas 3932 t=23.5920 |x|=1.4955e+02 ; phase 2 1388 pas -> CAP ; point fixe en 2 it., 360 pts ; alpha=0.800000 (4/(p-2)=0.800000) disp_loc=2.609e-04 ; II : gA^(p-2)/K=1.000010 t*=23.600000
[0236] A-s            bascule pas 3931 t=23.5860 |x|=9.5579e+01 ; phase 2 1230 pas -> CAP ; point fixe en 2 it., 180 pts ; alpha=0.800000 (4/(p-2)=0.800000) disp_loc=9.426e-05 ; II : gA^(p-2)/K=0.999990 t*=23.600000
[0237] A-s            bascule pas 3932 t=23.5920 |x|=1.4955e+02 ; phase 2 2777 pas -> CAP ; point fixe en 2 it., 720 pts ; alpha=0.800000 (4/(p-2)=0.800000) disp_loc=4.971e-04 ; II : gA^(p-2)/K=1.000010 t*=23.600000
[0238] S-s            sous seuil (s=0.856553) : |x|max phase 2 2.9961e+00 ; ajustement libre alpha=0.0005 t*=400.0045 (T_MAX=400) disp_loc=2.163e-04 ; II gA^(p-2)/K=6.977e-10
[0239] A-s            bascule pas 3857 t=23.1420 |x|=1.4955e+02 ; phase 2 836 pas -> CAP ; point fixe en 2 it., 180 pts ; alpha=0.800000 (4/(p-2)=0.800000) disp_loc=9.276e-05 ; II : gA^(p-2)/K=1.000000 t*=23.150000
[0240] A-s            bascule pas 3857 t=23.1420 |x|=1.4955e+02 ; phase 2 1672 pas -> CAP ; point fixe en 2 it., 360 pts ; alpha=0.800000 (4/(p-2)=0.800000) disp_loc=2.484e-04 ; II : gA^(p-2)/K=1.000010 t*=23.150000
[0241] A-s            bascule pas 3857 t=23.1420 |x|=1.4955e+02 ; phase 2 836 pas -> CAP ; point fixe en 2 it., 180 pts ; alpha=0.800000 (4/(p-2)=0.800000) disp_loc=9.276e-05 ; II : gA^(p-2)/K=0.999990 t*=23.150000
[0242] A-s            bascule pas 3857 t=23.1420 |x|=1.4955e+02 ; phase 2 3345 pas -> CAP ; point fixe en 2 it., 720 pts ; alpha=0.800000 (4/(p-2)=0.800000) disp_loc=5.104e-04 ; II : gA^(p-2)/K=1.000010 t*=23.150000
[0243] A-s            bascule pas 3932 t=23.5920 |x|=1.4955e+02 ; phase 2 836 pas -> CAP ; point fixe en 2 it., 180 pts ; alpha=0.800000 (4/(p-2)=0.800000) disp_loc=9.276e-05 ; II : gA^(p-2)/K=1.000000 t*=23.600000
[0244] A-s            bascule pas 3932 t=23.5920 |x|=1.4955e+02 ; phase 2 1672 pas -> CAP ; point fixe en 2 it., 360 pts ; alpha=0.800000 (4/(p-2)=0.800000) disp_loc=2.484e-04 ; II : gA^(p-2)/K=1.000010 t*=23.600000
[0245] A-s            bascule pas 3932 t=23.5920 |x|=1.4955e+02 ; phase 2 836 pas -> CAP ; point fixe en 2 it., 180 pts ; alpha=0.800000 (4/(p-2)=0.800000) disp_loc=9.276e-05 ; II : gA^(p-2)/K=0.999990 t*=23.600000
[0246] A-s            bascule pas 3932 t=23.5920 |x|=1.4955e+02 ; phase 2 3345 pas -> CAP ; point fixe en 2 it., 720 pts ; alpha=0.800000 (4/(p-2)=0.800000) disp_loc=5.104e-04 ; II : gA^(p-2)/K=1.000010 t*=23.600000
[0247] S-s            sous seuil (s=1.524343) : |x|max phase 2 2.9961e+00 ; ajustement libre alpha=0.0004 t*=400.0037 (T_MAX=400) disp_loc=1.750e-04 ; II gA^(p-2)/K=3.380e-10
[0248] BANC           G35 lecture corrigee : q = 4 MESURE aux 18 points et S_p = 0 -> G-plancher CORRIGE MORD -> branche 3b MORD NON CONCLUANT DE PLANCHER ; q ['4.000', '4.000', '4.000'] ; S_p ['-1.0e+00', '-1.0e+00', '-1.0e+00']
[0249] A-s            bascule pas 3857 t=23.1420 |x|=7.6547e+05 ; phase 2 555 pas -> CAP ; point fixe en 2 it., 180 pts ; alpha=2.000000 (4/(p-2)=2.000000) disp_loc=1.042e-04 ; II : gA^(p-2)/K=1.000000 t*=23.150000
[0250] A-s            bascule pas 3857 t=23.1420 |x|=7.6547e+05 ; phase 2 1110 pas -> CAP ; point fixe en 2 it., 360 pts ; alpha=2.000000 (4/(p-2)=2.000000) disp_loc=2.547e-04 ; II : gA^(p-2)/K=1.000004 t*=23.150000
[0251] A-s            bascule pas 3856 t=23.1360 |x|=2.4995e+05 ; phase 2 987 pas -> CAP ; point fixe en 2 it., 180 pts ; alpha=2.000000 (4/(p-2)=2.000000) disp_loc=9.573e-05 ; II : gA^(p-2)/K=0.999996 t*=23.150000
[0252] A-s            bascule pas 3857 t=23.1420 |x|=7.6547e+05 ; phase 2 2221 pas -> CAP ; point fixe en 2 it., 720 pts ; alpha=2.000000 (4/(p-2)=2.000000) disp_loc=6.458e-04 ; II : gA^(p-2)/K=1.000004 t*=23.150000
[0253] A-s            bascule pas 3932 t=23.5920 |x|=7.6547e+05 ; phase 2 555 pas -> CAP ; point fixe en 2 it., 180 pts ; alpha=2.000000 (4/(p-2)=2.000000) disp_loc=1.042e-04 ; II : gA^(p-2)/K=1.000000 t*=23.600000
[0254] A-s            bascule pas 3932 t=23.5920 |x|=7.6547e+05 ; phase 2 1110 pas -> CAP ; point fixe en 2 it., 360 pts ; alpha=2.000000 (4/(p-2)=2.000000) disp_loc=2.547e-04 ; II : gA^(p-2)/K=1.000004 t*=23.600000
[0255] A-s            bascule pas 3931 t=23.5860 |x|=2.4995e+05 ; phase 2 987 pas -> CAP ; point fixe en 2 it., 180 pts ; alpha=2.000000 (4/(p-2)=2.000000) disp_loc=9.573e-05 ; II : gA^(p-2)/K=0.999996 t*=23.600000
[0256] A-s            bascule pas 3932 t=23.5920 |x|=7.6547e+05 ; phase 2 2221 pas -> CAP ; point fixe en 2 it., 720 pts ; alpha=2.000000 (4/(p-2)=2.000000) disp_loc=6.458e-04 ; II : gA^(p-2)/K=1.000004 t*=23.600000
[0257] S-s            sous seuil (s=1.905227) : |x|max phase 2 2.9961e+00 ; ajustement libre alpha=0.0006 t*=400.0056 (T_MAX=400) disp_loc=2.802e-04 ; II gA^(p-2)/K=7.867e-12
[0258] A-s            bascule pas 3857 t=23.1420 |x|=7.6547e+05 ; phase 2 694 pas -> CAP ; point fixe en 2 it., 180 pts ; alpha=2.000000 (4/(p-2)=2.000000) disp_loc=1.207e-04 ; II : gA^(p-2)/K=1.000000 t*=23.150000
[0259] A-s            bascule pas 3857 t=23.1420 |x|=7.6547e+05 ; phase 2 1388 pas -> CAP ; point fixe en 2 it., 360 pts ; alpha=2.000000 (4/(p-2)=2.000000) disp_loc=2.304e-04 ; II : gA^(p-2)/K=1.000004 t*=23.150000
[0260] A-s            bascule pas 3856 t=23.1360 |x|=2.4995e+05 ; phase 2 1230 pas -> CAP ; point fixe en 2 it., 180 pts ; alpha=2.000000 (4/(p-2)=2.000000) disp_loc=9.437e-05 ; II : gA^(p-2)/K=0.999996 t*=23.150000
[0261] A-s            bascule pas 3857 t=23.1420 |x|=7.6547e+05 ; phase 2 2777 pas -> CAP ; point fixe en 2 it., 720 pts ; alpha=2.000000 (4/(p-2)=2.000000) disp_loc=4.976e-04 ; II : gA^(p-2)/K=1.000004 t*=23.150000
[0262] A-s            bascule pas 3932 t=23.5920 |x|=7.6547e+05 ; phase 2 694 pas -> CAP ; point fixe en 2 it., 180 pts ; alpha=2.000000 (4/(p-2)=2.000000) disp_loc=1.207e-04 ; II : gA^(p-2)/K=1.000000 t*=23.600000
[0263] A-s            bascule pas 3932 t=23.5920 |x|=7.6547e+05 ; phase 2 1388 pas -> CAP ; point fixe en 2 it., 360 pts ; alpha=2.000000 (4/(p-2)=2.000000) disp_loc=2.304e-04 ; II : gA^(p-2)/K=1.000004 t*=23.600000
[0264] A-s            bascule pas 3931 t=23.5860 |x|=2.4995e+05 ; phase 2 1230 pas -> CAP ; point fixe en 2 it., 180 pts ; alpha=2.000000 (4/(p-2)=2.000000) disp_loc=9.437e-05 ; II : gA^(p-2)/K=0.999996 t*=23.600000
[0265] A-s            bascule pas 3932 t=23.5920 |x|=7.6547e+05 ; phase 2 2777 pas -> CAP ; point fixe en 2 it., 720 pts ; alpha=2.000000 (4/(p-2)=2.000000) disp_loc=4.976e-04 ; II : gA^(p-2)/K=1.000004 t*=23.600000
[0266] S-s            sous seuil (s=2.772408) : |x|max phase 2 2.9961e+00 ; ajustement libre alpha=0.0005 t*=400.0045 (T_MAX=400) disp_loc=2.163e-04 ; II gA^(p-2)/K=3.313e-12
[0267] A-s            bascule pas 3857 t=23.1420 |x|=7.6547e+05 ; phase 2 836 pas -> CAP ; point fixe en 2 it., 180 pts ; alpha=2.000000 (4/(p-2)=2.000000) disp_loc=9.713e-05 ; II : gA^(p-2)/K=1.000000 t*=23.150000
[0268] A-s            bascule pas 3857 t=23.1420 |x|=7.6547e+05 ; phase 2 1672 pas -> CAP ; point fixe en 2 it., 360 pts ; alpha=2.000000 (4/(p-2)=2.000000) disp_loc=3.055e-04 ; II : gA^(p-2)/K=1.000004 t*=23.150000
[0269] A-s            bascule pas 3857 t=23.1420 |x|=7.6547e+05 ; phase 2 836 pas -> CAP ; point fixe en 2 it., 180 pts ; alpha=2.000000 (4/(p-2)=2.000000) disp_loc=9.713e-05 ; II : gA^(p-2)/K=0.999996 t*=23.150000
[0270] A-s            bascule pas 3857 t=23.1420 |x|=7.6547e+05 ; phase 2 3345 pas -> CAP ; point fixe en 2 it., 720 pts ; alpha=2.000000 (4/(p-2)=2.000000) disp_loc=5.327e-04 ; II : gA^(p-2)/K=1.000004 t*=23.150000
[0271] A-s            bascule pas 3932 t=23.5920 |x|=7.6547e+05 ; phase 2 836 pas -> CAP ; point fixe en 2 it., 180 pts ; alpha=2.000000 (4/(p-2)=2.000000) disp_loc=9.713e-05 ; II : gA^(p-2)/K=1.000000 t*=23.600000
[0272] A-s            bascule pas 3932 t=23.5920 |x|=7.6547e+05 ; phase 2 1672 pas -> CAP ; point fixe en 2 it., 360 pts ; alpha=2.000000 (4/(p-2)=2.000000) disp_loc=3.055e-04 ; II : gA^(p-2)/K=1.000004 t*=23.600000
[0273] A-s            bascule pas 3932 t=23.5920 |x|=7.6547e+05 ; phase 2 836 pas -> CAP ; point fixe en 2 it., 180 pts ; alpha=2.000000 (4/(p-2)=2.000000) disp_loc=9.713e-05 ; II : gA^(p-2)/K=0.999996 t*=23.600000
[0274] A-s            bascule pas 3932 t=23.5920 |x|=7.6547e+05 ; phase 2 3345 pas -> CAP ; point fixe en 2 it., 720 pts ; alpha=2.000000 (4/(p-2)=2.000000) disp_loc=5.327e-04 ; II : gA^(p-2)/K=1.000004 t*=23.600000
[0275] S-s            sous seuil (s=7.722745) : |x|max phase 2 2.9961e+00 ; ajustement libre alpha=0.0004 t*=400.0037 (T_MAX=400) disp_loc=1.750e-04 ; II gA^(p-2)/K=1.605e-12
[0276] A-s            bascule pas 3857 t=23.1420 |x|=6.0315e+03 ; phase 2 555 pas -> CAP ; point fixe en 2 it., 180 pts ; alpha=1.333333 (4/(p-2)=1.333333) disp_loc=1.208e-04 ; II : gA^(p-2)/K=1.000000 t*=23.150000
[0277] A-s            bascule pas 3857 t=23.1420 |x|=6.0315e+03 ; phase 2 1110 pas -> CAP ; point fixe en 2 it., 360 pts ; alpha=1.333333 (4/(p-2)=1.333333) disp_loc=2.859e-04 ; II : gA^(p-2)/K=1.000006 t*=23.150000
[0278] A-s            bascule pas 3856 t=23.1360 |x|=2.8601e+03 ; phase 2 987 pas -> CAP ; point fixe en 2 it., 180 pts ; alpha=1.333333 (4/(p-2)=1.333333) disp_loc=1.145e-04 ; II : gA^(p-2)/K=0.999994 t*=23.150000
[0279] A-s            bascule pas 3857 t=23.1420 |x|=6.0315e+03 ; phase 2 2221 pas -> CAP ; point fixe en 2 it., 720 pts ; alpha=1.333333 (4/(p-2)=1.333333) disp_loc=5.232e-04 ; II : gA^(p-2)/K=1.000006 t*=23.150000
[0280] A-s            bascule pas 3932 t=23.5920 |x|=6.0315e+03 ; phase 2 555 pas -> CAP ; point fixe en 2 it., 180 pts ; alpha=1.333333 (4/(p-2)=1.333333) disp_loc=1.208e-04 ; II : gA^(p-2)/K=1.000000 t*=23.600000
[0281] A-s            bascule pas 3932 t=23.5920 |x|=6.0315e+03 ; phase 2 1110 pas -> CAP ; point fixe en 2 it., 360 pts ; alpha=1.333333 (4/(p-2)=1.333333) disp_loc=2.859e-04 ; II : gA^(p-2)/K=1.000006 t*=23.600000
[0282] A-s            bascule pas 3931 t=23.5860 |x|=2.8601e+03 ; phase 2 987 pas -> CAP ; point fixe en 2 it., 180 pts ; alpha=1.333333 (4/(p-2)=1.333333) disp_loc=1.145e-04 ; II : gA^(p-2)/K=0.999994 t*=23.600000
[0283] A-s            bascule pas 3932 t=23.5920 |x|=6.0315e+03 ; phase 2 2221 pas -> CAP ; point fixe en 2 it., 720 pts ; alpha=1.333333 (4/(p-2)=1.333333) disp_loc=5.232e-04 ; II : gA^(p-2)/K=1.000006 t*=23.600000
[0284] S-s            sous seuil (s=0.623414) : |x|max phase 2 2.9961e+00 ; ajustement libre alpha=0.0006 t*=400.0056 (T_MAX=400) disp_loc=2.802e-04 ; II gA^(p-2)/K=6.293e-11
[0285] A-s            bascule pas 3857 t=23.1420 |x|=6.0315e+03 ; phase 2 694 pas -> CAP ; point fixe en 2 it., 180 pts ; alpha=1.333333 (4/(p-2)=1.333333) disp_loc=1.219e-04 ; II : gA^(p-2)/K=1.000000 t*=23.150000
[0286] A-s            bascule pas 3857 t=23.1420 |x|=6.0315e+03 ; phase 2 1388 pas -> CAP ; point fixe en 2 it., 360 pts ; alpha=1.333333 (4/(p-2)=1.333333) disp_loc=2.298e-04 ; II : gA^(p-2)/K=1.000006 t*=23.150000
[0287] A-s            bascule pas 3856 t=23.1360 |x|=2.8601e+03 ; phase 2 1230 pas -> CAP ; point fixe en 2 it., 180 pts ; alpha=1.333333 (4/(p-2)=1.333333) disp_loc=1.203e-04 ; II : gA^(p-2)/K=0.999994 t*=23.150000
[0288] A-s            bascule pas 3857 t=23.1420 |x|=6.0315e+03 ; phase 2 2777 pas -> CAP ; point fixe en 2 it., 720 pts ; alpha=1.333333 (4/(p-2)=1.333333) disp_loc=5.149e-04 ; II : gA^(p-2)/K=1.000006 t*=23.150000
[0289] A-s            bascule pas 3932 t=23.5920 |x|=6.0315e+03 ; phase 2 694 pas -> CAP ; point fixe en 2 it., 180 pts ; alpha=1.333333 (4/(p-2)=1.333333) disp_loc=1.219e-04 ; II : gA^(p-2)/K=1.000000 t*=23.600000
[0290] A-s            bascule pas 3932 t=23.5920 |x|=6.0315e+03 ; phase 2 1388 pas -> CAP ; point fixe en 2 it., 360 pts ; alpha=1.333333 (4/(p-2)=1.333333) disp_loc=2.298e-04 ; II : gA^(p-2)/K=1.000006 t*=23.600000
[0291] A-s            bascule pas 3931 t=23.5860 |x|=2.8601e+03 ; phase 2 1230 pas -> CAP ; point fixe en 2 it., 180 pts ; alpha=1.333333 (4/(p-2)=1.333333) disp_loc=1.203e-04 ; II : gA^(p-2)/K=0.999994 t*=23.600000
[0292] A-s            bascule pas 3932 t=23.5920 |x|=6.0315e+03 ; phase 2 2777 pas -> CAP ; point fixe en 2 it., 720 pts ; alpha=1.333333 (4/(p-2)=1.333333) disp_loc=5.149e-04 ; II : gA^(p-2)/K=1.000006 t*=23.600000
[0293] S-s            sous seuil (s=1.337687) : |x|max phase 2 2.9961e+00 ; ajustement libre alpha=0.0005 t*=400.0045 (T_MAX=400) disp_loc=2.163e-04 ; II gA^(p-2)/K=2.651e-11
[0294] A-s            bascule pas 3857 t=23.1420 |x|=6.0315e+03 ; phase 2 836 pas -> CAP ; point fixe en 2 it., 180 pts ; alpha=1.333333 (4/(p-2)=1.333333) disp_loc=1.133e-04 ; II : gA^(p-2)/K=1.000000 t*=23.150000
[0295] A-s            bascule pas 3857 t=23.1420 |x|=6.0315e+03 ; phase 2 1672 pas -> CAP ; point fixe en 2 it., 360 pts ; alpha=1.333333 (4/(p-2)=1.333333) disp_loc=2.470e-04 ; II : gA^(p-2)/K=1.000006 t*=23.150000
[0296] A-s            bascule pas 3857 t=23.1420 |x|=6.0315e+03 ; phase 2 836 pas -> CAP ; point fixe en 2 it., 180 pts ; alpha=1.333333 (4/(p-2)=1.333333) disp_loc=1.133e-04 ; II : gA^(p-2)/K=0.999994 t*=23.150000
[0297] A-s            bascule pas 3857 t=23.1420 |x|=6.0315e+03 ; phase 2 3345 pas -> CAP ; point fixe en 2 it., 720 pts ; alpha=1.333333 (4/(p-2)=1.333333) disp_loc=5.967e-04 ; II : gA^(p-2)/K=1.000006 t*=23.150000
[0298] A-s            bascule pas 3932 t=23.5920 |x|=6.0315e+03 ; phase 2 836 pas -> CAP ; point fixe en 2 it., 180 pts ; alpha=1.333333 (4/(p-2)=1.333333) disp_loc=1.133e-04 ; II : gA^(p-2)/K=1.000000 t*=23.600000
[0299] A-s            bascule pas 3932 t=23.5920 |x|=6.0315e+03 ; phase 2 1672 pas -> CAP ; point fixe en 2 it., 360 pts ; alpha=1.333333 (4/(p-2)=1.333333) disp_loc=2.470e-04 ; II : gA^(p-2)/K=1.000006 t*=23.600000
[0300] A-s            bascule pas 3932 t=23.5920 |x|=6.0315e+03 ; phase 2 836 pas -> CAP ; point fixe en 2 it., 180 pts ; alpha=1.333333 (4/(p-2)=1.333333) disp_loc=1.133e-04 ; II : gA^(p-2)/K=0.999994 t*=23.600000
[0301] A-s            bascule pas 3932 t=23.5920 |x|=6.0315e+03 ; phase 2 3345 pas -> CAP ; point fixe en 2 it., 720 pts ; alpha=1.333333 (4/(p-2)=1.333333) disp_loc=5.967e-04 ; II : gA^(p-2)/K=1.000006 t*=23.600000
[0302] S-s            sous seuil (s=2.463482) : |x|max phase 2 2.9961e+00 ; ajustement libre alpha=0.0004 t*=400.0037 (T_MAX=400) disp_loc=1.750e-04 ; II gA^(p-2)/K=1.284e-11
[0303] A-s            bascule pas 3857 t=23.1420 |x|=1.4955e+02 ; phase 2 555 pas -> CAP ; point fixe en 2 it., 180 pts ; alpha=0.800000 (4/(p-2)=0.800000) disp_loc=1.222e-04 ; II : gA^(p-2)/K=1.000000 t*=23.150000
[0304] A-s            bascule pas 3857 t=23.1420 |x|=1.4955e+02 ; phase 2 1110 pas -> CAP ; point fixe en 2 it., 360 pts ; alpha=0.800000 (4/(p-2)=0.800000) disp_loc=2.671e-04 ; II : gA^(p-2)/K=1.000010 t*=23.150000
[0305] A-s            bascule pas 3856 t=23.1360 |x|=9.5579e+01 ; phase 2 987 pas -> CAP ; point fixe en 2 it., 180 pts ; alpha=0.800000 (4/(p-2)=0.800000) disp_loc=1.101e-04 ; II : gA^(p-2)/K=0.999990 t*=23.150000
[0306] A-s            bascule pas 3857 t=23.1420 |x|=1.4955e+02 ; phase 2 2221 pas -> CAP ; point fixe en 2 it., 720 pts ; alpha=0.800000 (4/(p-2)=0.800000) disp_loc=5.594e-04 ; II : gA^(p-2)/K=1.000010 t*=23.150000
[0307] A-s            bascule pas 3932 t=23.5920 |x|=1.4955e+02 ; phase 2 555 pas -> CAP ; point fixe en 2 it., 180 pts ; alpha=0.800000 (4/(p-2)=0.800000) disp_loc=1.222e-04 ; II : gA^(p-2)/K=1.000000 t*=23.600000
[0308] A-s            bascule pas 3932 t=23.5920 |x|=1.4955e+02 ; phase 2 1110 pas -> CAP ; point fixe en 2 it., 360 pts ; alpha=0.800000 (4/(p-2)=0.800000) disp_loc=2.671e-04 ; II : gA^(p-2)/K=1.000010 t*=23.600000
[0309] A-s            bascule pas 3931 t=23.5860 |x|=9.5579e+01 ; phase 2 987 pas -> CAP ; point fixe en 2 it., 180 pts ; alpha=0.800000 (4/(p-2)=0.800000) disp_loc=1.101e-04 ; II : gA^(p-2)/K=0.999990 t*=23.600000
[0310] A-s            bascule pas 3932 t=23.5920 |x|=1.4955e+02 ; phase 2 2221 pas -> CAP ; point fixe en 2 it., 720 pts ; alpha=0.800000 (4/(p-2)=0.800000) disp_loc=5.594e-04 ; II : gA^(p-2)/K=1.000010 t*=23.600000
[0311] S-s            sous seuil (s=0.470038) : |x|max phase 2 2.9961e+00 ; ajustement libre alpha=0.0006 t*=400.0056 (T_MAX=400) disp_loc=2.802e-04 ; II gA^(p-2)/K=1.657e-09
[0312] A-s            bascule pas 3857 t=23.1420 |x|=1.4955e+02 ; phase 2 694 pas -> CAP ; point fixe en 2 it., 180 pts ; alpha=0.800000 (4/(p-2)=0.800000) disp_loc=1.026e-04 ; II : gA^(p-2)/K=1.000000 t*=23.150000
[0313] A-s            bascule pas 3857 t=23.1420 |x|=1.4955e+02 ; phase 2 1388 pas -> CAP ; point fixe en 2 it., 360 pts ; alpha=0.800000 (4/(p-2)=0.800000) disp_loc=2.609e-04 ; II : gA^(p-2)/K=1.000010 t*=23.150000
[0314] A-s            bascule pas 3856 t=23.1360 |x|=9.5579e+01 ; phase 2 1230 pas -> CAP ; point fixe en 2 it., 180 pts ; alpha=0.800000 (4/(p-2)=0.800000) disp_loc=9.426e-05 ; II : gA^(p-2)/K=0.999990 t*=23.150000
[0315] A-s            bascule pas 3857 t=23.1420 |x|=1.4955e+02 ; phase 2 2777 pas -> CAP ; point fixe en 2 it., 720 pts ; alpha=0.800000 (4/(p-2)=0.800000) disp_loc=4.971e-04 ; II : gA^(p-2)/K=1.000010 t*=23.150000
[0316] A-s            bascule pas 3932 t=23.5920 |x|=1.4955e+02 ; phase 2 694 pas -> CAP ; point fixe en 2 it., 180 pts ; alpha=0.800000 (4/(p-2)=0.800000) disp_loc=1.026e-04 ; II : gA^(p-2)/K=1.000000 t*=23.600000
[0317] A-s            bascule pas 3932 t=23.5920 |x|=1.4955e+02 ; phase 2 1388 pas -> CAP ; point fixe en 2 it., 360 pts ; alpha=0.800000 (4/(p-2)=0.800000) disp_loc=2.609e-04 ; II : gA^(p-2)/K=1.000010 t*=23.600000
[0318] A-s            bascule pas 3931 t=23.5860 |x|=9.5579e+01 ; phase 2 1230 pas -> CAP ; point fixe en 2 it., 180 pts ; alpha=0.800000 (4/(p-2)=0.800000) disp_loc=9.426e-05 ; II : gA^(p-2)/K=0.999990 t*=23.600000
[0319] A-s            bascule pas 3932 t=23.5920 |x|=1.4955e+02 ; phase 2 2777 pas -> CAP ; point fixe en 2 it., 720 pts ; alpha=0.800000 (4/(p-2)=0.800000) disp_loc=4.971e-04 ; II : gA^(p-2)/K=1.000010 t*=23.600000
[0320] S-s            sous seuil (s=0.856553) : |x|max phase 2 2.9961e+00 ; ajustement libre alpha=0.0005 t*=400.0045 (T_MAX=400) disp_loc=2.163e-04 ; II gA^(p-2)/K=6.977e-10
[0321] A-s            bascule pas 3857 t=23.1420 |x|=1.4955e+02 ; phase 2 836 pas -> CAP ; point fixe en 2 it., 180 pts ; alpha=0.800000 (4/(p-2)=0.800000) disp_loc=9.276e-05 ; II : gA^(p-2)/K=1.000000 t*=23.150000
[0322] A-s            bascule pas 3857 t=23.1420 |x|=1.4955e+02 ; phase 2 1672 pas -> CAP ; point fixe en 2 it., 360 pts ; alpha=0.800000 (4/(p-2)=0.800000) disp_loc=2.484e-04 ; II : gA^(p-2)/K=1.000010 t*=23.150000
[0323] A-s            bascule pas 3857 t=23.1420 |x|=1.4955e+02 ; phase 2 836 pas -> CAP ; point fixe en 2 it., 180 pts ; alpha=0.800000 (4/(p-2)=0.800000) disp_loc=9.276e-05 ; II : gA^(p-2)/K=0.999990 t*=23.150000
[0324] A-s            bascule pas 3857 t=23.1420 |x|=1.4955e+02 ; phase 2 3345 pas -> CAP ; point fixe en 2 it., 720 pts ; alpha=0.800000 (4/(p-2)=0.800000) disp_loc=5.104e-04 ; II : gA^(p-2)/K=1.000010 t*=23.150000
[0325] A-s            bascule pas 3932 t=23.5920 |x|=1.4955e+02 ; phase 2 836 pas -> CAP ; point fixe en 2 it., 180 pts ; alpha=0.800000 (4/(p-2)=0.800000) disp_loc=9.276e-05 ; II : gA^(p-2)/K=1.000000 t*=23.600000
[0326] A-s            bascule pas 3932 t=23.5920 |x|=1.4955e+02 ; phase 2 1672 pas -> CAP ; point fixe en 2 it., 360 pts ; alpha=0.800000 (4/(p-2)=0.800000) disp_loc=2.484e-04 ; II : gA^(p-2)/K=1.000010 t*=23.600000
[0327] A-s            bascule pas 3932 t=23.5920 |x|=1.4955e+02 ; phase 2 836 pas -> CAP ; point fixe en 2 it., 180 pts ; alpha=0.800000 (4/(p-2)=0.800000) disp_loc=9.276e-05 ; II : gA^(p-2)/K=0.999990 t*=23.600000
[0328] A-s            bascule pas 3932 t=23.5920 |x|=1.4955e+02 ; phase 2 3345 pas -> CAP ; point fixe en 2 it., 720 pts ; alpha=0.800000 (4/(p-2)=0.800000) disp_loc=5.104e-04 ; II : gA^(p-2)/K=1.000010 t*=23.600000
[0329] S-s            sous seuil (s=1.524343) : |x|max phase 2 2.9961e+00 ; ajustement libre alpha=0.0004 t*=400.0037 (T_MAX=400) disp_loc=1.750e-04 ; II gA^(p-2)/K=3.380e-10
[0330] A-s            bascule pas 3857 t=23.1420 |x|=7.6547e+05 ; phase 2 555 pas -> CAP ; point fixe en 2 it., 180 pts ; alpha=2.000000 (4/(p-2)=2.000000) disp_loc=1.042e-04 ; II : gA^(p-2)/K=1.000000 t*=23.150000
[0331] A-s            bascule pas 3857 t=23.1420 |x|=7.6547e+05 ; phase 2 1110 pas -> CAP ; point fixe en 2 it., 360 pts ; alpha=2.000000 (4/(p-2)=2.000000) disp_loc=2.547e-04 ; II : gA^(p-2)/K=1.000004 t*=23.150000
[0332] A-s            bascule pas 3856 t=23.1360 |x|=2.4995e+05 ; phase 2 987 pas -> CAP ; point fixe en 2 it., 180 pts ; alpha=2.000000 (4/(p-2)=2.000000) disp_loc=9.573e-05 ; II : gA^(p-2)/K=0.999996 t*=23.150000
[0333] A-s            bascule pas 3857 t=23.1420 |x|=7.6547e+05 ; phase 2 2221 pas -> CAP ; point fixe en 2 it., 720 pts ; alpha=2.000000 (4/(p-2)=2.000000) disp_loc=6.458e-04 ; II : gA^(p-2)/K=1.000004 t*=23.150000
[0334] A-s            bascule pas 3932 t=23.5920 |x|=7.6547e+05 ; phase 2 555 pas -> CAP ; point fixe en 2 it., 180 pts ; alpha=2.000000 (4/(p-2)=2.000000) disp_loc=1.042e-04 ; II : gA^(p-2)/K=1.000000 t*=23.600000
[0335] A-s            bascule pas 3932 t=23.5920 |x|=7.6547e+05 ; phase 2 1110 pas -> CAP ; point fixe en 2 it., 360 pts ; alpha=2.000000 (4/(p-2)=2.000000) disp_loc=2.547e-04 ; II : gA^(p-2)/K=1.000004 t*=23.600000
[0336] A-s            bascule pas 3931 t=23.5860 |x|=2.4995e+05 ; phase 2 987 pas -> CAP ; point fixe en 2 it., 180 pts ; alpha=2.000000 (4/(p-2)=2.000000) disp_loc=9.573e-05 ; II : gA^(p-2)/K=0.999996 t*=23.600000
[0337] A-s            bascule pas 3932 t=23.5920 |x|=7.6547e+05 ; phase 2 2221 pas -> CAP ; point fixe en 2 it., 720 pts ; alpha=2.000000 (4/(p-2)=2.000000) disp_loc=6.458e-04 ; II : gA^(p-2)/K=1.000004 t*=23.600000
[0338] S-s            sous seuil (s=1.905227) : |x|max phase 2 2.9961e+00 ; ajustement libre alpha=0.0006 t*=400.0056 (T_MAX=400) disp_loc=2.802e-04 ; II gA^(p-2)/K=7.867e-12
[0339] A-s            bascule pas 3857 t=23.1420 |x|=7.6547e+05 ; phase 2 694 pas -> CAP ; point fixe en 2 it., 180 pts ; alpha=2.000000 (4/(p-2)=2.000000) disp_loc=1.207e-04 ; II : gA^(p-2)/K=1.000000 t*=23.150000
[0340] A-s            bascule pas 3857 t=23.1420 |x|=7.6547e+05 ; phase 2 1388 pas -> CAP ; point fixe en 2 it., 360 pts ; alpha=2.000000 (4/(p-2)=2.000000) disp_loc=2.304e-04 ; II : gA^(p-2)/K=1.000004 t*=23.150000
[0341] A-s            bascule pas 3856 t=23.1360 |x|=2.4995e+05 ; phase 2 1230 pas -> CAP ; point fixe en 2 it., 180 pts ; alpha=2.000000 (4/(p-2)=2.000000) disp_loc=9.437e-05 ; II : gA^(p-2)/K=0.999996 t*=23.150000
[0342] A-s            bascule pas 3857 t=23.1420 |x|=7.6547e+05 ; phase 2 2777 pas -> CAP ; point fixe en 2 it., 720 pts ; alpha=2.000000 (4/(p-2)=2.000000) disp_loc=4.976e-04 ; II : gA^(p-2)/K=1.000004 t*=23.150000
[0343] A-s            bascule pas 3932 t=23.5920 |x|=7.6547e+05 ; phase 2 694 pas -> CAP ; point fixe en 2 it., 180 pts ; alpha=2.000000 (4/(p-2)=2.000000) disp_loc=1.207e-04 ; II : gA^(p-2)/K=1.000000 t*=23.600000
[0344] A-s            bascule pas 3932 t=23.5920 |x|=7.6547e+05 ; phase 2 1388 pas -> CAP ; point fixe en 2 it., 360 pts ; alpha=2.000000 (4/(p-2)=2.000000) disp_loc=2.304e-04 ; II : gA^(p-2)/K=1.000004 t*=23.600000
[0345] A-s            bascule pas 3931 t=23.5860 |x|=2.4995e+05 ; phase 2 1230 pas -> CAP ; point fixe en 2 it., 180 pts ; alpha=2.000000 (4/(p-2)=2.000000) disp_loc=9.437e-05 ; II : gA^(p-2)/K=0.999996 t*=23.600000
[0346] A-s            bascule pas 3932 t=23.5920 |x|=7.6547e+05 ; phase 2 2777 pas -> CAP ; point fixe en 2 it., 720 pts ; alpha=2.000000 (4/(p-2)=2.000000) disp_loc=4.976e-04 ; II : gA^(p-2)/K=1.000004 t*=23.600000
[0347] S-s            sous seuil (s=2.772408) : |x|max phase 2 2.9961e+00 ; ajustement libre alpha=0.0005 t*=400.0045 (T_MAX=400) disp_loc=2.163e-04 ; II gA^(p-2)/K=3.313e-12
[0348] A-s            bascule pas 3857 t=23.1420 |x|=7.6547e+05 ; phase 2 836 pas -> CAP ; point fixe en 2 it., 180 pts ; alpha=2.000000 (4/(p-2)=2.000000) disp_loc=9.713e-05 ; II : gA^(p-2)/K=1.000000 t*=23.150000
[0349] A-s            bascule pas 3857 t=23.1420 |x|=7.6547e+05 ; phase 2 1672 pas -> CAP ; point fixe en 2 it., 360 pts ; alpha=2.000000 (4/(p-2)=2.000000) disp_loc=3.055e-04 ; II : gA^(p-2)/K=1.000004 t*=23.150000
[0350] A-s            bascule pas 3857 t=23.1420 |x|=7.6547e+05 ; phase 2 836 pas -> CAP ; point fixe en 2 it., 180 pts ; alpha=2.000000 (4/(p-2)=2.000000) disp_loc=9.713e-05 ; II : gA^(p-2)/K=0.999996 t*=23.150000
[0351] A-s            bascule pas 3857 t=23.1420 |x|=7.6547e+05 ; phase 2 3345 pas -> CAP ; point fixe en 2 it., 720 pts ; alpha=2.000000 (4/(p-2)=2.000000) disp_loc=5.327e-04 ; II : gA^(p-2)/K=1.000004 t*=23.150000
[0352] A-s            bascule pas 3932 t=23.5920 |x|=7.6547e+05 ; phase 2 836 pas -> CAP ; point fixe en 2 it., 180 pts ; alpha=2.000000 (4/(p-2)=2.000000) disp_loc=9.713e-05 ; II : gA^(p-2)/K=1.000000 t*=23.600000
[0353] A-s            bascule pas 3932 t=23.5920 |x|=7.6547e+05 ; phase 2 1672 pas -> CAP ; point fixe en 2 it., 360 pts ; alpha=2.000000 (4/(p-2)=2.000000) disp_loc=3.055e-04 ; II : gA^(p-2)/K=1.000004 t*=23.600000
[0354] A-s            bascule pas 3932 t=23.5920 |x|=7.6547e+05 ; phase 2 836 pas -> CAP ; point fixe en 2 it., 180 pts ; alpha=2.000000 (4/(p-2)=2.000000) disp_loc=9.713e-05 ; II : gA^(p-2)/K=0.999996 t*=23.600000
[0355] A-s            bascule pas 3932 t=23.5920 |x|=7.6547e+05 ; phase 2 3345 pas -> CAP ; point fixe en 2 it., 720 pts ; alpha=2.000000 (4/(p-2)=2.000000) disp_loc=5.327e-04 ; II : gA^(p-2)/K=1.000004 t*=23.600000
[0356] S-s            sous seuil (s=7.722745) : |x|max phase 2 2.9961e+00 ; ajustement libre alpha=0.0004 t*=400.0037 (T_MAX=400) disp_loc=1.750e-04 ; II gA^(p-2)/K=1.605e-12
[0357] A-s            bascule pas 3857 t=23.1420 |x|=6.0315e+03 ; phase 2 555 pas -> CAP ; point fixe en 2 it., 180 pts ; alpha=1.333333 (4/(p-2)=1.333333) disp_loc=1.208e-04 ; II : gA^(p-2)/K=1.000000 t*=23.150000
[0358] A-s            bascule pas 3857 t=23.1420 |x|=6.0315e+03 ; phase 2 1110 pas -> CAP ; point fixe en 2 it., 360 pts ; alpha=1.333333 (4/(p-2)=1.333333) disp_loc=2.859e-04 ; II : gA^(p-2)/K=1.000006 t*=23.150000
[0359] A-s            bascule pas 3856 t=23.1360 |x|=2.8601e+03 ; phase 2 987 pas -> CAP ; point fixe en 2 it., 180 pts ; alpha=1.333333 (4/(p-2)=1.333333) disp_loc=1.145e-04 ; II : gA^(p-2)/K=0.999994 t*=23.150000
[0360] A-s            bascule pas 3857 t=23.1420 |x|=6.0315e+03 ; phase 2 2221 pas -> CAP ; point fixe en 2 it., 720 pts ; alpha=1.333333 (4/(p-2)=1.333333) disp_loc=5.232e-04 ; II : gA^(p-2)/K=1.000006 t*=23.150000
[0361] A-s            bascule pas 3932 t=23.5920 |x|=6.0315e+03 ; phase 2 555 pas -> CAP ; point fixe en 2 it., 180 pts ; alpha=1.333333 (4/(p-2)=1.333333) disp_loc=1.208e-04 ; II : gA^(p-2)/K=1.000000 t*=23.600000
[0362] A-s            bascule pas 3932 t=23.5920 |x|=6.0315e+03 ; phase 2 1110 pas -> CAP ; point fixe en 2 it., 360 pts ; alpha=1.333333 (4/(p-2)=1.333333) disp_loc=2.859e-04 ; II : gA^(p-2)/K=1.000006 t*=23.600000
[0363] A-s            bascule pas 3931 t=23.5860 |x|=2.8601e+03 ; phase 2 987 pas -> CAP ; point fixe en 2 it., 180 pts ; alpha=1.333333 (4/(p-2)=1.333333) disp_loc=1.145e-04 ; II : gA^(p-2)/K=0.999994 t*=23.600000
[0364] A-s            bascule pas 3932 t=23.5920 |x|=6.0315e+03 ; phase 2 2221 pas -> CAP ; point fixe en 2 it., 720 pts ; alpha=1.333333 (4/(p-2)=1.333333) disp_loc=5.232e-04 ; II : gA^(p-2)/K=1.000006 t*=23.600000
[0365] S-s            sous seuil (s=0.623414) : |x|max phase 2 2.9961e+00 ; ajustement libre alpha=0.0006 t*=400.0056 (T_MAX=400) disp_loc=2.802e-04 ; II gA^(p-2)/K=6.293e-11
[0366] A-s            bascule pas 3857 t=23.1420 |x|=6.0315e+03 ; phase 2 694 pas -> CAP ; point fixe en 2 it., 180 pts ; alpha=1.333333 (4/(p-2)=1.333333) disp_loc=1.219e-04 ; II : gA^(p-2)/K=1.000000 t*=23.150000
[0367] A-s            bascule pas 3857 t=23.1420 |x|=6.0315e+03 ; phase 2 1388 pas -> CAP ; point fixe en 2 it., 360 pts ; alpha=1.333333 (4/(p-2)=1.333333) disp_loc=2.298e-04 ; II : gA^(p-2)/K=1.000006 t*=23.150000
[0368] A-s            bascule pas 3856 t=23.1360 |x|=2.8601e+03 ; phase 2 1230 pas -> CAP ; point fixe en 2 it., 180 pts ; alpha=1.333333 (4/(p-2)=1.333333) disp_loc=1.203e-04 ; II : gA^(p-2)/K=0.999994 t*=23.150000
[0369] A-s            bascule pas 3857 t=23.1420 |x|=6.0315e+03 ; phase 2 2777 pas -> CAP ; point fixe en 2 it., 720 pts ; alpha=1.333333 (4/(p-2)=1.333333) disp_loc=5.149e-04 ; II : gA^(p-2)/K=1.000006 t*=23.150000
[0370] A-s            bascule pas 3932 t=23.5920 |x|=6.0315e+03 ; phase 2 694 pas -> CAP ; point fixe en 2 it., 180 pts ; alpha=1.333333 (4/(p-2)=1.333333) disp_loc=1.219e-04 ; II : gA^(p-2)/K=1.000000 t*=23.600000
[0371] A-s            bascule pas 3932 t=23.5920 |x|=6.0315e+03 ; phase 2 1388 pas -> CAP ; point fixe en 2 it., 360 pts ; alpha=1.333333 (4/(p-2)=1.333333) disp_loc=2.298e-04 ; II : gA^(p-2)/K=1.000006 t*=23.600000
[0372] A-s            bascule pas 3931 t=23.5860 |x|=2.8601e+03 ; phase 2 1230 pas -> CAP ; point fixe en 2 it., 180 pts ; alpha=1.333333 (4/(p-2)=1.333333) disp_loc=1.203e-04 ; II : gA^(p-2)/K=0.999994 t*=23.600000
[0373] A-s            bascule pas 3932 t=23.5920 |x|=6.0315e+03 ; phase 2 2777 pas -> CAP ; point fixe en 2 it., 720 pts ; alpha=1.333333 (4/(p-2)=1.333333) disp_loc=5.149e-04 ; II : gA^(p-2)/K=1.000006 t*=23.600000
[0374] S-s            sous seuil (s=1.337687) : |x|max phase 2 2.9961e+00 ; ajustement libre alpha=0.0005 t*=400.0045 (T_MAX=400) disp_loc=2.163e-04 ; II gA^(p-2)/K=2.651e-11
[0375] A-s            bascule pas 3857 t=23.1420 |x|=6.0315e+03 ; phase 2 836 pas -> CAP ; point fixe en 2 it., 180 pts ; alpha=1.333333 (4/(p-2)=1.333333) disp_loc=1.133e-04 ; II : gA^(p-2)/K=1.000000 t*=23.150000
[0376] A-s            bascule pas 3857 t=23.1420 |x|=6.0315e+03 ; phase 2 1672 pas -> CAP ; point fixe en 2 it., 360 pts ; alpha=1.333333 (4/(p-2)=1.333333) disp_loc=2.470e-04 ; II : gA^(p-2)/K=1.000006 t*=23.150000
[0377] A-s            bascule pas 3857 t=23.1420 |x|=6.0315e+03 ; phase 2 836 pas -> CAP ; point fixe en 2 it., 180 pts ; alpha=1.333333 (4/(p-2)=1.333333) disp_loc=1.133e-04 ; II : gA^(p-2)/K=0.999994 t*=23.150000
[0378] A-s            bascule pas 3857 t=23.1420 |x|=6.0315e+03 ; phase 2 3345 pas -> CAP ; point fixe en 2 it., 720 pts ; alpha=1.333333 (4/(p-2)=1.333333) disp_loc=5.967e-04 ; II : gA^(p-2)/K=1.000006 t*=23.150000
[0379] A-s            bascule pas 3932 t=23.5920 |x|=6.0315e+03 ; phase 2 836 pas -> CAP ; point fixe en 2 it., 180 pts ; alpha=1.333333 (4/(p-2)=1.333333) disp_loc=1.133e-04 ; II : gA^(p-2)/K=1.000000 t*=23.600000
[0380] A-s            bascule pas 3932 t=23.5920 |x|=6.0315e+03 ; phase 2 1672 pas -> CAP ; point fixe en 2 it., 360 pts ; alpha=1.333333 (4/(p-2)=1.333333) disp_loc=2.470e-04 ; II : gA^(p-2)/K=1.000006 t*=23.600000
[0381] A-s            bascule pas 3932 t=23.5920 |x|=6.0315e+03 ; phase 2 836 pas -> CAP ; point fixe en 2 it., 180 pts ; alpha=1.333333 (4/(p-2)=1.333333) disp_loc=1.133e-04 ; II : gA^(p-2)/K=0.999994 t*=23.600000
[0382] A-s            bascule pas 3932 t=23.5920 |x|=6.0315e+03 ; phase 2 3345 pas -> CAP ; point fixe en 2 it., 720 pts ; alpha=1.333333 (4/(p-2)=1.333333) disp_loc=5.967e-04 ; II : gA^(p-2)/K=1.000006 t*=23.600000
[0383] S-s            sous seuil (s=2.463482) : |x|max phase 2 2.9961e+00 ; ajustement libre alpha=0.0004 t*=400.0037 (T_MAX=400) disp_loc=1.750e-04 ; II gA^(p-2)/K=1.284e-11
[0384] A-s            bascule pas 3857 t=23.1420 |x|=1.4955e+02 ; phase 2 555 pas -> CAP ; point fixe en 2 it., 180 pts ; alpha=0.800000 (4/(p-2)=0.800000) disp_loc=1.222e-04 ; II : gA^(p-2)/K=1.000000 t*=23.150000
[0385] A-s            bascule pas 3857 t=23.1420 |x|=1.4955e+02 ; phase 2 1110 pas -> CAP ; point fixe en 2 it., 360 pts ; alpha=0.800000 (4/(p-2)=0.800000) disp_loc=2.671e-04 ; II : gA^(p-2)/K=1.000010 t*=23.150000
[0386] A-s            bascule pas 3856 t=23.1360 |x|=9.5579e+01 ; phase 2 987 pas -> CAP ; point fixe en 2 it., 180 pts ; alpha=0.800000 (4/(p-2)=0.800000) disp_loc=1.101e-04 ; II : gA^(p-2)/K=0.999990 t*=23.150000
[0387] A-s            bascule pas 3857 t=23.1420 |x|=1.4955e+02 ; phase 2 2221 pas -> CAP ; point fixe en 2 it., 720 pts ; alpha=0.800000 (4/(p-2)=0.800000) disp_loc=5.594e-04 ; II : gA^(p-2)/K=1.000010 t*=23.150000
[0388] A-s            bascule pas 3932 t=23.5920 |x|=1.4955e+02 ; phase 2 555 pas -> CAP ; point fixe en 2 it., 180 pts ; alpha=0.800000 (4/(p-2)=0.800000) disp_loc=1.222e-04 ; II : gA^(p-2)/K=1.000000 t*=23.600000
[0389] A-s            bascule pas 3932 t=23.5920 |x|=1.4955e+02 ; phase 2 1110 pas -> CAP ; point fixe en 2 it., 360 pts ; alpha=0.800000 (4/(p-2)=0.800000) disp_loc=2.671e-04 ; II : gA^(p-2)/K=1.000010 t*=23.600000
[0390] A-s            bascule pas 3931 t=23.5860 |x|=9.5579e+01 ; phase 2 987 pas -> CAP ; point fixe en 2 it., 180 pts ; alpha=0.800000 (4/(p-2)=0.800000) disp_loc=1.101e-04 ; II : gA^(p-2)/K=0.999990 t*=23.600000
[0391] A-s            bascule pas 3932 t=23.5920 |x|=1.4955e+02 ; phase 2 2221 pas -> CAP ; point fixe en 2 it., 720 pts ; alpha=0.800000 (4/(p-2)=0.800000) disp_loc=5.594e-04 ; II : gA^(p-2)/K=1.000010 t*=23.600000
[0392] S-s            sous seuil (s=0.470038) : |x|max phase 2 2.9961e+00 ; ajustement libre alpha=0.0006 t*=400.0056 (T_MAX=400) disp_loc=2.802e-04 ; II gA^(p-2)/K=1.657e-09
[0393] A-s            bascule pas 3857 t=23.1420 |x|=1.4955e+02 ; phase 2 694 pas -> CAP ; point fixe en 2 it., 180 pts ; alpha=0.800000 (4/(p-2)=0.800000) disp_loc=1.026e-04 ; II : gA^(p-2)/K=1.000000 t*=23.150000
[0394] A-s            bascule pas 3857 t=23.1420 |x|=1.4955e+02 ; phase 2 1388 pas -> CAP ; point fixe en 2 it., 360 pts ; alpha=0.800000 (4/(p-2)=0.800000) disp_loc=2.609e-04 ; II : gA^(p-2)/K=1.000010 t*=23.150000
[0395] A-s            bascule pas 3856 t=23.1360 |x|=9.5579e+01 ; phase 2 1230 pas -> CAP ; point fixe en 2 it., 180 pts ; alpha=0.800000 (4/(p-2)=0.800000) disp_loc=9.426e-05 ; II : gA^(p-2)/K=0.999990 t*=23.150000
[0396] A-s            bascule pas 3857 t=23.1420 |x|=1.4955e+02 ; phase 2 2777 pas -> CAP ; point fixe en 2 it., 720 pts ; alpha=0.800000 (4/(p-2)=0.800000) disp_loc=4.971e-04 ; II : gA^(p-2)/K=1.000010 t*=23.150000
[0397] A-s            bascule pas 3932 t=23.5920 |x|=1.4955e+02 ; phase 2 694 pas -> CAP ; point fixe en 2 it., 180 pts ; alpha=0.800000 (4/(p-2)=0.800000) disp_loc=1.026e-04 ; II : gA^(p-2)/K=1.000000 t*=23.600000
[0398] A-s            bascule pas 3932 t=23.5920 |x|=1.4955e+02 ; phase 2 1388 pas -> CAP ; point fixe en 2 it., 360 pts ; alpha=0.800000 (4/(p-2)=0.800000) disp_loc=2.609e-04 ; II : gA^(p-2)/K=1.000010 t*=23.600000
[0399] A-s            bascule pas 3931 t=23.5860 |x|=9.5579e+01 ; phase 2 1230 pas -> CAP ; point fixe en 2 it., 180 pts ; alpha=0.800000 (4/(p-2)=0.800000) disp_loc=9.426e-05 ; II : gA^(p-2)/K=0.999990 t*=23.600000
[0400] A-s            bascule pas 3932 t=23.5920 |x|=1.4955e+02 ; phase 2 2777 pas -> CAP ; point fixe en 2 it., 720 pts ; alpha=0.800000 (4/(p-2)=0.800000) disp_loc=4.971e-04 ; II : gA^(p-2)/K=1.000010 t*=23.600000
[0401] S-s            sous seuil (s=0.856553) : |x|max phase 2 2.9961e+00 ; ajustement libre alpha=0.0005 t*=400.0045 (T_MAX=400) disp_loc=2.163e-04 ; II gA^(p-2)/K=6.977e-10
[0402] A-s            bascule pas 3857 t=23.1420 |x|=1.4955e+02 ; phase 2 836 pas -> CAP ; point fixe en 2 it., 180 pts ; alpha=0.800000 (4/(p-2)=0.800000) disp_loc=9.276e-05 ; II : gA^(p-2)/K=1.000000 t*=23.150000
[0403] A-s            bascule pas 3857 t=23.1420 |x|=1.4955e+02 ; phase 2 1672 pas -> CAP ; point fixe en 2 it., 360 pts ; alpha=0.800000 (4/(p-2)=0.800000) disp_loc=2.484e-04 ; II : gA^(p-2)/K=1.000010 t*=23.150000
[0404] A-s            bascule pas 3857 t=23.1420 |x|=1.4955e+02 ; phase 2 836 pas -> CAP ; point fixe en 2 it., 180 pts ; alpha=0.800000 (4/(p-2)=0.800000) disp_loc=9.276e-05 ; II : gA^(p-2)/K=0.999990 t*=23.150000
[0405] A-s            bascule pas 3857 t=23.1420 |x|=1.4955e+02 ; phase 2 3345 pas -> CAP ; point fixe en 2 it., 720 pts ; alpha=0.800000 (4/(p-2)=0.800000) disp_loc=5.104e-04 ; II : gA^(p-2)/K=1.000010 t*=23.150000
[0406] A-s            bascule pas 3932 t=23.5920 |x|=1.4955e+02 ; phase 2 836 pas -> CAP ; point fixe en 2 it., 180 pts ; alpha=0.800000 (4/(p-2)=0.800000) disp_loc=9.276e-05 ; II : gA^(p-2)/K=1.000000 t*=23.600000
[0407] A-s            bascule pas 3932 t=23.5920 |x|=1.4955e+02 ; phase 2 1672 pas -> CAP ; point fixe en 2 it., 360 pts ; alpha=0.800000 (4/(p-2)=0.800000) disp_loc=2.484e-04 ; II : gA^(p-2)/K=1.000010 t*=23.600000
[0408] A-s            bascule pas 3932 t=23.5920 |x|=1.4955e+02 ; phase 2 836 pas -> CAP ; point fixe en 2 it., 180 pts ; alpha=0.800000 (4/(p-2)=0.800000) disp_loc=9.276e-05 ; II : gA^(p-2)/K=0.999990 t*=23.600000
[0409] A-s            bascule pas 3932 t=23.5920 |x|=1.4955e+02 ; phase 2 3345 pas -> CAP ; point fixe en 2 it., 720 pts ; alpha=0.800000 (4/(p-2)=0.800000) disp_loc=5.104e-04 ; II : gA^(p-2)/K=1.000010 t*=23.600000
[0410] S-s            sous seuil (s=1.524343) : |x|max phase 2 2.9961e+00 ; ajustement libre alpha=0.0004 t*=400.0037 (T_MAX=400) disp_loc=1.750e-04 ; II gA^(p-2)/K=3.380e-10
[0411] BANC           G36 lecture corrigee : q = 2 mesure -> 18 points NON LUS, lecture NON JOUEE, verdict du v14 inchange MORD VERIFIE == VERIFIE ; non lus [6, 6, 6]
[0412] BANC           G15 G-comptes 107 + 0 != 108 -> MANCHE NON JOUEE             MORD G-comptes MORD (107 + 0 != 108)
[0413] BANC           G16 W-transcription : NPASSES=2 et k incoherent -> controle positif MORD MORD pas=2.84e-05 attendu(k=0)=6.03e-07 den=9863185 encadrement=[0.05, 6] seuil=0.9765731100045271 coherent=True
[0414] BANC           G17 sous le seuil, un faux blow-up -> G-seuil MORD -> INSTRUMENT REFUTE MORD INSTRUMENT REFUTE / branche 1 : G-seuil MORD (exposant convergent sous le seuil)
[0415] BANC           G18 alpha depend de s -> G-s MORD -> REFUTE branche 4, motif G-s MORD REFUTE / branche 4 : G-s p=4, G-s p=5, G-s p=7 MORD (alpha depend de s ou de w2)
[0416] BANC           G20 W-integrales q_int(H1) = 3 -> MORD -> branche 6, QUALIFIE bonus retire MORD REGLAGE QUALIFIE (bonus T-3 retire) / branche 6 : T-3 mord seul (W-integrales, T-3a)
[0417] BANC           G21 derive(dt/2) sous le plancher machine -> NON LUE (LD-16), pas de morsure MORD N : NON LUE (plancher, LD-16) ; H1 : PASSE
[0418] BANC           G22 decalage lnA nul : dispersion sous le plancher' du v14 (LD-12 ; la lecture corrigee y est NON JOUEE) -> G-plancher MORD -> branche 3b MORD NON CONCLUANT DE PLANCHER / branche 3b : G-plancher MORD aux degres [4, 5, 7] (tol_lnA <= plancher : le modele fixe encore la tolerance ; v4 7)
[0419] BANC           G23 chaine 2a+2b manufacturee : comptes DANS les intervalles derives, CAP' atteint MORD n_2a=341 [318,341] n_2b=361 [360,381]
[0420] BANC           G24 etage 2a ABSENT : n_2a = 0 hors [318, 341] -> la garde de compte MORD (G-fen) MORD un 340 asserte ne l'aurait pas vu
[0421] BANC           G25 n_2s > 340 SANS morsure : 362 dans [340, 362] a w2=1.73 (un 340 asserte = banc mort) MORD n_2s derive = 362
[0422] BANC           G26 W-bascule voie A : g2 absente -> la lecture D-t-19 de la chaine complete MORD MORD e_avec sans g2 = 9.614e-01 (lecture D-t-19 : tol = 3.070e-01)
[0423] BANC           G27 D-M17-58 : table factice au signe inverse a (5, 2.27) -> la garde MORD MORD 
[0424] BANC           G28 9bis : ecart au perimetre -> 1 ecart ; meta et duree_s -> 0 ecart MORD 
[0425] L-banc-faux    s=2.406602 sgn=+1 attendu EXPLOSE : instrument True (pas 1074), moteur True ; indice identique False -> ECART
[0426] BANC           G19 physique corrompue (exposant p) contre le moteur -> G-lignee ECART MORD booleen True indice False
[0427] BANC           B5 banc des gardes : 30/30 scenarios mordent                 MORD 
[0428] BANC           B6 seuil (CAP 100, T 200) contre la mesure gelee 0.977252977 (gel 4.6, m2) MORD seuil=0.9772529765993441 OK|pas=6.03e-07 (9.9s)
[0429] BANC           B7 porte fermee sur un temoin NON CONCLUANT                  MORD 
[0430] BANC           B7' porte fermee sur un reglage etranger (delta=1/50)        MORD 
[0431] 9bis           custody /T1 : embarquee 430924c9f89d07b3  registre 430924c9f89d07b3
[0432] 9bis           custody /T1b : embarquee bbd3e50146c72ccc  registre bbd3e50146c72ccc
[0433] 9bis           custody /T3a : embarquee cadedf350dcfa4b3  registre cadedf350dcfa4b3
[0434] 9bis           custody /T3b : embarquee 3f80d89b1be38acd  registre 3f80d89b1be38acd
[0435] 9bis           depot charge depot_9bis_temoin_v1.json  empreinte B c4310e33da6b9759  gel ['gels/temoin_negatif_pre_enregistrement_v11.md', 'a2e7ef3e237c5acf']  profondeur 5  exemptes ['duree_s']
[0436] BANC           G29 chargeur : depot REEL charge, comptes et profondeur RE-DERIVES, custody JOUEE, identite -> 0 ecart MORD empreinte c4310e33da6b9759 ; JOUE : embarquee == registre 4/4 (fichier 644240dc894c2733)
[0437] 9bis           custody /T1 : embarquee 430924c9f89d07b3  registre 430924c9f89d07b3
[0438] 9bis           custody /T1b : embarquee 55be152cd5aac578  registre bbd3e50146c72ccc
[0439] BANC           G30 chargeur : copie embarquee PERTURBEE d'une feuille -> ARRET 9bis, depot et registre divergent MORD ARRET 9bis : depot et registre divergent (/T1b : 55be152cd5aac578 vs bbd3e50146c72ccc).
[0440] NE-JOUE-PAS    9bis custody : NON JOUE (reference absente du registre) -- le controle se joue sur la copie embarquee
[0441] 9bis           depot charge depot_9bis_absent.json  empreinte B e84345444dcb6679  gel ['gels/temoin_negatif_pre_enregistrement_v11.md', 'a2e7ef3e237c5acf']  profondeur 5  exemptes ['duree_s']
[0442] BANC           G31 chargeur : reference ABSENTE du registre -> custody NON JOUE consigne, le controle se joue quand meme MORD NON JOUE (reference absente du registre) -- le controle se joue sur la copie embarquee
[0443] ARRET          PREVOL : fautes du factice, APRES ecriture (D-I-1) : scenario de banc
[0444] BANC           G32 D-I-1 : l'arret de pre-vol tombe APRES l'ecriture -- la sortie existe quand il tombe MORD ordre ecrire-puis-arreter demontre
[0445] BANC           G33 5.4 : sous le seuil -> W-plancher MORD et l'ordre NON LU ; au-dessus -> PASSE, puis MORD au p_obs MORD C_eff=8.8966 seuil=3.693e-08
[0446] BANC           G34 D-I-5/6 : identite 0 ulp ; x''+1 et D''+1 PASSENT (bornes 2 / 2) ; x''+3 et D''+3 MORDENT ; tirage+1 MORD MORD la reaction se teste ici ; la VERITE des bornes est inter-machines (note m2 3)
[0447] BANC           bilan 58/58 scenarios mordent ; gardes enumerees des gels 17, demontrees 17, sans morsure : []
[0448] BANC           retour du banc CONSOMME : 58/58, coherent (D-I-3)
[0449] FIN            160.4 s
