
1. LES CITATIONS DE L ACTE, ET LES DEUX INDEX PAR CANON
  [ note] acte                                                       journal_delta_nn_constante_A_mesure_v1.md (version 1)
  [PASSE] l acte est ASCII pur, LF, newline final                    19718 octets
  [PASSE] l acte cite des empreintes (compte etabli apres extraction 69 jetons distincts de 16 hex
  [PASSE] chaque VALEUR declaree est bien citee par l acte           
  [PASSE] chaque lot de TRANSPORT declare est bien cite par l acte   
  [ note] numero DERIVE du releve, non tape                          plafond 92 -> le delta de cet acte porte le 93 ; le numero reste de la main de l operateur (E18)
  [PASSE] releve : HEAD 09baf5c, plafond 92, aucun fichier delta_93  1056 fichiers suivis
  [PASSE] le delta PRECEDENT est bien au registre -- le releve porte delta_92 present
  [ note] index du poste                                             3965 canons distincts (B et brut), 1390 noms de table
  [ note] balayage : tout BOCAL4 hors .git et __pycache__ ; exclues, manifest_depot_delta93_machine2_v1.txt, perimetre_depot_delta93_machine2_v1.log

2. RESOLUTION DE CHAQUE CITATION -- AU REGISTRE, AU POSTE, OU NULLE PART
   registre  0a526d04fd9a8bda  journal/journal_delta_92_constante_A_second_ordre_v1.md
   registre  faf29c378ab88dda  journal/construction_gel_v8_banc_v14_machine1_v1.py
   registre  af295b8a660d33e8  journal/m1_lecture_v9_predictions_delta92.json
   registre  4a880c934f8aacd2  journal/m2_lecture_v9_predictions_delta92.json
   registre  b70fca94d72822ad  journal/m1_rejeu_derivation_second_ordre.json
   registre  3b12117a58dde698  journal/derivation_plancher_corrige_machine2_v3.json
   registre  b515abc5a6da73c5  gels/constante_A_pre_enregistrement_v9.md
   registre  a1553f6eb5cc74b8  scripts/banc_qualification_machine1_v15.py
   registre  e9babf9830ebe308  journal/ERRATUM_manifeste_lot_gel_v9_banc_v15_machine1_v1.md
   registre  802a84bb706b6124  journal/MANIFEST_lot_machine1_erratum_v9_v15_proj4_v1.txt
   poste     130ba949482129a7  constante_A_pre_enregistrement_v10.md
   poste     634c4aaa2aad7598  banc_qualification_machine1_v16.py
   poste     13e9be0e067fcdf8  construction_gel_v10_banc_v16_machine1_v1.py
   poste     a0bb221e40bdfec7  machinerie_reglage.py
   poste     c72c7348b863328b  lecture_v10_machine1_v1.py
   poste     32b058f0980e9003  lecture_v10_essai_sur_92.log
   poste     160a4d12ee2f2749  lecture_v10_essai_sur_92.json
   poste     c79c114595f9bba8  derives_v10.json
   poste     3c246646db1cab59  note_machine1_gel_v10_banc_v16_v1.md
   poste     26ecd16e21783e5e  MANIFEST_lot_machine1_gel_v10_banc_v16_v1.txt
   poste     be0875510e2fc9ad  m1_v16_selftest.log
   poste     e8abeedc430c1d90  m1_v16_banc.log
   poste     af907b3591f510ca  m1_v16_prevol_temoin.log
   poste     ed17854299e6c23b  m1_v16_prevol_alpha.log
   poste     4f856a34d6e887a8  POUR_MACHINE1_certification_v10_v16_machine2_v1.md
   poste     996dc8be7d245387  MANIFEST_lot_machine2_certification_v10_v16_v1.txt
   poste     bdfdcf11d3c2e604  certif_v10_v16_machine2_v1.py
   poste     07fce55317825079  certif_v10_v16_machine2_v1.log
   poste     bcbe2b2f6d589bda  certif_v10_v16_machine2_v1.json
   poste     0342f665870bd57a  m2_v16_selftest.log
   poste     d8243dc9fb84b9ea  m2_v16_banc.log
   poste     9da882c22ef6d961  m2_v16_prevol_temoin.log
   poste     7ab2871cb22ede77  m2_v16_prevol_alpha.log
   poste     e122267ef74a5723  m2_lecture_v10_essai_sur_92.log
   poste     d6a0f2159c5c113c  m2_lecture_v10_essai_sur_92.json
   poste     ed5bbce867f0a41d  ce_qui_borne_A_machine2_v1.py
   poste     fb4163b7893c5070  ce_qui_borne_A_machine2_v1.log
   poste     55532af50289e38a  ce_qui_borne_A_machine2_v1.json
   poste     cb0e7699af25aec1  ERRATUM_lot_contreseing_acte_delta92_machine2_v1.md
   poste     ac398dc92badbdc5  constante_A_pre_enregistrement_v11.md
   poste     f914156a2c341f4b  banc_qualification_machine1_v17.py
   poste     e28749e8c84207f3  construction_gel_v11_banc_v17_machine1_v1.py
   poste     33d19b7ecb54c9ca  note_machine1_gel_v11_banc_v17_v1.md
   poste     c446e2b99e53d2a3  MANIFEST_lot_machine1_gel_v11_banc_v17_v1.txt
   poste     f471ec91b6cb681c  releve_perimetre_delta92_HEAD_machine1.log
   poste     90a0b0ca445989ef  MANIFEST_lot_machine2_run_delta93_et_erratum_v1.txt
   poste     0c90082db29ee718  POUR_MACHINE1_run_delta93_et_erratum_machine2_v1.md
   poste     3035b9a733853bf6  ce_qui_borne_A_machine2_v2.py
   poste     7b8cd71029a65c22  ce_qui_borne_A_machine2_v2.log
   poste     ea98455afc1169e5  ce_qui_borne_A_machine2_v2.json
   poste     5100bde802a588bf  m2_run_delta93_temoin.log
   poste     32fcdc2013702093  m2_run_delta93_alpha.log
   poste     66547ce46ca6d821  out_run_delta93/temoin_v16/resultats_temoin.json
   poste     ba03f8023318c30d  out_run_delta93/alpha_v16/resultats_alpha.json
   poste     37eb4a976ce09e26  out_run_delta93/temoin_v16/MANIFEST.sha256
   poste     6df42b6aeba84547  out_run_delta93/alpha_v16/MANIFEST.sha256
   poste     7a7cfbe3c8236b91  m2_lecture_v10_predictions_delta93.log
   poste     3e7d344106027a1d  m2_lecture_v10_predictions_delta93.json
   poste     c40bc1962170ca87  MANIFEST_lot_machine1_certification_run_delta93_v1.txt
   poste     e06cdb73aabc231a  note_machine1_certification_run_delta93_v1.md
   poste     054a1a3b07892ac7  m1_run_delta93_temoin.log
   poste     e5757a6872866ea7  m1_run_delta93_alpha.log
   poste     c718fec4a2d3ae66  m1_out_run_delta93/temoin_v16/resultats_temoin.json
   poste     0a8fadb16d6981fa  m1_out_run_delta93/alpha_v16/resultats_alpha.json
   poste     880f22789d8bd10c  m1_out_run_delta93/temoin_v16/MANIFEST.sha256
   poste     91fc85380bb6dd77  m1_out_run_delta93/alpha_v16/MANIFEST.sha256
   poste     3adb387f841ac60a  m1_lecture_v10_predictions_delta93.log
   poste     7376a0bc05151320  m1_lecture_v10_predictions_delta93.json
   poste     1c4660dd54c463d8  MANIFEST_lot_machine2_contreseing_acte_delta92_v1.txt
  [PASSE] toute empreinte citee resout par canon (registre, poste, o 10 au registre, 59 au poste, 0 zip, 0 valeurs

3. LES LOTS CITES ENTRENT AVEC LEURS PIECES DE TABLE
  [ note] erratum lu (cb0e7699af25aec1)                              3 divergence(s) declaree(s) : MANIFEST_DEPOT_delta92_machine2_v1.txt, perimetre_depot_delta92_machine2_v1.log, perimetre_depot_delta92_machine2_v1.py
  [PASSE] l erratum qui nomme mes divergences est au poste, a son ca ERRATUM_lot_contreseing_acte_delta92_machine2_v1.md
   lot 26ecd16e21783e5e  table 13 / declare 13   MANIFEST_lot_machine1_gel_v10_banc_v16_v1.txt
   lot 996dc8be7d245387  table 14 / declare 14   MANIFEST_lot_machine2_certification_v10_v16_v1.txt
   lot c446e2b99e53d2a3  table  9 / declare 9    MANIFEST_lot_machine1_gel_v11_banc_v17_v1.txt
   lot 90a0b0ca445989ef  table 12 / declare 12   MANIFEST_lot_machine2_run_delta93_et_erratum_v1.txt
   lot c40bc1962170ca87  table  9 / declare 9    MANIFEST_lot_machine1_certification_run_delta93_v1.txt
   lot 1c4660dd54c463d8  table  9 / declare 9    MANIFEST_lot_machine2_contreseing_acte_delta92_v1.txt
  [PASSE] 6 lots cites a deposer, chacun au compte de table declare  0 faux compte
  [ note] divergence DECLAREE par erratum, admise                    1c4660dd54c463d8 : perimetre_depot_delta92_machine2_v1.py  scelle 8b8f001a199dbdd9 -> depose 6afb296dadf14539 (fait foi)
  [ note] divergence DECLAREE par erratum, admise                    1c4660dd54c463d8 : perimetre_depot_delta92_machine2_v1.log  scelle 5b13fda168b74d86 -> depose 471b22c5a57ab1fe (fait foi)
  [ note] divergence DECLAREE par erratum, admise                    1c4660dd54c463d8 : MANIFEST_DEPOT_delta92_machine2_v1.txt  scelle ee579fe2880d3dd9 -> depose c0e330385c07765d (fait foi)
  [PASSE] aucune piece de table ne s ecarte de son manifeste HORS er 0 ecart
  [PASSE] aucune piece de table n est introuvable a cote de son mani 0 introuvable
  [PASSE] aucune piece retenue n est deja au registre par canon      69 retenues

4. LE MANIFESTE DE DEPOT -- DERIVE, JAMAIS ECRIT A LA MAIN
  [PASSE] chaque piece des volets du run est au sha256 de son propre 88 vue(s), 0 en ecart : aucune
  [ note] series du run ajoutees une a une (decision operateur, acte 86 sur 88 pieces de volet ; les autres etaient deja au depot par leur lot
  [ note] collision de nom, prefixe applique                         MANIFEST.sha256 -> lot_90a0b0ca445989ef__MANIFEST.sha256
  [ note] collision de nom, prefixe applique                         MANIFEST.sha256 -> lot_90a0b0ca445989ef__MANIFEST.sha256
  [ note] collision de nom, prefixe applique                         MANIFEST.sha256 -> lot_c40bc1962170ca87__MANIFEST.sha256
  [ note] collision de nom, prefixe applique                         MANIFEST.sha256 -> lot_c40bc1962170ca87__MANIFEST.sha256
  [ note] collision de nom, prefixe applique                         resultats_alpha.json -> lot_90a0b0ca445989ef__resultats_alpha.json
  [ note] collision de nom, prefixe applique                         resultats_alpha.json -> lot_c40bc1962170ca87__resultats_alpha.json
  [ note] collision de nom, prefixe applique                         resultats_temoin.json -> lot_90a0b0ca445989ef__resultats_temoin.json
  [ note] collision de nom, prefixe applique                         resultats_temoin.json -> lot_c40bc1962170ca87__resultats_temoin.json
  [ note] collision de nom, prefixe applique                         journal/lot_90a0b0ca445989ef__MANIFEST.sha256 -> canon_6df42b6aeba84547__lot_90a0b0ca445989ef__MANIFEST.sha256 (meme lot, meme nom)
  [ note] collision de nom, prefixe applique                         journal/lot_c40bc1962170ca87__MANIFEST.sha256 -> canon_880f22789d8bd10c__lot_c40bc1962170ca87__MANIFEST.sha256 (meme lot, meme nom)
  [PASSE] aucun chemin cible en double ni deja au registre           160 chemins cibles
  [PASSE] aucun doublon de canon dans le depot                       160 pieces
  [PASSE] toute collision resolue porte le prefixe de son LOT (aucun 10 prefixes
  [PASSE] les .md/.py/.txt deposes sont B == brut (ASCII/LF)         115 pieces texte
  [PASSE] le manifeste relu porte autant de lignes que de pieces     160 lignes, 160 pieces
  [PASSE] chaque source du manifeste resout encore au canon ecrit    0 ecart
  [PASSE] le manifeste declare son compte, egal aux lignes           pieces : 160
  [PASSE] le manifeste est ASCII                                     40159 octets

=====================================================================
BILAN PERIMETRE : 21/21 controles PASSENT
69 empreintes citees : 10 au registre, 59 au poste, 0 zip, 0 valeurs, 0 non resolues
DEPOT : 160 pieces (gels 2, journal 156, scripts 2) ; manifeste MANIFEST_DEPOT_delta93_machine2_v1.txt 9b8b600cbbf6e39b
=====================================================================
