
1. LES CITATIONS DE L ACTE, ET LES DEUX INDEX PAR CANON
  [ note] acte                                                       journal_delta_nn_constante_A_second_ordre_v1.md (version 1)
  [PASSE] l acte est ASCII pur, LF, newline final                    25705 octets
  [PASSE] l acte cite des empreintes (compte etabli apres extraction 73 jetons distincts de 16 hex
  [PASSE] chaque VALEUR declaree est bien citee par l acte           
  [PASSE] chaque lot de TRANSPORT declare est bien cite par l acte   
  [PASSE] releve : HEAD 729f9a9, plafond 91, aucun fichier delta_92  788 fichiers suivis
  [ note] index du poste                                             3820 canons distincts (B et brut), 1329 noms de table
  [ note] balayage : tout BOCAL4 hors .git et __pycache__ ; exclues, manifest_depot_delta92_machine2_v1.txt, perimetre_depot_delta92_machine2_v1.log

2. RESOLUTION DE CHAQUE CITATION -- AU REGISTRE, AU POSTE, OU NULLE PART
   registre  035e19806db14910  journal/journal_delta_91_constante_A_run_v2.md
   registre  a2b8463372e1f906  gels/constante_A_pre_enregistrement_v7.md
   registre  1ac295648490a86c  scripts/banc_qualification_machine1_v13.py
   poste     99080e4822bf0108  lecture_predeclaree_second_ordre_machine2_v1.md
   poste     f0333c0afcf86583  derivation_second_ordre_machine2_v1.py
   poste     2409f40ed2a61c61  derivation_second_ordre_machine2_v1.log
   poste     b70fca94d72822ad  m1_rejeu_derivation_second_ordre.json
   poste     9562f34b1b5d6d4a  exploration_richardson_second_ordre_machine2_v1.py
   poste     28f599270bcce9ea  exploration_richardson_second_ordre_machine2_v1.log
   poste     d8b601eee9941086  dossier_conception_second_ordre_machine2_v1.md
   poste     fc6ca127f8eabc8b  lecture_predeclaree_Q5_modes_libres_machine2_v1.md
   poste     e7ff0b5664efe1c2  ajustement_modes_libres_Q5_machine2_v1.py
   poste     ad6fdfc7bccf4a36  ajustement_modes_libres_Q5_machine2_v1.log
   poste     4634a795a008a562  ajustement_modes_libres_Q5_machine2_v1.json
   poste     4bb9da845608a7dd  MANIFEST_lot_machine2_second_ordre_Q5_v1.txt
   poste     b2c5f8cc47c6e611  out_run_delta91/alpha_v13/resultats_alpha.json
   poste     c8390c986806649b  note_machine1_lecture_second_ordre_v1.md
   poste     588abe7cd9c6f6bd  MANIFEST_lot_machine1_lecture_second_ordre_v1.txt
   poste     8640542955081128  note_machine1_lecture_Q5_v1.md
   poste     ff42b9a8588cd7aa  MANIFEST_lot_machine1_lecture_Q5_v1.txt
   poste     800fc6a9a8e56e49  constante_A_pre_enregistrement_v8.md
   poste     45de25ac61321661  MANIFEST_lot_machine2_certification_v8_v14_v1.txt
   poste     b515abc5a6da73c5  constante_A_pre_enregistrement_v9.md
   poste     b5568d8f31f8492e  MANIFEST_lot_machine2_certification_v9_v15_v1.txt
   poste     faf29c378ab88dda  construction_gel_v8_banc_v14_machine1_v1.py
   poste     d6d7ac766b8f5ac6  construction_gel_v9_banc_v15_machine1_v1.py
   poste     dc91676c640d4323  banc_qualification_machine1_v14.py
   poste     a1553f6eb5cc74b8  banc_qualification_machine1_v15.py
   poste     4f1679c48f68aa6f  lecture_v8_machine1_v1.py
   poste     4144c0086a3a99e7  lecture_v9_machine1_v1.py
   poste     79099ef4ea51adf6  base_modes_libres_n21_machine1_v1.json
   poste     0a7d411197d0603d  m2_base_modes_libres_n21_v1.json
   poste     156f9a455f52313e  derives_v9.json
   poste     b86f25c573fd5b05  POUR_MACHINE1_prescription_PA_dans_instrument_machine2_v1.md
   poste     289ae2620e1d1063  MANIFEST_lot_machine2_prescription_PA_v1.txt
   poste     0dcfd901a0551d0f  essai_correctif_PA_hors_depot_machine2.py
   poste     b0e107f45e0bc17b  derivation_plancher_corrige_machine2_v3.py
   poste     33a515251ac3311a  derivation_plancher_corrige_machine2_v3.log
   poste     3b12117a58dde698  derivation_plancher_corrige_machine2_v3.json
   poste     6194df14ffd3d12e  m1_rejeu_derivation_plancher_corrige_v3.log
   poste     0e3aa516ad021159  note_machine2_certification_v8_v14_v1.md
   poste     c3745a9c71978f54  POUR_MACHINE1_certification_v9_v15_machine2_v1.md
   poste     8c4a74f5f6c3636b  certif_v9_v15_machine2_v1.py
   poste     e9babf9830ebe308  ERRATUM_manifeste_lot_gel_v9_banc_v15_machine1_v1.md
   poste     802a84bb706b6124  MANIFEST_lot_machine1_erratum_v9_v15_proj4_v1.txt
   poste     fb456f007eab7c61  MANIFEST_lot_machine2_run_delta92_v1.txt
   poste     511f897547a84ba2  POUR_MACHINE1_run_delta92_machine2_v1.md
   poste     7a693228a172cdad  certif_run_delta92_machine2_v1.py
   poste     b09d4e0d0412742c  certif_run_delta92_machine2_v1.log
   poste     90d0f63215b33257  certif_run_delta92_machine2_v1.json
   poste     7503c5a40aefcf7a  m2_run_delta92_temoin.log
   poste     a1b97554adf19cde  m2_run_delta92_alpha.log
   poste     9f5cbd763fbcc0ee  out_run_delta92/temoin_v15/resultats_temoin.json
   poste     5a1032b29d3f03c7  out_run_delta92/alpha_v15/resultats_alpha.json
   poste     6e4d2afc73a6bc6d  out_run_delta92/temoin_v15/MANIFEST.sha256
   poste     81ee9c622716ff67  out_run_delta92/alpha_v15/MANIFEST.sha256
   poste     d52e40dc52fd52e1  m2_lecture_v9_predictions_delta92.log
   poste     4a880c934f8aacd2  m2_lecture_v9_predictions_delta92.json
   poste     240836e9c5c0f1d3  m2_repetition_predictions_sur_91.log
   poste     af86e5b281d037e9  MANIFEST_lot_machine1_certification_run_delta92_v1.txt
   poste     990039aac7497586  note_machine1_certification_run_delta92_v1.md
   poste     63b775988765c71c  m1_run_delta92_temoin.log
   poste     93010e493b614b67  m1_run_delta92_alpha.log
   poste     6c931574d30f50c8  m1_run_delta92/m1_out_run_delta92/temoin_v15/resultats_temoin.json
   poste     541252658a7af032  m1_run_delta92/m1_out_run_delta92/alpha_v15/resultats_alpha.json
   poste     80feccfeac6b767f  m1_lecture_v9_predictions_delta92.log
   poste     af295b8a660d33e8  m1_lecture_v9_predictions_delta92.json
   poste     abe4c268551f0235  cause_7_1p73_1p20_machine1_v1.py
   poste     399e6664cfe27182  cause_7_1p73_1p20_machine1_v1.log
   poste     5af3647b91ee39cd  cause_7_1p73_1p20_machine1_v1.json
   poste     71d410cd531d06ab  MANIFEST_lot_machine2_contreseing_erratum_proj4_v1.txt
   poste     b87f7a97f6477449  MANIFEST_lot_machine1_gel_v8_banc_v14_v1.txt
   poste     1f1d56d351e352dc  MANIFEST_lot_machine1_gel_v9_banc_v15_v1.txt
  [PASSE] toute empreinte citee resout par canon (registre, poste, o 3 au registre, 70 au poste, 0 zip, 0 valeurs

3. LES LOTS CITES ENTRENT AVEC LEURS PIECES DE TABLE
   lot 4bb9da845608a7dd  table 61 / declare 61   MANIFEST_lot_machine2_second_ordre_Q5_v1.txt
   lot 588abe7cd9c6f6bd  table  5 / declare 5    MANIFEST_lot_machine1_lecture_second_ordre_v1.txt
   lot ff42b9a8588cd7aa  table  5 / declare 5    MANIFEST_lot_machine1_lecture_Q5_v1.txt
   lot 45de25ac61321661  table 11 / declare 11   MANIFEST_lot_machine2_certification_v8_v14_v1.txt
   lot b5568d8f31f8492e  table 11 / declare 11   MANIFEST_lot_machine2_certification_v9_v15_v1.txt
   lot 289ae2620e1d1063  table 12 / declare 12   MANIFEST_lot_machine2_prescription_PA_v1.txt
   lot 802a84bb706b6124  table  3 / declare 3    MANIFEST_lot_machine1_erratum_v9_v15_proj4_v1.txt
   lot fb456f007eab7c61  table 13 / declare 13   MANIFEST_lot_machine2_run_delta92_v1.txt
   lot af86e5b281d037e9  table 12 / declare 12   MANIFEST_lot_machine1_certification_run_delta92_v1.txt
   lot 71d410cd531d06ab  table  7 / declare 7    MANIFEST_lot_machine2_contreseing_erratum_proj4_v1.txt
   lot b87f7a97f6477449  table 11 / declare 11   MANIFEST_lot_machine1_gel_v8_banc_v14_v1.txt
   lot 1f1d56d351e352dc  table 13 / declare 13   MANIFEST_lot_machine1_gel_v9_banc_v15_v1.txt
  [PASSE] 12 lots cites a deposer, chacun au compte de table declare 0 faux compte
  [PASSE] aucune piece de table ne s ecarte de son manifeste         0 ecart
  [PASSE] aucune piece de table n est introuvable a cote de son mani 0 introuvable
  [PASSE] aucune piece retenue n est deja au registre par canon      178 retenues

4. LE MANIFESTE DE DEPOT -- DERIVE, JAMAIS ECRIT A LA MAIN
  [PASSE] chaque piece des volets du run est au sha256 de son propre 88 vue(s), 0 en ecart : aucune
  [ note] series du run ajoutees une a une (decision operateur, acte 86 sur 88 pieces de volet ; les autres etaient deja au depot par leur lot
  [ note] collision de nom, prefixe applique                         MANIFEST.sha256 -> lot_4bb9da845608a7dd__MANIFEST.sha256
  [ note] collision de nom, prefixe applique                         MANIFEST.sha256 -> lot_fb456f007eab7c61__MANIFEST.sha256
  [ note] collision de nom, prefixe applique                         MANIFEST.sha256 -> lot_fb456f007eab7c61__MANIFEST.sha256
  [ note] collision de nom, prefixe applique                         MANIFEST.sha256 -> lot_af86e5b281d037e9__MANIFEST.sha256
  [ note] collision de nom, prefixe applique                         MANIFEST.sha256 -> lot_af86e5b281d037e9__MANIFEST.sha256
  [ note] collision de nom, prefixe applique                         alpha_serie_p4_w1.73_c1.05_dt2_k2.txt -> lot_4bb9da845608a7dd__alpha_serie_p4_w1.73_c1.05_dt2_k2.txt
  [ note] collision de nom, prefixe applique                         alpha_serie_p4_w1.73_c1.05_dt2_k4.txt -> lot_4bb9da845608a7dd__alpha_serie_p4_w1.73_c1.05_dt2_k4.txt
  [ note] collision de nom, prefixe applique                         alpha_serie_p4_w1.73_c1.05_dt2s2_k2.txt -> lot_4bb9da845608a7dd__alpha_serie_p4_w1.73_c1.05_dt2s2_k2.txt
  [ note] collision de nom, prefixe applique                         alpha_serie_p4_w1.73_c1.20_dt2_k2.txt -> lot_4bb9da845608a7dd__alpha_serie_p4_w1.73_c1.20_dt2_k2.txt
  [ note] collision de nom, prefixe applique                         alpha_serie_p4_w1.73_c1.20_dt2_k4.txt -> lot_4bb9da845608a7dd__alpha_serie_p4_w1.73_c1.20_dt2_k4.txt
  [ note] collision de nom, prefixe applique                         alpha_serie_p4_w1.73_c1.20_dt2s2_k2.txt -> lot_4bb9da845608a7dd__alpha_serie_p4_w1.73_c1.20_dt2s2_k2.txt
  [ note] collision de nom, prefixe applique                         alpha_serie_p4_w2.27_c1.05_dt2_k2.txt -> lot_4bb9da845608a7dd__alpha_serie_p4_w2.27_c1.05_dt2_k2.txt
  [ note] collision de nom, prefixe applique                         alpha_serie_p4_w2.27_c1.05_dt2_k4.txt -> lot_4bb9da845608a7dd__alpha_serie_p4_w2.27_c1.05_dt2_k4.txt
  [ note] collision de nom, prefixe applique                         alpha_serie_p4_w2.27_c1.05_dt2s2_k2.txt -> lot_4bb9da845608a7dd__alpha_serie_p4_w2.27_c1.05_dt2s2_k2.txt
  [ note] collision de nom, prefixe applique                         alpha_serie_p4_w2.27_c1.20_dt2_k2.txt -> lot_4bb9da845608a7dd__alpha_serie_p4_w2.27_c1.20_dt2_k2.txt
  [ note] collision de nom, prefixe applique                         alpha_serie_p4_w2.27_c1.20_dt2_k4.txt -> lot_4bb9da845608a7dd__alpha_serie_p4_w2.27_c1.20_dt2_k4.txt
  [ note] collision de nom, prefixe applique                         alpha_serie_p4_w2.27_c1.20_dt2s2_k2.txt -> lot_4bb9da845608a7dd__alpha_serie_p4_w2.27_c1.20_dt2s2_k2.txt
  [ note] collision de nom, prefixe applique                         alpha_serie_p4_w2.80_c1.05_dt2_k2.txt -> lot_4bb9da845608a7dd__alpha_serie_p4_w2.80_c1.05_dt2_k2.txt
  [ note] collision de nom, prefixe applique                         alpha_serie_p4_w2.80_c1.05_dt2_k4.txt -> lot_4bb9da845608a7dd__alpha_serie_p4_w2.80_c1.05_dt2_k4.txt
  [ note] collision de nom, prefixe applique                         alpha_serie_p4_w2.80_c1.05_dt2s2_k2.txt -> lot_4bb9da845608a7dd__alpha_serie_p4_w2.80_c1.05_dt2s2_k2.txt
  [ note] collision de nom, prefixe applique                         alpha_serie_p4_w2.80_c1.20_dt2_k2.txt -> lot_4bb9da845608a7dd__alpha_serie_p4_w2.80_c1.20_dt2_k2.txt
  [ note] collision de nom, prefixe applique                         alpha_serie_p4_w2.80_c1.20_dt2_k4.txt -> lot_4bb9da845608a7dd__alpha_serie_p4_w2.80_c1.20_dt2_k4.txt
  [ note] collision de nom, prefixe applique                         alpha_serie_p4_w2.80_c1.20_dt2s2_k2.txt -> lot_4bb9da845608a7dd__alpha_serie_p4_w2.80_c1.20_dt2s2_k2.txt
  [ note] collision de nom, prefixe applique                         alpha_serie_p5_w1.73_c1.05_dt2_k2.txt -> lot_4bb9da845608a7dd__alpha_serie_p5_w1.73_c1.05_dt2_k2.txt
  [ note] collision de nom, prefixe applique                         alpha_serie_p5_w1.73_c1.05_dt2_k4.txt -> lot_4bb9da845608a7dd__alpha_serie_p5_w1.73_c1.05_dt2_k4.txt
  [ note] collision de nom, prefixe applique                         alpha_serie_p5_w1.73_c1.05_dt2s2_k2.txt -> lot_4bb9da845608a7dd__alpha_serie_p5_w1.73_c1.05_dt2s2_k2.txt
  [ note] collision de nom, prefixe applique                         alpha_serie_p5_w1.73_c1.20_dt2_k2.txt -> lot_4bb9da845608a7dd__alpha_serie_p5_w1.73_c1.20_dt2_k2.txt
  [ note] collision de nom, prefixe applique                         alpha_serie_p5_w1.73_c1.20_dt2_k4.txt -> lot_4bb9da845608a7dd__alpha_serie_p5_w1.73_c1.20_dt2_k4.txt
  [ note] collision de nom, prefixe applique                         alpha_serie_p5_w1.73_c1.20_dt2s2_k2.txt -> lot_4bb9da845608a7dd__alpha_serie_p5_w1.73_c1.20_dt2s2_k2.txt
  [ note] collision de nom, prefixe applique                         alpha_serie_p5_w2.27_c1.05_dt2_k2.txt -> lot_4bb9da845608a7dd__alpha_serie_p5_w2.27_c1.05_dt2_k2.txt
  [ note] collision de nom, prefixe applique                         alpha_serie_p5_w2.27_c1.05_dt2_k4.txt -> lot_4bb9da845608a7dd__alpha_serie_p5_w2.27_c1.05_dt2_k4.txt
  [ note] collision de nom, prefixe applique                         alpha_serie_p5_w2.27_c1.05_dt2s2_k2.txt -> lot_4bb9da845608a7dd__alpha_serie_p5_w2.27_c1.05_dt2s2_k2.txt
  [ note] collision de nom, prefixe applique                         alpha_serie_p5_w2.27_c1.20_dt2_k2.txt -> lot_4bb9da845608a7dd__alpha_serie_p5_w2.27_c1.20_dt2_k2.txt
  [ note] collision de nom, prefixe applique                         alpha_serie_p5_w2.27_c1.20_dt2_k4.txt -> lot_4bb9da845608a7dd__alpha_serie_p5_w2.27_c1.20_dt2_k4.txt
  [ note] collision de nom, prefixe applique                         alpha_serie_p5_w2.27_c1.20_dt2s2_k2.txt -> lot_4bb9da845608a7dd__alpha_serie_p5_w2.27_c1.20_dt2s2_k2.txt
  [ note] collision de nom, prefixe applique                         alpha_serie_p5_w2.80_c1.05_dt2_k2.txt -> lot_4bb9da845608a7dd__alpha_serie_p5_w2.80_c1.05_dt2_k2.txt
  [ note] collision de nom, prefixe applique                         alpha_serie_p5_w2.80_c1.05_dt2_k4.txt -> lot_4bb9da845608a7dd__alpha_serie_p5_w2.80_c1.05_dt2_k4.txt
  [ note] collision de nom, prefixe applique                         alpha_serie_p5_w2.80_c1.05_dt2s2_k2.txt -> lot_4bb9da845608a7dd__alpha_serie_p5_w2.80_c1.05_dt2s2_k2.txt
  [ note] collision de nom, prefixe applique                         alpha_serie_p5_w2.80_c1.20_dt2_k2.txt -> lot_4bb9da845608a7dd__alpha_serie_p5_w2.80_c1.20_dt2_k2.txt
  [ note] collision de nom, prefixe applique                         alpha_serie_p5_w2.80_c1.20_dt2_k4.txt -> lot_4bb9da845608a7dd__alpha_serie_p5_w2.80_c1.20_dt2_k4.txt
  [ note] collision de nom, prefixe applique                         alpha_serie_p5_w2.80_c1.20_dt2s2_k2.txt -> lot_4bb9da845608a7dd__alpha_serie_p5_w2.80_c1.20_dt2s2_k2.txt
  [ note] collision de nom, prefixe applique                         alpha_serie_p7_w1.73_c1.05_dt2_k2.txt -> lot_4bb9da845608a7dd__alpha_serie_p7_w1.73_c1.05_dt2_k2.txt
  [ note] collision de nom, prefixe applique                         alpha_serie_p7_w1.73_c1.05_dt2_k4.txt -> lot_4bb9da845608a7dd__alpha_serie_p7_w1.73_c1.05_dt2_k4.txt
  [ note] collision de nom, prefixe applique                         alpha_serie_p7_w1.73_c1.05_dt2s2_k2.txt -> lot_4bb9da845608a7dd__alpha_serie_p7_w1.73_c1.05_dt2s2_k2.txt
  [ note] collision de nom, prefixe applique                         alpha_serie_p7_w1.73_c1.20_dt2_k2.txt -> lot_4bb9da845608a7dd__alpha_serie_p7_w1.73_c1.20_dt2_k2.txt
  [ note] collision de nom, prefixe applique                         alpha_serie_p7_w1.73_c1.20_dt2_k4.txt -> lot_4bb9da845608a7dd__alpha_serie_p7_w1.73_c1.20_dt2_k4.txt
  [ note] collision de nom, prefixe applique                         alpha_serie_p7_w1.73_c1.20_dt2s2_k2.txt -> lot_4bb9da845608a7dd__alpha_serie_p7_w1.73_c1.20_dt2s2_k2.txt
  [ note] collision de nom, prefixe applique                         alpha_serie_p7_w2.27_c1.05_dt2_k2.txt -> lot_4bb9da845608a7dd__alpha_serie_p7_w2.27_c1.05_dt2_k2.txt
  [ note] collision de nom, prefixe applique                         alpha_serie_p7_w2.27_c1.05_dt2_k4.txt -> lot_4bb9da845608a7dd__alpha_serie_p7_w2.27_c1.05_dt2_k4.txt
  [ note] collision de nom, prefixe applique                         alpha_serie_p7_w2.27_c1.05_dt2s2_k2.txt -> lot_4bb9da845608a7dd__alpha_serie_p7_w2.27_c1.05_dt2s2_k2.txt
  [ note] collision de nom, prefixe applique                         alpha_serie_p7_w2.27_c1.20_dt2_k2.txt -> lot_4bb9da845608a7dd__alpha_serie_p7_w2.27_c1.20_dt2_k2.txt
  [ note] collision de nom, prefixe applique                         alpha_serie_p7_w2.27_c1.20_dt2_k4.txt -> lot_4bb9da845608a7dd__alpha_serie_p7_w2.27_c1.20_dt2_k4.txt
  [ note] collision de nom, prefixe applique                         alpha_serie_p7_w2.27_c1.20_dt2s2_k2.txt -> lot_4bb9da845608a7dd__alpha_serie_p7_w2.27_c1.20_dt2s2_k2.txt
  [ note] collision de nom, prefixe applique                         alpha_serie_p7_w2.80_c1.05_dt2_k2.txt -> lot_4bb9da845608a7dd__alpha_serie_p7_w2.80_c1.05_dt2_k2.txt
  [ note] collision de nom, prefixe applique                         alpha_serie_p7_w2.80_c1.05_dt2_k4.txt -> lot_4bb9da845608a7dd__alpha_serie_p7_w2.80_c1.05_dt2_k4.txt
  [ note] collision de nom, prefixe applique                         alpha_serie_p7_w2.80_c1.05_dt2s2_k2.txt -> lot_4bb9da845608a7dd__alpha_serie_p7_w2.80_c1.05_dt2s2_k2.txt
  [ note] collision de nom, prefixe applique                         alpha_serie_p7_w2.80_c1.20_dt2_k2.txt -> lot_4bb9da845608a7dd__alpha_serie_p7_w2.80_c1.20_dt2_k2.txt
  [ note] collision de nom, prefixe applique                         alpha_serie_p7_w2.80_c1.20_dt2_k4.txt -> lot_4bb9da845608a7dd__alpha_serie_p7_w2.80_c1.20_dt2_k4.txt
  [ note] collision de nom, prefixe applique                         alpha_serie_p7_w2.80_c1.20_dt2s2_k2.txt -> lot_4bb9da845608a7dd__alpha_serie_p7_w2.80_c1.20_dt2s2_k2.txt
  [ note] collision de nom, prefixe applique                         resultats_alpha.json -> lot_4bb9da845608a7dd__resultats_alpha.json
  [ note] collision de nom, prefixe applique                         resultats_alpha.json -> lot_fb456f007eab7c61__resultats_alpha.json
  [ note] collision de nom, prefixe applique                         resultats_alpha.json -> lot_af86e5b281d037e9__resultats_alpha.json
  [ note] collision de nom, prefixe applique                         resultats_temoin.json -> lot_fb456f007eab7c61__resultats_temoin.json
  [ note] collision de nom, prefixe applique                         resultats_temoin.json -> lot_af86e5b281d037e9__resultats_temoin.json
  [ note] collision de nom, prefixe applique                         journal/lot_fb456f007eab7c61__MANIFEST.sha256 -> canon_81ee9c622716ff67__lot_fb456f007eab7c61__MANIFEST.sha256 (meme lot, meme nom)
  [ note] collision de nom, prefixe applique                         journal/lot_af86e5b281d037e9__MANIFEST.sha256 -> canon_cc0f2c1d5d973f49__lot_af86e5b281d037e9__MANIFEST.sha256 (meme lot, meme nom)
  [PASSE] aucun chemin cible en double ni deja au registre           268 chemins cibles
  [PASSE] aucun doublon de canon dans le depot                       268 pieces
  [PASSE] toute collision resolue porte le prefixe de son LOT (aucun 66 prefixes
  [PASSE] les .md/.py/.txt deposes sont B == brut (ASCII/LF)         192 pieces texte
  [PASSE] le manifeste relu porte autant de lignes que de pieces     268 lignes, 268 pieces
  [PASSE] chaque source du manifeste resout encore au canon ecrit    0 ecart
  [PASSE] le manifeste declare son compte, egal aux lignes           pieces : 268
  [PASSE] le manifeste est ASCII                                     62426 octets

=====================================================================
BILAN PERIMETRE : 19/19 controles PASSENT
73 empreintes citees : 3 au registre, 70 au poste, 0 zip, 0 valeurs, 0 non resolues
DEPOT : 268 pieces (gels 2, journal 264, scripts 2) ; manifeste MANIFEST_DEPOT_delta92_machine2_v1.txt c0e330385c07765d
=====================================================================
