MARGES (dernier point sous s_b sur G_P1 U G_ext ; marge = 1 - E0(s_dernier)/E_b) :
  5|2.22|-1  s_dernier=1.497564 marge=1.9227 pour-cent  marge/10=1.923e-03  | G_P1 :  0 pts >= s_b, E0(s_max)/E_b=0.8415, s_b/s_max=1.091 | s_ii=4.1427 s_ii/s_b=2.74
  7|2.42|+1  s_dernier=1.085745 marge=1.3022 pour-cent  marge/10=1.302e-03  | G_P1 : 31 pts >= s_b, E0(s_max)/E_b=2.3664, s_b/s_max=0.654 | s_ii=2.2659 s_ii/s_b=2.07
  5|2.00|+1  s_dernier=1.171103 marge=1.2170 pour-cent  marge/10=1.217e-03  | G_P1 :  0 pts >= s_b, E0(s_max)/E_b=0.1333, s_b/s_max=2.736 | s_ii=4.4998 s_ii/s_b=3.82
  5|2.00|-1  s_dernier=1.171103 marge=1.6803 pour-cent  marge/10=1.680e-03  | G_P1 :  0 pts >= s_b, E0(s_max)/E_b=0.1328, s_b/s_max=2.748 | s_ii=4.4998 s_ii/s_b=3.81
  7|2.00|+1  s_dernier=0.762588 marge=1.4221 pour-cent  marge/10=1.422e-03  | G_P1 :  0 pts >= s_b, E0(s_max)/E_b=0.3449, s_b/s_max=1.703 | s_ii=2.4656 s_ii/s_b=3.21
  7|2.00|-1  s_dernier=0.762588 marge=1.4752 pour-cent  marge/10=1.475e-03  | G_P1 :  0 pts >= s_b, E0(s_max)/E_b=0.3441, s_b/s_max=1.705 | s_ii=2.4656 s_ii/s_b=3.21
  7|2.50|-1  s_dernier=1.146404 marge=1.1288 pour-cent  marge/10=1.129e-03  | G_P1 : 13 pts >= s_b, E0(s_max)/E_b=1.4241, s_b/s_max=0.837 | s_ii=2.2391 s_ii/s_b=1.94
  5|1.50|+1  s_dernier=0.467736 marge=1.4358 pour-cent  marge/10=1.436e-03  | G_P1 :  0 pts >= s_b, E0(s_max)/E_b=0.8794, s_b/s_max=1.066 | s_ii=6.3030 s_ii/s_b=13.38
  5|1.50|-1  s_dernier=0.468160 marge=1.2830 pour-cent  marge/10=1.283e-03  | G_P1 : 28 pts >= s_b, E0(s_max)/E_b=2.1790, s_b/s_max=0.677 | s_ii=6.3030 s_ii/s_b=13.38
  7|1.50|+1  s_dernier=0.348949 marge=1.4482 pour-cent  marge/10=1.448e-03  | G_P1 :  0 pts >= s_b, E0(s_max)/E_b=0.4569, s_b/s_max=1.479 | s_ii=3.0181 s_ii/s_b=8.59
  7|1.50|-1  s_dernier=0.348949 marge=1.4491 pour-cent  marge/10=1.449e-03  | G_P1 :  0 pts >= s_b, E0(s_max)/E_b=0.4602, s_b/s_max=1.474 | s_ii=3.0181 s_ii/s_b=8.59
  marge minimale : 1.1288 pour-cent a 7|2.50|-1 ; /10 = 1.1288e-03 ; garde gelee 1.1e-3 majore : True

PLAFOND PAIR s_CAP (borne sqrt(2 E0) = CAP, E_j pair normalisation m2 : E0 = Q s^2 + g s^p/(p delta)) :
  4|2.22|+1  s_CAP=353.66  = 106.7 x haut de grille G_P1 (1.15 s_ref = 3.3149) ; sans le terme (g/p)s^p : 5304
  4|2.00|+1  s_CAP=330.56  = 110.5 x haut de grille G_P1 (1.15 s_ref = 2.9921) ; sans le terme (g/p)s^p : 4685
  4|3.00|+1  s_CAP=422.55  = 38.9 x haut de grille G_P1 (1.15 s_ref = 10.8638) ; sans le terme (g/p)s^p : 6860

ATTENTE m1 (hors gel) s_b <= s* <= s_lin : s_lin/s_b lu dans la derivation m1 80e8280603673992, s*(1600) G_ext re-derive :
  5|2.22|-1  s*_j/s_b=1.5567  s_lin/s_b=1.2878  HORS
  7|2.42|+1  s*_j/s_b=1.0687  s_lin/s_b=1.1841  DANS
  5|2.00|+1  s*_j/s_b=1.0085  s_lin/s_b=1.2925  DANS
  5|2.00|-1  s*_j/s_b=1.3276  s_lin/s_b=1.2894  HORS
  7|2.00|+1  s*_j/s_b=1.0223  s_lin/s_b=1.1834  DANS
  7|2.00|-1  s*_j/s_b=1.2721  s_lin/s_b=1.1831  HORS
  7|2.50|-1  s*_j/s_b=1.1146  s_lin/s_b=1.1820  DANS
  5|1.50|+1  s*_j/s_b=1.2357  s_lin/s_b=1.2911  DANS
  5|1.50|-1  s*_j/s_b=1.0073  s_lin/s_b=1.2909  DANS
  7|1.50|+1  s*_j/s_b=1.2177  s_lin/s_b=1.1832  HORS
  7|1.50|-1  s*_j/s_b=1.0073  s_lin/s_b=1.1832  DANS
  DANS 7 / HORS 4

CONDITION (ii) (normalisation m1) : 5|2.22|-1 s_ii=6.5367 (4.32 s_b) ; 7|2.42|+1 s_ii=3.1081 (2.84 s_b) ; 5|2.00|+1 s_ii=6.4898 (5.51 s_b) ; 5|2.00|-1 s_ii=6.4898 (5.49 s_b) ; 7|2.00|+1 s_ii=3.0714 (4.00 s_b) ; 7|2.00|-1 s_ii=3.0714 (4.00 s_b) ; 7|2.50|-1 s_ii=3.1196 (2.71 s_b) ; 5|1.50|+1 s_ii=6.7897 (14.41 s_b) ; 5|1.50|-1 s_ii=6.7897 (14.41 s_b) ; 7|1.50|+1 s_ii=3.1558 (8.98 s_b) ; 7|1.50|-1 s_ii=3.1558 (8.98 s_b) ; min/max du rapport 2.71 / 14.41

EXCURSION LINEAIRE x_lin(t)/s = sgn [(1+w2^2) cos t - 2 cos(w2 t)]/delta, minimum sur [0, 400] (pas 1e-4 puis affinage) :
  w2=2:1 (w2=2.00)  +1 : -2.3333 s   -1 : -1.1875 s   |rapport| = 1.9649
  w2=3:2 (w2=1.50)  +1 : -3.3993 s   -1 : -4.2000 s   |rapport| = 0.8093
  w2=2.22           +1 : -2.0178 s   -1 : -2.0182 s   |rapport| = 0.9998
  w2=2.42           +1 : -1.8234 s   -1 : -1.8237 s   |rapport| = 0.9998
  w2=2.50           +1 : -1.5926 s   -1 : -1.7619 s   |rapport| = 0.9039
  regle lue (candidate) : le signe a la plus grande excursion colle a la barriere ; sur les paires jouees : 2:1 -> +1 ; 3:2 -> -1
