
1. LES CITATIONS DE L ACTE, ET LES DEUX INDEX PAR CANON
  [ note] acte                                                       journal_delta_nn_constante_A_v2.md (version 2)
  [PASSE] l acte est ASCII pur, LF, newline final                    44831 octets
  [PASSE] l acte cite des empreintes (compte etabli apres extraction 101 jetons distincts de 16 hex
  [PASSE] chaque VALEUR declaree est bien citee par l acte           3ef1660b5147653b, 0491b83e6893dbbf, f150f2685187b9d2
  [PASSE] chaque lot de TRANSPORT declare est bien cite par l acte   d0ab94382e1b5808
  [MORD ] releve : HEAD e68341f, plafond 90, aucun fichier delta_90  676 fichiers suivis
  [ note] index du poste                                             213 canons distincts (B et brut), 317 noms de table
  [ note] balayage : tout BOCAL4 hors .git et __pycache__ ; exclues, MANIFEST_DEPOT_delta90_machine2_v2.txt, perimetre_depot_delta90_machine2_v2.log

2. RESOLUTION DE CHAQUE CITATION -- AU REGISTRE, AU POSTE, OU NULLE PART
   registre  932fa1cdfa823672  journal/journal_delta_nn_constante_A_v1.md
   registre  f822f7cfa6dfb13b  journal/note_machine1_certification_delta90_v1.md
   registre  42aa48de9280bb02  journal/MANIFEST_lot_machine1_certification_delta90_v1.txt
   registre  c0f0f4f3b5477310  journal/journal_delta_89_R4R5_v5.md
   registre  c8ed357b120352c4  scripts/m9_replication_v1.py
   registre  d71770d5948fe1aa  gels/constante_A_pre_enregistrement_v3.md
   registre  011c923203fcdaef  gels/constante_A_pre_enregistrement_v4.md
   registre  2c0d2dc86054838c  gels/constante_A_pre_enregistrement_v5.md
   registre  d5ace962a3a6e413  journal/MANIFEST_lot_machine1_constante_A_v5.txt
   registre  9e6376f936708077  journal/note_machine2_certification_constante_A_v4_v1.md
   registre  a92f60f936a2f75a  journal/certif_constante_A_v3_machine2_v1.log
   registre  df0431a0a57cc2b6  journal/CERTIFICATION_machine2_constante_A_v5_v1.md
   registre  13d2973b0e143a20  journal/MANIFEST_lot_machine2_certification_constante_A_v5_v1.txt
   registre  8b083e9f109b5a8e  gels/temoin_negatif_pre_enregistrement_v7.md
   registre  403488b4f6c319e9  gels/temoin_negatif_pre_enregistrement_v9.md
   registre  a2e7ef3e237c5acf  gels/temoin_negatif_pre_enregistrement_v11.md
   registre  7fc5f2412b99ad50  journal/note_machine1_certification_temoin_v11_v2.md
   registre  c4310e33da6b9759  journal/depot_9bis_temoin_v1.json
   registre  13601ef21efdc024  journal/erratum_temoin_v11_clause_7i_tolerance_v1.md
   registre  5fae2a8c94cf8685  scripts/banc_qualification_machine1_v3.py
   registre  35b9ff3b8e5b7ef0  scripts/construction_banc_v4_machine1_v1.py
   registre  36a3f06f19871c38  scripts/banc_qualification_machine1_v4.py
   registre  81730d2bf7095c1f  scripts/construction_banc_v5_machine1_v1.py
   registre  b8a0f75323182e55  scripts/banc_qualification_machine1_v5.py
   registre  56c2ebfcfd84671e  scripts/banc_qualification_machine1_v6.py
   registre  9a6e8b6192d4f163  scripts/banc_qualification_machine1_v7.py
   registre  4d8882a2223a5c74  scripts/banc_qualification_machine1_v8.py
   registre  be633ae91ae295b5  journal/note_machine1_livraison_banc_v5_v1.md
   registre  2a618ffb180ea568  journal/note_machine2_controle_instrument_v8_v1.md
   registre  aa98fa8b4ba921d8  journal/note_machine1_cloture_cycle_contre_derivation_N70_v1.md
   registre  b6d13e6a1559e850  journal/SUIVI_campagne_2026-08-28b.md
   registre  d0747b01700e4ad8  journal/SUIVI_campagne_2026-08-29a.md
   registre  4ef8235b16f26210  journal/enumeration_cles_prevol_N70_machine2_v1.md
   registre  4867dffe3392dea6  journal/enumeration_cles_prevol_N70_machine2_v2.md
   registre  a4c35a2ee691c9a7  journal/MANIFEST_lot_machine2_chaine_constante_A_v1.txt
   registre  0a24121e441cc0c3  journal/m2_v8_prevol_temoin_resultats.json
   registre  1a66059068654b4b  journal/m2_v8_prevol_temoin.log
   registre  c45ac9f59907fbf4  journal/prevol_temoin_v8_machine1.log
   registre  d3417a81e03b2861  journal/resultats_temoin_prevol_noyau_machine1.json
   registre  95acd5d9c844eacc  journal/resultats_temoin_prevol_libm_machine1.json
   registre  ca5456d3b11df0be  journal/MANIFEST_lot_machine1_reponse_globale_v1.txt
   registre  644240dc894c2733  runs/run_temoin_delta85/resultats_temoin.json
   registre  6d7d23130e9322f8  runs/run_alpha_delta85/resultats_alpha.json
   registre  10a7ce5688f515d5  journal/m2_run_temoin_reel.log
   registre  3833ba551a390945  journal/m2_run_temoin_reel.log
   registre  0e7e56006d2e200a  journal/m2_run_alpha_reel.log
   registre  717b61caa5921aaa  journal/m2_run_alpha_reel.log
   registre  7b7e388a562e5a8b  journal/derivation_fenetre_delta_machine2_v1.py
   registre  7883311c6e363b02  journal/MANIFEST_lot_machine2_comparaison_a_trois_v1.txt
   registre  9d9e949ed876424f  journal/derivation_fenetre_delta_machine2_v2.py
   registre  e3b707c589e9d1d8  journal/MANIFEST_lot_machine2_acte_constante_A_v1.txt
   registre  4353c80e60cef87c  journal/derivation_fenetre_delta_machine2_v3.py
   registre  56378e0f371f9681  journal/MANIFEST_lot_machine2_reponse_lecture_acte_v1.txt
   registre  f60104c0c3ba7ec4  journal/derivation_fenetre_delta_machine2_v3.log
   registre  be5ee780388d1965  journal/MANIFEST_lot_machine1_rejeu_relivraison_v1.txt
   registre  5231ce763b007399  journal/precision_de_la_borne_machine2_v1.py
   registre  cd70cda556d60380  journal/MANIFEST_lot_machine2_cloture_geste2_v1.txt
   registre  cbf120b4113bc8b1  journal/DOSSIER_ARBITRAGE_constante_A_operateur_v1.md
   registre  2b155abffbe4f6ff  journal/MANIFEST_lot_machine1_convergence_dt_7_1p73_v1.txt
   registre  c8d86e5e5b4fd745  journal/convergence_dt_7_1p73_machine1_v1.json
   registre  a826546552c3ae77  journal/note_machine1_convergence_dt_7_1p73_v1.md
   registre  117bcfaa1f283059  journal/MANIFEST_lot_machine1_cause_ecart_7_1p73_v1.txt
   registre  5ea2fa8d7457a125  journal/MANIFEST_lot_machine1_reponse_cas_durs_BOCAL4_v1.txt
   registre  950feb280cbcd92e  journal/note_machine1_reponse_globale_v1.md
   registre  4cb991ce22ca35d0  journal/MANIFEST_lot_machine1_cloture_geste2_v1.txt
   registre  6fbd0785accc5689  journal/note_machine1_cloture_geste2_v1.md
   registre  1859bbc126bb52c7  journal/MANIFEST_lot_machine1_erratum_cloture_geste2_v1.txt
   registre  1f80e0e9b88f2ff2  journal/note_machine1_erratum_cloture_geste2_v1.md
   registre  eb7fb1cefbf2cec4  journal/MANIFEST_lot_machine2_rejeu_convergence_dt_v1.txt
   registre  f9e1c1922e32220d  journal/MANIFEST_lot_machine2_cas_durs_BOCAL4_v1.txt
   registre  3675daba802cbc6c  journal/MANIFEST_lot_machine2_reponse_globale_v1.txt
   registre  be8aad100ff77f52  journal/comparaison_a_trois_machine2_v1.py
   registre  19f6b47b930591cf  journal/erratum_seul_point_machine2_v1.py
   registre  6e1409b06e887d97  journal/relecture_nombres_acte_machine2_v1.py
   registre  15b0bc7915c82bd7  journal/controle_croise_classes_machine2_v1.py
   registre  9965d3795d226b9a  journal/verification_28b_et_conventionB_machine2_v1.py
   registre  1985ad4eea984bf5  journal/MANIFEST_lot_machine2_reponse_R_G2_5_v1.txt
   registre  2121738de50e2324  journal/verifications_lecture_m1_machine2_v1.py
   registre  2304eec6aba3545b  journal/ERRATUM_manifeste_lot_reponse_R_G2_5_machine2_v1.md
   registre  5c84c48e9a9c72eb  journal/MANIFEST_lot_machine2_cloture_tour_v1.txt
   registre  412c6bb0a4c6d7b7  journal/verifications_lecture_m1_machine2_v2.py
   registre  b228e0f5a0197494  journal/MANIFEST_lot_machine1_lecture_ouverture_acte_constante_A_v1.txt
   registre  25b6f78bdf2ddcff  journal/MANIFEST_lot_machine1_lecture_reponse_et_R-G2-5_v1.txt
   registre  990a8fe5cec6ef87  journal/MANIFEST_lot_machine1_R-G2-5_v2_et_reception_v2.txt
   registre  1c93be84b611e43b  journal/r_g2_5_pow_tableau_machine1_v2.py
   registre  be6bb447da1f4363  journal/garde_chk_constante_machine1_v1.py
   registre  d0ab94382e1b5808  journal/MANIFEST_lot_machine2_RELIVRAISON_v1.txt
   registre  df3bd37cbca40c36  journal/assemblage_relivraison_machine2_v2.py
   registre  7ee2d2d4fc0b27a1  journal/MANIFEST_lot_machine2_R2_constante_A_v1.txt
   registre  bdd00189e68b61dc  journal/MANIFEST_lot_machine2_certification_v3_v1.txt
   registre  704f2b6b84f4c6a0  journal/MANIFEST_lot_machine2_certification_v4_v1.txt
   registre  0c577a23d67586c8  journal/controle_cause_du_moins_dix_machine2_v1.py
   registre  f7f8be507eb5e9cb  runs/run_temoin_delta85/temoin_champ_forces_tirage.txt
   registre  ed09e29e91b6eb00  journal/rejeu1_convergence_dt_machine2_v1.json
   registre  7b8c7398a755c28e  journal/MANIFEST_lot_machine2_acte_delta90_v1.txt
   registre  9a3e72664e4a13c2  journal/perimetre_depot_delta90_machine2_v1.py
   registre  0aae5d85df39862b  journal/relecture_nombres_delta90_machine2_v1.py
  [PASSE] toute empreinte citee resout par canon (registre, poste, o 97 au registre, 0 au poste, 1 zip, 3 valeurs
  [ note] ZIP cite en brut, NON depose (precedent non pris)          bb9a94f13a2ed2cc  lot_machine2_2026-09-12_RELIVRAISON_v1.zip

3. LES LOTS CITES ENTRENT AVEC LEURS PIECES DE TABLE
  [PASSE] -1 lots cites a deposer, chacun au compte de table declare 0 faux compte
  [PASSE] aucune piece de table ne s ecarte de son manifeste         0 ecart
  [PASSE] aucune piece de table n est introuvable a cote de son mani 0 introuvable
  [PASSE] aucune piece retenue n est deja au registre par canon      0 retenues

4. LE MANIFESTE DE DEPOT -- DERIVE, JAMAIS ECRIT A LA MAIN
  [MORD ] aucun chemin cible en double ni deja au registre           3 chemins cibles
  [PASSE] aucun doublon de canon dans le depot                       3 pieces
  [PASSE] toute collision resolue porte le prefixe de son LOT (aucun 0 prefixes
  [PASSE] les .md/.py/.txt deposes sont B == brut (ASCII/LF)         3 pieces texte
  [PASSE] le manifeste relu porte autant de lignes que de pieces     3 lignes, 3 pieces
  [PASSE] chaque source du manifeste resout encore au canon ecrit    0 ecart
  [PASSE] le manifeste declare son compte, egal aux lignes           pieces : 3
  [PASSE] le manifeste est ASCII                                     9401 octets

=====================================================================
BILAN PERIMETRE : 16/18 controles PASSENT
101 empreintes citees : 97 au registre, 0 au poste, 1 zip, 3 valeurs, 0 non resolues
DEPOT : 3 pieces (journal 3) ; manifeste MANIFEST_DEPOT_delta90_machine2_v2.txt 17914629c3f82d27
=====================================================================
