====================================================================================
RELECTURE DES NOMBRES DE MA NOTE (comparaison a trois)
====================================================================================

[1] LES COMPTES DE LA COMPARAISON
  [OK  ] au log : 856 feuilles communes                           
  [OK  ]   et cite dans ma note : 856                             
  [OK  ] au log : 82 exposees                                     
  [OK  ]   et cite dans ma note : 82                              
  [OK  ] au log : 77 == libm                                      
  [OK  ]   et cite dans ma note : 77 / 82                         
  [OK  ] au log : 0 == noyau                                      
  [OK  ]   et cite dans ma note : 0 / 82                          
  [OK  ] au log : 5 ni l'un ni l'autre                            
  [OK  ]   et cite dans ma note : 5 / 82                          
  [OK  ] au log : 774 non exposees                                
  [OK  ]   et cite dans ma note : 774                             
  [OK  ] au log : 14 divergences residuelles                      
  [OK  ]   et cite dans ma note : 14                              

[2] LES NEUF RATIOS, DES TROIS COTES
  [OK  ] les neuf cellules sont au log                            9
  [OK  ] les neuf rendent 'LIBM'                                  
  [OK  ] 4|1.73 : les trois valeurs citees                        
  [OK  ] 4|2.27 : les trois valeurs citees                        
  [OK  ] 4|2.80 : les trois valeurs citees                        
  [OK  ] 5|1.73 : les trois valeurs citees                        
  [OK  ] 5|2.27 : les trois valeurs citees                        
  [OK  ] 5|2.80 : les trois valeurs citees                        
  [OK  ] 7|1.73 : les trois valeurs citees                        
  [OK  ] 7|2.27 : les trois valeurs citees                        
  [OK  ] 7|2.80 : les trois valeurs citees                        
  [OK  ] mon poste egale le libm aux neuf                         

[3] LE CHAMP DE FORCES, LES TROIS EMPREINTES
  [OK  ] citee : 0491b83e6893dbbf                                 
  [OK  ] citee : f150f2685187b9d2                                 
  [OK  ] citee : f7f8be507eb5e9cb                                 
  [OK  ] les trois sont distinctes                                

[4] L'ERRATUM
  [OK  ] le log de l'erratum MORD, et c'est voulu                 
  [OK  ] 3 cellules different, dont 2 LUES                        
  [OK  ] 4|1.73 : ecart -2.30 cite                                
  [OK  ] 4|2.80 : ecart +4.66 cite                                
  [OK  ] 7|1.73 : ecart +10.96 cite                               
  [OK  ] parmi les NON LUES, 7|1.73 est la seule qui differe      
  [OK  ] R_ELLE est classe NOYAU aux trois                        
  [OK  ] la ligne fautive du chk est citee telle quelle           

[5] LES CANONS
  [OK  ] canon de son lot = ca5456d3b11df0be                      
  [OK  ] enveloppe 0664f712878e2f87                               0664f712878e2f87
  [OK  ] la feuille de derivation est bien dans ce repertoire     

====================================================================================
BILAN : 41 controles, 0 mordent
====================================================================================
