==============================================================================
RELECTURE MECANIQUE DES NOMBRES DE MA CERTIFICATION
==============================================================================

[A] LE COMPTE DE LA CERTIFICATION
  [OK  ] 88 re-derivees, 3 mordent, 85 concordent               88 / 3
  [OK  ] 17/17 a la reception                                   
  [OK  ] 8/8 sur mes empreintes                                 
  [OK  ] brut du lot recu 90a3e5b058e7d478                      

[B] D-CERT-1 : la serie C_P
  [OK  ] s0=0.15 : 0.3307 -> 0.3262, soit -1.36 %               
  [OK  ] s0=0.25 : 0.3125 -> 0.3021, soit -3.33 %               
  [OK  ] pente des quatre valeurs de l'acte = -1.071            -1.0709
  [OK  ] pente des deux points resolus = -1.050                 -1.0501
  [OK  ] baisse moyenne -2.35 %% et pente corrigee -1.078       -2.35 % / -1.0778
  [OK  ] incertitude 0.007 et 9.8 %% de l'ecart a -1            0.0069 / 9.8 %
  [OK  ] s0 = 0.20 et 0.30 absents de mes pieces                

[C] D-CERT-2 : la fourchette de A-6
  [OK  ] les trois ecarts 5.42 / 5.73 / 4.66                    5.42 5.73 4.66
  [OK  ] le troisieme est HORS de la fourchette annoncee        
  [OK  ] 5.27 %% sur le coefficient C = P.K                     5.27 %
  [OK  ] son propre log porte bien +4.7 pc a s = 0.60           

[D] D-CERT-3 : la borne de A-4
  [OK  ] ecart relatif max 9.49e-06 et absolu 5.28e-06          9.49e-06 / 5.28e-06
  [OK  ] la cellule nommee est bien 7|6.00 a s0 = 0.5           

[E] LE REGISTRE
  [OK  ] 69 numeros distincts, de 19 a 88, un trou au 20        
  [OK  ] 89 libre localement et delta 88 au bit                 
  [OK  ] je declare NE PAS pouvoir relever le registre ordonnan 

[F] MES PROPRES FAUX ECHECS, DECLARES
  [OK  ] 7 mordants d'abord, 4 de mon fait                      
  [OK  ] la ligne 1513 du renvoi nn.6 est citee juste           

==============================================================================
Relecture : 22/22 assertions chiffrees confirmees a la source.
==============================================================================
