====================================================================================
RELECTURE DES NOMBRES DE MA NOTE DE CLOTURE
====================================================================================

[1] LES DEUX BORNES ET LEUR ECART
  [OK  ] au log ET cite : 1.659725811e-05                         
  [OK  ] au log ET cite : 1.659260768e-05                         
  [OK  ] au log ET cite : 2.802e-04                               
  [OK  ] les deux fenetres citees                                 
  [OK  ] la marge 4.15e-02 est celle du log                       
  [OK  ] le meme point porte la borne des deux facons             
  [OK  ] l'ecart est bien deux ordres sous la marge               

[2] LE MORDANT EST VOULU
  [OK  ] le log MORD une fois, et c'est la correction             
  [OK  ] aucune cellule de la carte ne change de statut           

[3] LES CANONS CITES, VERIFIES AU POSTE
  [OK  ] d5ace962a3a6e413 au poste et cite                        lu d5ace962a3a6e413
  [OK  ] 13d2973b0e143a20 au poste et cite                        lu 13d2973b0e143a20
  [OK  ] a4c35a2ee691c9a7 au poste et cite                        lu a4c35a2ee691c9a7
  [OK  ] 7883311c6e363b02 au poste et cite                        lu 7883311c6e363b02
  [OK  ] enveloppe efd5f76bcdef0e20                               efd5f76bcdef0e20

[4] SA PHRASE, CITEE EXACTEMENT
  [OK  ] sa phrase est bien dans sa note                          
  [OK  ] et la moitie que je lui accorde aussi                    

====================================================================================
BILAN : 16 controles, 0 mordent
====================================================================================
