
1. LES CITATIONS DE L ACTE, ET LES DEUX INDEX PAR CANON
  [ note] acte                                                       journal_delta_nn_constante_A_second_ordre_v1.md (version 1)
  [PASSE] l acte est ASCII pur, LF, newline final                    25705 octets
  [PASSE] l acte cite des empreintes (compte etabli apres extraction 73 jetons distincts de 16 hex
  [PASSE] chaque VALEUR declaree est bien citee par l acte           
  [PASSE] chaque lot de TRANSPORT declare est bien cite par l acte   
  [MORD ] releve : HEAD 09baf5c, plafond 92, aucun fichier delta_92  1056 fichiers suivis
  [ note] index du poste                                             59437 canons distincts (B et brut), 2585 noms de table
  [ note] balayage : tout BOCAL4 hors .git et __pycache__ ; exclues, MANIFEST_DEPOT_delta92_machine2_v1.txt, perimetre_depot_delta92_machine2_v1.log

2. RESOLUTION DE CHAQUE CITATION -- AU REGISTRE, AU POSTE, OU NULLE PART
   registre  035e19806db14910  journal/journal_delta_91_constante_A_run_v2.md
   registre  99080e4822bf0108  journal/lecture_predeclaree_second_ordre_machine2_v1.md
   registre  f0333c0afcf86583  journal/derivation_second_ordre_machine2_v1.py
   registre  2409f40ed2a61c61  journal/derivation_second_ordre_machine2_v1.log
   registre  b70fca94d72822ad  journal/m1_rejeu_derivation_second_ordre.json
   registre  9562f34b1b5d6d4a  journal/exploration_richardson_second_ordre_machine2_v1.py
   registre  28f599270bcce9ea  journal/exploration_richardson_second_ordre_machine2_v1.log
   registre  d8b601eee9941086  journal/dossier_conception_second_ordre_machine2_v1.md
   registre  fc6ca127f8eabc8b  journal/lecture_predeclaree_Q5_modes_libres_machine2_v1.md
   registre  e7ff0b5664efe1c2  journal/ajustement_modes_libres_Q5_machine2_v1.py
   registre  ad6fdfc7bccf4a36  journal/ajustement_modes_libres_Q5_machine2_v1.log
   registre  4634a795a008a562  journal/ajustement_modes_libres_Q5_machine2_v1.json
   registre  4bb9da845608a7dd  journal/MANIFEST_lot_machine2_second_ordre_Q5_v1.txt
   registre  b2c5f8cc47c6e611  journal/lot_4bb9da845608a7dd__resultats_alpha.json
   registre  c8390c986806649b  journal/note_machine1_lecture_second_ordre_v1.md
   registre  588abe7cd9c6f6bd  journal/MANIFEST_lot_machine1_lecture_second_ordre_v1.txt
   registre  8640542955081128  journal/note_machine1_lecture_Q5_v1.md
   registre  ff42b9a8588cd7aa  journal/MANIFEST_lot_machine1_lecture_Q5_v1.txt
   registre  a2b8463372e1f906  gels/constante_A_pre_enregistrement_v7.md
   registre  800fc6a9a8e56e49  gels/constante_A_pre_enregistrement_v8.md
   registre  45de25ac61321661  journal/MANIFEST_lot_machine2_certification_v8_v14_v1.txt
   registre  b515abc5a6da73c5  gels/constante_A_pre_enregistrement_v9.md
   registre  b5568d8f31f8492e  journal/MANIFEST_lot_machine2_certification_v9_v15_v1.txt
   registre  faf29c378ab88dda  journal/construction_gel_v8_banc_v14_machine1_v1.py
   registre  d6d7ac766b8f5ac6  journal/construction_gel_v9_banc_v15_machine1_v1.py
   registre  1ac295648490a86c  scripts/banc_qualification_machine1_v13.py
   registre  dc91676c640d4323  scripts/banc_qualification_machine1_v14.py
   registre  a1553f6eb5cc74b8  scripts/banc_qualification_machine1_v15.py
   registre  4f1679c48f68aa6f  journal/lecture_v8_machine1_v1.py
   registre  4144c0086a3a99e7  journal/lecture_v9_machine1_v1.py
   registre  79099ef4ea51adf6  journal/base_modes_libres_n21_machine1_v1.json
   registre  0a7d411197d0603d  journal/m2_base_modes_libres_n21_v1.json
   registre  156f9a455f52313e  journal/derives_v9.json
   registre  b86f25c573fd5b05  journal/POUR_MACHINE1_prescription_PA_dans_instrument_machine2_v1.md
   registre  289ae2620e1d1063  journal/MANIFEST_lot_machine2_prescription_PA_v1.txt
   registre  0dcfd901a0551d0f  journal/essai_correctif_PA_hors_depot_machine2.py
   registre  b0e107f45e0bc17b  journal/derivation_plancher_corrige_machine2_v3.py
   registre  33a515251ac3311a  journal/derivation_plancher_corrige_machine2_v3.log
   registre  3b12117a58dde698  journal/derivation_plancher_corrige_machine2_v3.json
   registre  6194df14ffd3d12e  journal/m1_rejeu_derivation_plancher_corrige_v3.log
   registre  0e3aa516ad021159  journal/note_machine2_certification_v8_v14_v1.md
   registre  c3745a9c71978f54  journal/POUR_MACHINE1_certification_v9_v15_machine2_v1.md
   registre  8c4a74f5f6c3636b  journal/certif_v9_v15_machine2_v1.py
   registre  e9babf9830ebe308  journal/ERRATUM_manifeste_lot_gel_v9_banc_v15_machine1_v1.md
   registre  802a84bb706b6124  journal/MANIFEST_lot_machine1_erratum_v9_v15_proj4_v1.txt
   registre  fb456f007eab7c61  journal/MANIFEST_lot_machine2_run_delta92_v1.txt
   registre  511f897547a84ba2  journal/POUR_MACHINE1_run_delta92_machine2_v1.md
   registre  7a693228a172cdad  journal/certif_run_delta92_machine2_v1.py
   registre  b09d4e0d0412742c  journal/certif_run_delta92_machine2_v1.log
   registre  90d0f63215b33257  journal/certif_run_delta92_machine2_v1.json
   registre  7503c5a40aefcf7a  journal/m2_run_delta92_temoin.log
   registre  a1b97554adf19cde  journal/m2_run_delta92_alpha.log
   registre  9f5cbd763fbcc0ee  journal/lot_fb456f007eab7c61__resultats_temoin.json
   registre  5a1032b29d3f03c7  journal/lot_fb456f007eab7c61__resultats_alpha.json
   registre  6e4d2afc73a6bc6d  journal/lot_fb456f007eab7c61__MANIFEST.sha256
   registre  81ee9c622716ff67  journal/canon_81ee9c622716ff67__lot_fb456f007eab7c61__MANIFEST.sha256
   registre  d52e40dc52fd52e1  journal/m2_lecture_v9_predictions_delta92.log
   registre  4a880c934f8aacd2  journal/m2_lecture_v9_predictions_delta92.json
   registre  240836e9c5c0f1d3  journal/m2_repetition_predictions_sur_91.log
   registre  af86e5b281d037e9  journal/MANIFEST_lot_machine1_certification_run_delta92_v1.txt
   registre  990039aac7497586  journal/note_machine1_certification_run_delta92_v1.md
   registre  63b775988765c71c  journal/m1_run_delta92_temoin.log
   registre  93010e493b614b67  journal/m1_run_delta92_alpha.log
   registre  6c931574d30f50c8  journal/lot_af86e5b281d037e9__resultats_temoin.json
   registre  541252658a7af032  journal/lot_af86e5b281d037e9__resultats_alpha.json
   registre  80feccfeac6b767f  journal/m1_lecture_v9_predictions_delta92.log
   registre  af295b8a660d33e8  journal/m1_lecture_v9_predictions_delta92.json
   registre  abe4c268551f0235  journal/cause_7_1p73_1p20_machine1_v1.py
   registre  399e6664cfe27182  journal/cause_7_1p73_1p20_machine1_v1.log
   registre  5af3647b91ee39cd  journal/cause_7_1p73_1p20_machine1_v1.json
   registre  71d410cd531d06ab  journal/MANIFEST_lot_machine2_contreseing_erratum_proj4_v1.txt
   registre  b87f7a97f6477449  journal/MANIFEST_lot_machine1_gel_v8_banc_v14_v1.txt
   registre  1f1d56d351e352dc  journal/MANIFEST_lot_machine1_gel_v9_banc_v15_v1.txt
  [PASSE] toute empreinte citee resout par canon (registre, poste, o 73 au registre, 0 au poste, 0 zip, 0 valeurs

3. LES LOTS CITES ENTRENT AVEC LEURS PIECES DE TABLE
  [PASSE] 0 lots cites a deposer, chacun au compte de table declare  0 faux compte
  [PASSE] aucune piece de table ne s ecarte de son manifeste         0 ecart
  [PASSE] aucune piece de table n est introuvable a cote de son mani 0 introuvable
  [PASSE] aucune piece retenue n est deja au registre par canon      0 retenues

4. LE MANIFESTE DE DEPOT -- DERIVE, JAMAIS ECRIT A LA MAIN
  [ note] series volet alpha                                         MANIFEST.sha256 absent : aucune serie ajoutee
  [ note] series volet temoin                                        MANIFEST.sha256 absent : aucune serie ajoutee
  [PASSE] chaque piece des volets du run est au sha256 de son propre 0 vue(s), 0 en ecart : aucune
  [ note] series du run ajoutees une a une (decision operateur, acte 0 sur 0 pieces de volet ; les autres etaient deja au depot par leur lot
  [MORD ] aucun chemin cible en double ni deja au registre           2 chemins cibles
  [PASSE] aucun doublon de canon dans le depot                       2 pieces
  [PASSE] toute collision resolue porte le prefixe de son LOT (aucun 0 prefixes
  [PASSE] les .md/.py/.txt deposes sont B == brut (ASCII/LF)         2 pieces texte
  [PASSE] le manifeste relu porte autant de lignes que de pieces     2 lignes, 2 pieces
  [PASSE] chaque source du manifeste resout encore au canon ecrit    0 ecart
  [PASSE] le manifeste declare son compte, egal aux lignes           pieces : 2
  [PASSE] le manifeste est ASCII                                     7588 octets

=====================================================================
BILAN PERIMETRE : 17/19 controles PASSENT
73 empreintes citees : 73 au registre, 0 au poste, 0 zip, 0 valeurs, 0 non resolues
DEPOT : 2 pieces (journal 2) ; manifeste MANIFEST_DEPOT_delta92_machine2_v1.txt e6234c7c28bc95e6
=====================================================================
