
1. LES CITATIONS DE L ACTE, ET LES DEUX INDEX PAR CANON
  [ note] acte                                                       journal_delta_91_constante_A_run_v2.md (version 2)
  [PASSE] l acte est ASCII pur, LF, newline final                    26246 octets
  [PASSE] l acte cite des empreintes (compte etabli apres extraction 26 jetons distincts de 16 hex
  [PASSE] chaque VALEUR declaree est bien citee par l acte           
  [PASSE] chaque lot de TRANSPORT declare est bien cite par l acte   
  [MORD ] releve : HEAD 729f9a9, plafond 91, aucun fichier delta_91  788 fichiers suivis
  [ note] index du poste                                             517 canons distincts (B et brut), 440 noms de table
  [ note] balayage : tout BOCAL4 hors .git et __pycache__ ; exclues, MANIFEST_DEPOT_delta91_machine2_v2.txt, perimetre_depot_delta91_machine2_v1.log

2. RESOLUTION DE CHAQUE CITATION -- AU REGISTRE, AU POSTE, OU NULLE PART
   registre  f1e3530df9b0958c  journal/journal_delta_nn_constante_A_run_v1.md
   registre  1bf1f044210cd2b0  journal/note_machine1_certification_delta91_v1.md
   registre  00e6fa4807fea24f  journal/MANIFEST_lot_machine1_certification_delta91_v1.txt
   registre  11f86226cf4aa612  journal/journal_delta_90_constante_A_v2.md
   registre  c8ed357b120352c4  scripts/m9_replication_v1.py
   registre  847bb3bb2dd19f87  gels/constante_A_pre_enregistrement_v6.md
   registre  a2b8463372e1f906  gels/constante_A_pre_enregistrement_v7.md
   registre  4d8882a2223a5c74  scripts/banc_qualification_machine1_v8.py
   registre  9b3ec0b0c4978158  scripts/banc_qualification_machine1_v9.py
   registre  f65eccbfcdea91c1  scripts/banc_qualification_machine1_v10.py
   registre  a9f3fa1d639107d2  scripts/banc_qualification_machine1_v11.py
   registre  2c4345515bb02325  scripts/banc_qualification_machine1_v12.py
   registre  1ac295648490a86c  scripts/banc_qualification_machine1_v13.py
   registre  a2e7ef3e237c5acf  gels/temoin_negatif_pre_enregistrement_v11.md
   registre  13601ef21efdc024  journal/erratum_temoin_v11_clause_7i_tolerance_v1.md
   registre  bbd23a2ee3421da4  journal/enumeration_cles_prevol_N70_machine2_v3.md
   registre  c4310e33da6b9759  journal/depot_9bis_temoin_v1.json
   registre  6d7d23130e9322f8  runs/run_alpha_delta85/resultats_alpha.json
   registre  644240dc894c2733  runs/run_temoin_delta85/resultats_temoin.json
   registre  435302fae671f4f8  journal/MANIFEST_lot_machine2_reglage_v6_v1.txt
   registre  f65529ea706a60d2  journal/MANIFEST_lot_machine2_gel_v7_banc_v10_v1.txt
   registre  41208ad7ac1293cc  journal/MANIFEST_lot_machine2_run_delta91_v1.txt
   registre  e0dce16570a048cc  journal/MANIFEST_lot_machine1_gel_v6_banc_v9_v1.txt
   registre  18e4fad746ece324  journal/MANIFEST_lot_machine1_contreseing_v7_certification_v10_v1.txt
   registre  ddf2070bece83d93  journal/MANIFEST_lot_machine1_certification_v11_v12_v13_run_delta91_v1.txt
   registre  5baebae5a0ad22c5  journal/MANIFEST_lot_machine1_releve_cloture_delta90_v1.txt
  [PASSE] toute empreinte citee resout par canon (registre, poste, o 26 au registre, 0 au poste, 0 zip, 0 valeurs

3. LES LOTS CITES ENTRENT AVEC LEURS PIECES DE TABLE
  [PASSE] 0 lots cites a deposer, chacun au compte de table declare  0 faux compte
  [PASSE] aucune piece de table ne s ecarte de son manifeste         0 ecart
  [PASSE] aucune piece de table n est introuvable a cote de son mani 0 introuvable
  [PASSE] aucune piece retenue n est deja au registre par canon      0 retenues

4. LE MANIFESTE DE DEPOT -- DERIVE, JAMAIS ECRIT A LA MAIN
  [MORD ] aucun chemin cible en double ni deja au registre           3 chemins cibles
  [PASSE] aucun doublon de canon dans le depot                       3 pieces
  [PASSE] toute collision resolue porte le prefixe de son LOT (aucun 0 prefixes
  [PASSE] les .md/.py/.txt deposes sont B == brut (ASCII/LF)         3 pieces texte
  [PASSE] le manifeste relu porte autant de lignes que de pieces     3 lignes, 3 pieces
  [PASSE] chaque source du manifeste resout encore au canon ecrit    0 ecart
  [PASSE] le manifeste declare son compte, egal aux lignes           pieces : 3
  [PASSE] le manifeste est ASCII                                     4253 octets

=====================================================================
BILAN PERIMETRE : 16/18 controles PASSENT
26 empreintes citees : 26 au registre, 0 au poste, 0 zip, 0 valeurs, 0 non resolues
DEPOT : 3 pieces (journal 3) ; manifeste MANIFEST_DEPOT_delta91_machine2_v2.txt f10037378d03df8e
=====================================================================
