========================================================================================
RELECTURE DES NOMBRES DE MA REPONSE GLOBALE
========================================================================================

[1] LE TEMOIN ET LES TROIS ufuncs
  [OK  ] le temoin rend ...9c6 par le tableau ET par Python       
  [OK  ] son noyau est cite a ...9c5                              
  [OK  ] les trois pourcentages de ma table sont ceux du log      {'x ** 6': '0.05', 'exp': '0.48', 'arctan2': '0.10'}
  [OK  ] et les trois sont sous 0.5 pour cent                     
  [OK  ] sa colonne avec noyau : 4.92 citee                       
  [OK  ] sa colonne avec noyau : 4.56 citee                       
  [OK  ] sa colonne avec noyau : 5.92 citee                       

[2] LES DEUX MODES DU v2
  [OK  ] contre SON JSON : verdict CAUSE CHEZ L'AUTRE             
  [OK  ] contre MON rejeu : verdict COMPARAISON DEGENEREE         
  [OK  ] le motif [F,F,F,T] est bien celui du log                 
  [OK  ] et les flots differents sont [0, 1, 2]                   
  [OK  ] le temoin est porte par la ligne PLATEFORME des deux run 

[3] LA TENAILLE
  [OK  ] 12 controles, 0 mordent                                  BILAN : 12 controles, 0 mordent
  [OK  ] INF = max(borne(R_MOI, True).values()) est cite tel quel 
  [OK  ] borne citee : 1.286644e-05                               
  [OK  ] borne citee : 1.427723e-05                               
  [OK  ] borne citee : 1.659726e-05                               
  [OK  ] les quatre lignes de R_ELLE sont citees (42, 89, 100, 11 
  [OK  ] la carte : m=2 kT=1 rend x1.0415                         
  [OK  ] le plateau 1.26-1.46 dans b = 1.15-1.74                  
  [OK  ] la fenetre vaut 4 pour cent et l'ecart 11 pour cent      

[4] LA SURFACE
  [OK  ] au log : 34 .log deposes                                 
  [OK  ] au log : 1 nomme numpy                                   
  [OK  ] au log : 0 nomment python                                
  [OK  ] au log : 0 nomment un dispatch                           
  [OK  ] au log : 91 scripts                                      
  [OK  ] au log : 27 de sa plume                                  
  [OK  ] au log : 49 sans plume                                   
  [OK  ] au log : m1 3 chargent le moteur                         
  [OK  ] cite dans ma note : 34                                   
  [OK  ] cite dans ma note : 91                                   
  [OK  ] cite dans ma note : 27                                   
  [OK  ] cite dans ma note : 49                                   
  [OK  ] cite dans ma note : 6.4e13                               
  [OK  ] cite dans ma note : 1.41e-2                              
  [OK  ] cite dans ma note : 5.9e7                                
  [OK  ] les trois versions du banc sont nommees                  

[5] LES EMPREINTES ET LES CANONS
  [OK  ] canon de son lot = 5ea2fa8d7457a125                      
  [OK  ] enveloppe 4543b199330a4fb7                               4543b199330a4fb7
  [OK  ] d5ace962a3a6e413 est AU POSTE, comme je l'ecris          lu d5ace962a3a6e413
  [OK  ] 13d2973b0e143a20 est AU POSTE, comme je l'ecris          lu 13d2973b0e143a20
  [OK  ] cite : a4c35a2ee691c9a7                                  
  [OK  ] cite : ca9b3bb13a20e7c3                                  
  [OK  ] cite : c8d86e5e                                          
  [OK  ] cite : ed09e29e                                          

[6] LA PAIRE INTERVERTIE DE SA SECTION 6, CITEE EXACTEMENT
  [OK  ] sa section 6 dit bien 'contre mon JSON c8d86e5e (attendu 
  [OK  ] or contre SON json mon poste rend CAUSE CHEZ L'AUTRE     
  [OK  ] et contre MON rejeu il rend COMPARAISON DEGENEREE        

========================================================================================
BILAN : 48 controles, 0 mordent
========================================================================================
