
1. LA PIECE -- AUTHENTIFIEE CONTRE LE GEL COURANT, PAS CONTRE SA PAROLE
  [PASSE] le 28b resout a b6d13e6a1559e850                       b6d13e6a1559e850
  [PASSE] il fait 5639 octets, ASCII, LF, newline final          5639 octets, 0 CR
  [PASSE] brut == convention B (le fichier est LF)               b6d13e6a1559e850
  [PASSE] et cette empreinte est CELLE QUE LE GEL COURANT ANNONC constante_A_pre_enregistrement_v5.md
  [PASSE] sa section 2 porte bien le fait de forme de (v)        numerotation proposee : E18

2. SA SECTION 2, VERIFIEE AU POSTE -- LES DEUX CAPTURES DU DELTA 85
  [PASSE] m2_run_temoin_reel.log octets CRLF                     91 CR
  [PASSE] m2_run_temoin_reel.log sha256 brut == son annonce      3833ba551a390945
  [PASSE] m2_run_temoin_reel.log CRLF->LF reproduit la citation  10a7ce5688f515d5
  [PASSE] m2_run_temoin_reel.log et le brut NE la reproduit PAS  c est tout le fait de forme
  [PASSE] m2_run_alpha_reel.log  octets CRLF                     154 CR
  [PASSE] m2_run_alpha_reel.log  sha256 brut == son annonce      717b61caa5921aaa
  [PASSE] m2_run_alpha_reel.log  CRLF->LF reproduit la citation  0e7e56006d2e200a
  [PASSE] m2_run_alpha_reel.log  et le brut NE la reproduit PAS  c est tout le fait de forme

3. SA QUESTION DE CLAUSE -- REPONDUE AU TEXTE, PAS DEPUIS LA MEMOIRE
  [PASSE] des textes portent bien la convention B                294 textes sur 771 .md
  [PASSE] AUCUN ne porte la clause de declaration CRLF -> LF     0 texte
  [PASSE] donc la regle d ecriture N EST PAS ACQUISE             quatrieme candidate sous (X), revue 28/09

4. LA PRATIQUE EST DEJA (b) -- ET LA FAUTE A DEJA ETE PAYEE UNE FOIS
  [PASSE] mon propre manifeste porte DEUX empreintes et DEUX tai convention (b) en pratique
  [PASSE] le 28b lui-meme cite ses captures sous les deux formes section 5 du 28b
  [PASSE] PRECEDENT : la meme faute est deja consignee au lot P- un manifeste disait "convention B" pour du brut

=====================================================================
BILAN : 19/19 controles PASSENT
(v) EST TRANCHABLE : objet = section 2 du 28b, VERIFIE au chiffre.
La lecture (b) est la PRATIQUE des deux machines ; le TEXTE ne la porte pas.
=====================================================================
