==========================================================================
CONTRESIGNATURE E33..E36 -- RE-EXTRACTION INDEPENDANTE, MACHINE 2
==========================================================================

1. CUSTODY
   acte source  journal_delta_80_acte_M17_v2.md  a2b80c149d6a05bc  18049 o
   attendu par le delta 81 : a2b80c149d6a05bc, 18049 o -> CONFORME
   brouillon 81 53b3485b3e66715e  6299 o

2. SPANS DERIVES PAR STRUCTURE (regle 12), NON LUS DU LOG DE MACHINE 1
   ancre d'ouverture : une ligne dont le contenu commence par le mot-cle
   a l'indentation de section ; fermeture : la premiere ligne suivante
   qui ouvre un autre mot-cle de meme rang.
   ancres de section trouvees : E33 l.44, E34 l.54, E35 l.84, E36 l.103

3. LES CINQ BLOCS -- SPAN DERIVE, OCTETS, EMPREINTE
   bloc              derive      declare     o     empreinte derivee  verdict
   E33               l.45-46     l.45-46     114   076e110c6a0a53c7  CONCORDE
   E34_texte         l.55-62     l.55-62     477   cbf046e533c2c94d  CONCORDE
   E34_amendement    l.74-76     l.74-76     203   5b16b328a1e843fd  CONCORDE
   E35               l.85-92     l.85-92     519   febc6ef278392136  CONCORDE
   E36               l.104-107   l.104-107   254   6d808620ab1df171  CONCORDE

   comptes : 5 blocs extraits + 0 introuvables == 5 ancres
   les cinq empreintes de machine 1 sont-elles retrouvees ? OUI, les cinq

4. LE DEFAUT DECLARE PAR MACHINE 1 -- LES QUATRE LIGNES ECHOUEES
   span derive : l.77-80, 266 o, empreinte 151063c2614891f9
   declare au log machine 1 : l.77-80, 266 o, 151063c2614891f9
   -> CONCORDE : le defaut existe et il est exactement decrit
   premiere ligne : Regle M15 au fondement : verifier la DIRECTION d'une perturb
   derniere ligne : lettre tuait la manche sur une quantite qui ne decide rien.
   ces quatre lignes sont-elles DANS un bloc signe ? non -- aucun span de bloc ne les couvre

5. TEST NEGATIF -- une mutation d'un caractere change-t-elle EXACTEMENT
   une empreinte ?
   mutation dans E33               -> 1/5 empreintes changees : MORD
   mutation dans E34_amendement    -> 1/5 empreintes changees : MORD

6. LES CINQ EMPREINTES SONT-ELLES CELLES QUE LE BROUILLON 81 AFFICHE ?
   E33               076e110c6a0a53c7 present dans le delta 81 : True
   E34_texte         cbf046e533c2c94d present dans le delta 81 : True
   E34_amendement    5b16b328a1e843fd present dans le delta 81 : True
   E35               febc6ef278392136 present dans le delta 81 : True
   E36               6d808620ab1df171 present dans le delta 81 : True
   le delta 81 cite l'acte par son empreinte : True
   emplacements de signature vides (a remplir) : 5

LOG RELU DU DISQUE : contresignature_e33_e36_machine2_v1.log  57e7de60febe786d  2658 o
